Archive member included to satisfy reference by file (symbol)

/home/ilian/opt/gcc-arm-none-eabi-9-2020-q2-update/bin/../lib/gcc/arm-none-eabi/9.3.1/../../../../arm-none-eabi/lib/thumb/v7e-m+fp/hard/libc_nano.a(lib_a-errno.o)
                              build/syscalls.o (__errno)
/home/ilian/opt/gcc-arm-none-eabi-9-2020-q2-update/bin/../lib/gcc/arm-none-eabi/9.3.1/../../../../arm-none-eabi/lib/thumb/v7e-m+fp/hard/libc_nano.a(lib_a-exit.o)
                              /home/ilian/opt/gcc-arm-none-eabi-9-2020-q2-update/bin/../lib/gcc/arm-none-eabi/9.3.1/../../../../arm-none-eabi/lib/thumb/v7e-m+fp/hard/crt0.o (exit)
/home/ilian/opt/gcc-arm-none-eabi-9-2020-q2-update/bin/../lib/gcc/arm-none-eabi/9.3.1/../../../../arm-none-eabi/lib/thumb/v7e-m+fp/hard/libc_nano.a(lib_a-impure.o)
                              /home/ilian/opt/gcc-arm-none-eabi-9-2020-q2-update/bin/../lib/gcc/arm-none-eabi/9.3.1/../../../../arm-none-eabi/lib/thumb/v7e-m+fp/hard/libc_nano.a(lib_a-exit.o) (_global_impure_ptr)
/home/ilian/opt/gcc-arm-none-eabi-9-2020-q2-update/bin/../lib/gcc/arm-none-eabi/9.3.1/../../../../arm-none-eabi/lib/thumb/v7e-m+fp/hard/libc_nano.a(lib_a-init.o)
                              /home/ilian/opt/gcc-arm-none-eabi-9-2020-q2-update/bin/../lib/gcc/arm-none-eabi/9.3.1/../../../../arm-none-eabi/lib/thumb/v7e-m+fp/hard/crt0.o (__libc_init_array)
/home/ilian/opt/gcc-arm-none-eabi-9-2020-q2-update/bin/../lib/gcc/arm-none-eabi/9.3.1/../../../../arm-none-eabi/lib/thumb/v7e-m+fp/hard/libc_nano.a(lib_a-memcmp.o)
                              build/main.o (memcmp)
/home/ilian/opt/gcc-arm-none-eabi-9-2020-q2-update/bin/../lib/gcc/arm-none-eabi/9.3.1/../../../../arm-none-eabi/lib/thumb/v7e-m+fp/hard/libc_nano.a(lib_a-memset.o)
                              /home/ilian/opt/gcc-arm-none-eabi-9-2020-q2-update/bin/../lib/gcc/arm-none-eabi/9.3.1/../../../../arm-none-eabi/lib/thumb/v7e-m+fp/hard/crt0.o (memset)
/home/ilian/opt/gcc-arm-none-eabi-9-2020-q2-update/bin/../lib/gcc/arm-none-eabi/9.3.1/../../../../arm-none-eabi/lib/thumb/v7e-m+fp/hard/libc_nano.a(lib_a-nano-vfprintf_float.o)
                              (_printf_float)
/home/ilian/opt/gcc-arm-none-eabi-9-2020-q2-update/bin/../lib/gcc/arm-none-eabi/9.3.1/../../../../arm-none-eabi/lib/thumb/v7e-m+fp/hard/libc_nano.a(lib_a-nano-vfprintf_i.o)
                              /home/ilian/opt/gcc-arm-none-eabi-9-2020-q2-update/bin/../lib/gcc/arm-none-eabi/9.3.1/../../../../arm-none-eabi/lib/thumb/v7e-m+fp/hard/libc_nano.a(lib_a-nano-vfprintf_float.o) (_printf_common)
/home/ilian/opt/gcc-arm-none-eabi-9-2020-q2-update/bin/../lib/gcc/arm-none-eabi/9.3.1/../../../../arm-none-eabi/lib/thumb/v7e-m+fp/hard/libc_nano.a(lib_a-printf.o)
                              build/main.o (printf)
/home/ilian/opt/gcc-arm-none-eabi-9-2020-q2-update/bin/../lib/gcc/arm-none-eabi/9.3.1/../../../../arm-none-eabi/lib/thumb/v7e-m+fp/hard/libc_nano.a(lib_a-puts.o)
                              build/main.o (puts)
/home/ilian/opt/gcc-arm-none-eabi-9-2020-q2-update/bin/../lib/gcc/arm-none-eabi/9.3.1/../../../../arm-none-eabi/lib/thumb/v7e-m+fp/hard/libc_nano.a(lib_a-strlen.o)
                              /home/ilian/opt/gcc-arm-none-eabi-9-2020-q2-update/bin/../lib/gcc/arm-none-eabi/9.3.1/../../../../arm-none-eabi/lib/thumb/v7e-m+fp/hard/libc_nano.a(lib_a-nano-vfprintf_float.o) (strlen)
/home/ilian/opt/gcc-arm-none-eabi-9-2020-q2-update/bin/../lib/gcc/arm-none-eabi/9.3.1/../../../../arm-none-eabi/lib/thumb/v7e-m+fp/hard/libc_nano.a(lib_a-wbuf.o)
                              /home/ilian/opt/gcc-arm-none-eabi-9-2020-q2-update/bin/../lib/gcc/arm-none-eabi/9.3.1/../../../../arm-none-eabi/lib/thumb/v7e-m+fp/hard/libc_nano.a(lib_a-puts.o) (__swbuf_r)
/home/ilian/opt/gcc-arm-none-eabi-9-2020-q2-update/bin/../lib/gcc/arm-none-eabi/9.3.1/../../../../arm-none-eabi/lib/thumb/v7e-m+fp/hard/libc_nano.a(lib_a-wsetup.o)
                              /home/ilian/opt/gcc-arm-none-eabi-9-2020-q2-update/bin/../lib/gcc/arm-none-eabi/9.3.1/../../../../arm-none-eabi/lib/thumb/v7e-m+fp/hard/libc_nano.a(lib_a-puts.o) (__swsetup_r)
/home/ilian/opt/gcc-arm-none-eabi-9-2020-q2-update/bin/../lib/gcc/arm-none-eabi/9.3.1/../../../../arm-none-eabi/lib/thumb/v7e-m+fp/hard/libc_nano.a(lib_a-dtoa.o)
                              /home/ilian/opt/gcc-arm-none-eabi-9-2020-q2-update/bin/../lib/gcc/arm-none-eabi/9.3.1/../../../../arm-none-eabi/lib/thumb/v7e-m+fp/hard/libc_nano.a(lib_a-nano-vfprintf_float.o) (_dtoa_r)
/home/ilian/opt/gcc-arm-none-eabi-9-2020-q2-update/bin/../lib/gcc/arm-none-eabi/9.3.1/../../../../arm-none-eabi/lib/thumb/v7e-m+fp/hard/libc_nano.a(lib_a-fflush.o)
                              /home/ilian/opt/gcc-arm-none-eabi-9-2020-q2-update/bin/../lib/gcc/arm-none-eabi/9.3.1/../../../../arm-none-eabi/lib/thumb/v7e-m+fp/hard/libc_nano.a(lib_a-wbuf.o) (_fflush_r)
/home/ilian/opt/gcc-arm-none-eabi-9-2020-q2-update/bin/../lib/gcc/arm-none-eabi/9.3.1/../../../../arm-none-eabi/lib/thumb/v7e-m+fp/hard/libc_nano.a(lib_a-findfp.o)
[...]
Memory Configuration

Name             Origin             Length             Attributes
RAM              0x0000000020000000 0x0000000000010000 xrw
FLASH            0x0000000008000000 0x0000000000040000 xr
*default*        0x0000000000000000 0xffffffffffffffff

Linker script and memory map

LOAD /home/ilian/opt/gcc-arm-none-eabi-9-2020-q2-update/bin/../lib/gcc/arm-none-eabi/9.3.1/thumb/v7e-m+fp/hard/crti.o
LOAD /home/ilian/opt/gcc-arm-none-eabi-9-2020-q2-update/bin/../lib/gcc/arm-none-eabi/9.3.1/thumb/v7e-m+fp/hard/crtbegin.o
LOAD /home/ilian/opt/gcc-arm-none-eabi-9-2020-q2-update/bin/../lib/gcc/arm-none-eabi/9.3.1/../../../../arm-none-eabi/lib/thumb/v7e-m+fp/hard/crt0.o
LOAD build/main.o
LOAD build/usb_device.o
LOAD build/usbd_conf.o
LOAD build/usbd_desc.o
LOAD build/usbd_cdc_if.o
LOAD build/stm32l4xx_it.o
LOAD build/stm32l4xx_hal_msp.o
LOAD build/stm32l4xx_hal_pcd.o
LOAD build/stm32l4xx_hal_pcd_ex.o
LOAD build/stm32l4xx_ll_usb.o
LOAD build/stm32l4xx_hal_tim.o
LOAD build/stm32l4xx_hal_tim_ex.o
LOAD build/stm32l4xx_hal.o
LOAD build/stm32l4xx_hal_i2c.o
LOAD build/stm32l4xx_hal_i2c_ex.o
LOAD build/stm32l4xx_hal_rcc.o
LOAD build/stm32l4xx_hal_rcc_ex.o
LOAD build/stm32l4xx_hal_flash.o
LOAD build/stm32l4xx_hal_flash_ex.o
LOAD build/stm32l4xx_hal_flash_ramfunc.o
LOAD build/stm32l4xx_hal_gpio.o
LOAD build/stm32l4xx_hal_dma.o
LOAD build/stm32l4xx_hal_dma_ex.o
LOAD build/stm32l4xx_hal_spi.o
LOAD build/stm32l4xx_hal_spi_ex.o
LOAD build/stm32l4xx_hal_pwr.o
LOAD build/stm32l4xx_hal_pwr_ex.o
LOAD build/stm32l4xx_hal_cortex.o
LOAD build/stm32l4xx_hal_exti.o
LOAD build/system_stm32l4xx.o
LOAD build/usbd_core.o
LOAD build/usbd_ctlreq.o
LOAD build/usbd_ioreq.o
LOAD build/usbd_cdc.o
LOAD build/deca_device.o
LOAD build/deca_params_init.o
LOAD build/deca_mutex.o
LOAD build/deca_range_tables.o
LOAD build/deca_sleep.o
LOAD build/deca_spi.o
LOAD build/port.o
LOAD build/syscalls.o
LOAD build/startup_stm32l433xx.o
LOAD /home/ilian/opt/gcc-arm-none-eabi-9-2020-q2-update/bin/../lib/gcc/arm-none-eabi/9.3.1/../../../../arm-none-eabi/lib/thumb/v7e-m+fp/hard/libc_nano.a
LOAD /home/ilian/opt/gcc-arm-none-eabi-9-2020-q2-update/bin/../lib/gcc/arm-none-eabi/9.3.1/../../../../arm-none-eabi/lib/thumb/v7e-m+fp/hard/libm.a
LOAD /home/ilian/opt/gcc-arm-none-eabi-9-2020-q2-update/bin/../lib/gcc/arm-none-eabi/9.3.1/../../../../arm-none-eabi/lib/thumb/v7e-m+fp/hard/libnosys.a
START GROUP
LOAD /home/ilian/opt/gcc-arm-none-eabi-9-2020-q2-update/bin/../lib/gcc/arm-none-eabi/9.3.1/thumb/v7e-m+fp/hard/libgcc.a
LOAD /home/ilian/opt/gcc-arm-none-eabi-9-2020-q2-update/bin/../lib/gcc/arm-none-eabi/9.3.1/../../../../arm-none-eabi/lib/thumb/v7e-m+fp/hard/libc_nano.a
END GROUP
START GROUP
LOAD /home/ilian/opt/gcc-arm-none-eabi-9-2020-q2-update/bin/../lib/gcc/arm-none-eabi/9.3.1/thumb/v7e-m+fp/hard/libgcc.a
LOAD /home/ilian/opt/gcc-arm-none-eabi-9-2020-q2-update/bin/../lib/gcc/arm-none-eabi/9.3.1/../../../../arm-none-eabi/lib/thumb/v7e-m+fp/hard/libc_nano.a
END GROUP
LOAD /home/ilian/opt/gcc-arm-none-eabi-9-2020-q2-update/bin/../lib/gcc/arm-none-eabi/9.3.1/thumb/v7e-m+fp/hard/crtend.o
LOAD /home/ilian/opt/gcc-arm-none-eabi-9-2020-q2-update/bin/../lib/gcc/arm-none-eabi/9.3.1/thumb/v7e-m+fp/hard/crtn.o
                0x0000000020010000                _estack = 0x20010000
                0x0000000000000200                _Min_Heap_Size = 0x200
                0x0000000000000400                _Min_Stack_Size = 0x400

.isr_vector     0x0000000008000000      0x190
                0x0000000008000000                . = ALIGN (0x8)
 *(.isr_vector)
 .isr_vector    0x0000000008000000      0x18c build/startup_stm32l433xx.o
                0x0000000008000000                g_pfnVectors
                0x0000000008000190                . = ALIGN (0x8)
 *fill*         0x000000000800018c        0x4 

.text           0x0000000008000190     0xd0d8
                0x0000000008000190                . = ALIGN (0x8)
 *(.text)
 .text          0x0000000008000190       0x40 /home/ilian/opt/gcc-arm-none-eabi-9-2020-q2-update/bin/../lib/gcc/arm-none-eabi/9.3.1/thumb/v7e-m+fp/hard/crtbegin.o
 .text          0x00000000080001d0       0x10 /home/ilian/opt/gcc-arm-none-eabi-9-2020-q2-update/bin/../lib/gcc/arm-none-eabi/9.3.1/../../../../arm-none-eabi/lib/thumb/v7e-m+fp/hard/libc_nano.a(lib_a-strlen.o)
                0x00000000080001d0                strlen
 .text          0x00000000080001e0       0xa0 /home/ilian/opt/gcc-arm-none-eabi-9-2020-q2-update/bin/../lib/gcc/arm-none-eabi/9.3.1/../../../../arm-none-eabi/lib/thumb/v7e-m+fp/hard/libc_nano.a(lib_a-memchr.o)
                0x00000000080001e0                memchr
 .text          0x0000000008000280      0x378 /home/ilian/opt/gcc-arm-none-eabi-9-2020-q2-update/bin/../lib/gcc/arm-none-eabi/9.3.1/thumb/v7e-m+fp/hard/libgcc.a(_arm_addsubdf3.o)
                0x0000000008000280                __aeabi_drsub
                0x0000000008000288                __aeabi_dsub
                0x0000000008000288                __subdf3
                0x000000000800028c                __adddf3
                0x000000000800028c                __aeabi_dadd
                0x0000000008000504                __aeabi_ui2d
                0x0000000008000504                __floatunsidf
                0x0000000008000524                __floatsidf
                0x0000000008000524                __aeabi_i2d
                0x0000000008000548                __extendsfdf2
                0x0000000008000548                __aeabi_f2d
                0x000000000800058c                __aeabi_ul2d
                0x000000000800058c                __floatundidf
                0x000000000800059c                __floatdidf
                0x000000000800059c                __aeabi_l2d
 .text          0x00000000080005f8      0x424 /home/ilian/opt/gcc-arm-none-eabi-9-2020-q2-update/bin/../lib/gcc/arm-none-eabi/9.3.1/thumb/v7e-m+fp/hard/libgcc.a(_arm_muldivdf3.o)
                0x00000000080005f8                __aeabi_dmul
                0x00000000080005f8                __muldf3
                0x000000000800084c                __aeabi_ddiv
                0x000000000800084c                __divdf3
 .text          0x0000000008000a1c      0x110 /home/ilian/opt/gcc-arm-none-eabi-9-2020-q2-update/bin/../lib/gcc/arm-none-eabi/9.3.1/thumb/v7e-m+fp/hard/libgcc.a(_arm_cmpdf2.o)
                0x0000000008000a1c                __gtdf2
                0x0000000008000a1c                __gedf2
                0x0000000008000a24                __ltdf2
                0x0000000008000a24                __ledf2
                0x0000000008000a2c                __cmpdf2
                0x0000000008000a2c                __eqdf2
                0x0000000008000a2c                __nedf2
                0x0000000008000aa8                __aeabi_cdrcmple
                0x0000000008000ab8                __aeabi_cdcmple
                0x0000000008000ab8                __aeabi_cdcmpeq
                0x0000000008000ac8                __aeabi_dcmpeq
                0x0000000008000adc                __aeabi_dcmplt
                0x0000000008000af0                __aeabi_dcmple
                0x0000000008000b04                __aeabi_dcmpge
                0x0000000008000b18                __aeabi_dcmpgt
 .text          0x0000000008000b2c       0x2c /home/ilian/opt/gcc-arm-none-eabi-9-2020-q2-update/bin/../lib/gcc/arm-none-eabi/9.3.1/thumb/v7e-m+fp/hard/libgcc.a(_arm_unorddf2.o)
                0x0000000008000b2c                __aeabi_dcmpun
                0x0000000008000b2c                __unorddf2
 .text          0x0000000008000b58       0x50 /home/ilian/opt/gcc-arm-none-eabi-9-2020-q2-update/bin/../lib/gcc/arm-none-eabi/9.3.1/thumb/v7e-m+fp/hard/libgcc.a(_arm_fixdfsi.o)
                0x0000000008000b58                __fixdfsi
                0x0000000008000b58                __aeabi_d2iz
 .text          0x0000000008000ba8       0x40 /home/ilian/opt/gcc-arm-none-eabi-9-2020-q2-update/bin/../lib/gcc/arm-none-eabi/9.3.1/thumb/v7e-m+fp/hard/libgcc.a(_arm_fixunsdfsi.o)
                0x0000000008000ba8                __fixunsdfsi
                0x0000000008000ba8                __aeabi_d2uiz
 .text          0x0000000008000be8       0x30 /home/ilian/opt/gcc-arm-none-eabi-9-2020-q2-update/bin/../lib/gcc/arm-none-eabi/9.3.1/thumb/v7e-m+fp/hard/libgcc.a(_fixdfdi.o)
                0x0000000008000be8                __aeabi_d2lz
                0x0000000008000be8                __fixdfdi
 .text          0x0000000008000c18       0x3c /home/ilian/opt/gcc-arm-none-eabi-9-2020-q2-update/bin/../lib/gcc/arm-none-eabi/9.3.1/thumb/v7e-m+fp/hard/libgcc.a(_fixunsdfdi.o)
                0x0000000008000c18                __aeabi_d2ulz
                0x0000000008000c18                __fixunsdfdi
 *(.text*)
 .text.__io_putchar
                0x0000000008000c54       0x24 build/main.o
                0x0000000008000c54                __io_putchar
 .text.main     0x0000000008000c78      0x148 build/main.o
                0x0000000008000c78                main
 .text.SystemClock_Config
                0x0000000008000dc0       0xf8 build/main.o
                0x0000000008000dc0                SystemClock_Config
 .text.MX_SPI1_Init
                0x0000000008000eb8       0x7c build/main.o
 .text.MX_TIM2_Init
                0x0000000008000f34       0xa4 build/main.o
 .text.MX_GPIO_Init
                0x0000000008000fd8      0x134 build/main.o
 .text.MX_DWM_Init
                0x000000000800110c      0x1cc build/main.o
 .text.get_tx_timestamp_u64
                0x00000000080012d8       0x70 build/main.o
 .text.get_rx_timestamp_u64
                0x0000000008001348       0x70 build/main.o
 .text.final_msg_get_ts
                0x00000000080013b8       0x4c build/main.o
 .text.final_msg_set_ts
                0x0000000008001404       0x4e build/main.o
 .text.tx_conf_cb
                0x0000000008001452       0x14 build/main.o
 *fill*         0x0000000008001466        0x2 
 .text.rx_ok_cb
                0x0000000008001468      0x2dc build/main.o
 .text.rx_to_cb
                0x0000000008001744       0x2c build/main.o
 .text.rx_err_cb
                0x0000000008001770       0x2c build/main.o
 .text.initiator_go
                0x000000000800179c      0x2b8 build/main.o
 .text.HAL_GPIO_EXTI_Callback
                0x0000000008001a54       0x44 build/main.o
                0x0000000008001a54                HAL_GPIO_EXTI_Callback
 .text.Error_Handler
                0x0000000008001a98        0xe build/main.o
                0x0000000008001a98                Error_Handler
 *fill*         0x0000000008001aa6        0x2 
 .text.MX_USB_DEVICE_Init
                0x0000000008001aa8       0x60 build/usb_device.o
                0x0000000008001aa8                MX_USB_DEVICE_Init
 .text.HAL_PCD_MspInit
                0x0000000008001b08       0x4c build/usbd_conf.o
                0x0000000008001b08                HAL_PCD_MspInit
 .text.HAL_PCD_SetupStageCallback
                0x0000000008001b54       0x24 build/usbd_conf.o
                0x0000000008001b54                HAL_PCD_SetupStageCallback
 .text.HAL_PCD_DataOutStageCallback
                0x0000000008001b78       0x30 build/usbd_conf.o
                0x0000000008001b78                HAL_PCD_DataOutStageCallback
 .text.HAL_PCD_DataInStageCallback
                0x0000000008001ba8       0x2e build/usbd_conf.o
                0x0000000008001ba8                HAL_PCD_DataInStageCallback
 .text.HAL_PCD_SOFCallback
                0x0000000008001bd6       0x1c build/usbd_conf.o
                0x0000000008001bd6                HAL_PCD_SOFCallback
 .text.HAL_PCD_ResetCallback
                0x0000000008001bf2       0x3c build/usbd_conf.o
                0x0000000008001bf2                HAL_PCD_ResetCallback
 *fill*         0x0000000008001c2e        0x2 
 .text.HAL_PCD_SuspendCallback
                0x0000000008001c30       0x34 build/usbd_conf.o
                0x0000000008001c30                HAL_PCD_SuspendCallback
 .text.HAL_PCD_ResumeCallback
                0x0000000008001c64       0x38 build/usbd_conf.o
                0x0000000008001c64                HAL_PCD_ResumeCallback
 .text.USBD_LL_Init
                0x0000000008001c9c       0xc4 build/usbd_conf.o
                0x0000000008001c9c                USBD_LL_Init
 .text.USBD_LL_Start
                0x0000000008001d60       0x64 build/usbd_conf.o
                0x0000000008001d60                USBD_LL_Start
 .text.USBD_LL_OpenEP
                0x0000000008001dc4       0x7c build/usbd_conf.o
                0x0000000008001dc4                USBD_LL_OpenEP
 .text.USBD_LL_CloseEP
                0x0000000008001e40       0x6c build/usbd_conf.o
                0x0000000008001e40                USBD_LL_CloseEP
 .text.USBD_LL_StallEP
                0x0000000008001eac       0x6c build/usbd_conf.o
                0x0000000008001eac                USBD_LL_StallEP
 .text.USBD_LL_ClearStallEP
                0x0000000008001f18       0x6c build/usbd_conf.o
                0x0000000008001f18                USBD_LL_ClearStallEP
 .text.USBD_LL_IsStallEP
                0x0000000008001f84       0x4c build/usbd_conf.o
                0x0000000008001f84                USBD_LL_IsStallEP
 .text.USBD_LL_SetUSBAddress
                0x0000000008001fd0       0x6c build/usbd_conf.o
                0x0000000008001fd0                USBD_LL_SetUSBAddress
 .text.USBD_LL_Transmit
                0x000000000800203c       0x74 build/usbd_conf.o
                0x000000000800203c                USBD_LL_Transmit
 .text.USBD_LL_PrepareReceive
                0x00000000080020b0       0x74 build/usbd_conf.o
                0x00000000080020b0                USBD_LL_PrepareReceive
 .text.USBD_LL_GetRxDataSize
                0x0000000008002124       0x26 build/usbd_conf.o
                0x0000000008002124                USBD_LL_GetRxDataSize
 *fill*         0x000000000800214a        0x2 
 .text.HAL_PCDEx_LPM_Callback
                0x000000000800214c       0x6c build/usbd_conf.o
                0x000000000800214c                HAL_PCDEx_LPM_Callback
 .text.USBD_static_malloc
                0x00000000080021b8       0x1c build/usbd_conf.o
                0x00000000080021b8                USBD_static_malloc
 .text.USBD_static_free
                0x00000000080021d4       0x14 build/usbd_conf.o
                0x00000000080021d4                USBD_static_free
 .text.SystemClockConfig_Resume
                0x00000000080021e8        0xc build/usbd_conf.o
 .text.USBD_FS_DeviceDescriptor
                0x00000000080021f4       0x24 build/usbd_desc.o
                0x00000000080021f4                USBD_FS_DeviceDescriptor
 .text.USBD_FS_LangIDStrDescriptor
                0x0000000008002218       0x24 build/usbd_desc.o
                0x0000000008002218                USBD_FS_LangIDStrDescriptor
 .text.USBD_FS_ProductStrDescriptor
                0x000000000800223c       0x3c build/usbd_desc.o
                0x000000000800223c                USBD_FS_ProductStrDescriptor
 .text.USBD_FS_ManufacturerStrDescriptor
                0x0000000008002278       0x28 build/usbd_desc.o
                0x0000000008002278                USBD_FS_ManufacturerStrDescriptor
 .text.USBD_FS_SerialStrDescriptor
                0x00000000080022a0       0x24 build/usbd_desc.o
                0x00000000080022a0                USBD_FS_SerialStrDescriptor
 .text.USBD_FS_ConfigStrDescriptor
                0x00000000080022c4       0x3c build/usbd_desc.o
                0x00000000080022c4                USBD_FS_ConfigStrDescriptor
 .text.USBD_FS_InterfaceStrDescriptor
                0x0000000008002300       0x3c build/usbd_desc.o
                0x0000000008002300                USBD_FS_InterfaceStrDescriptor
 .text.USBD_FS_USR_BOSDescriptor
                0x000000000800233c       0x24 build/usbd_desc.o
                0x000000000800233c                USBD_FS_USR_BOSDescriptor
 .text.Get_SerialNum
                0x0000000008002360       0x58 build/usbd_desc.o
 .text.IntToUnicode
                0x00000000080023b8       0x7e build/usbd_desc.o
 *fill*         0x0000000008002436        0x2 
 .text.CDC_Init_FS
                0x0000000008002438       0x28 build/usbd_cdc_if.o
 .text.CDC_DeInit_FS
                0x0000000008002460       0x10 build/usbd_cdc_if.o
 .text.CDC_Control_FS
                0x0000000008002470       0xbc build/usbd_cdc_if.o
 .text.CDC_Receive_FS
                0x000000000800252c       0x28 build/usbd_cdc_if.o
 .text.CDC_Transmit_FS
                0x0000000008002554       0x4c build/usbd_cdc_if.o
                0x0000000008002554                CDC_Transmit_FS
 .text.NMI_Handler
                0x00000000080025a0        0xe build/stm32l4xx_it.o
                0x00000000080025a0                NMI_Handler
 .text.HardFault_Handler
                0x00000000080025ae        0x6 build/stm32l4xx_it.o
                0x00000000080025ae                HardFault_Handler
 .text.MemManage_Handler
                0x00000000080025b4        0x6 build/stm32l4xx_it.o
                0x00000000080025b4                MemManage_Handler
 .text.BusFault_Handler
                0x00000000080025ba        0x6 build/stm32l4xx_it.o
                0x00000000080025ba                BusFault_Handler
 .text.UsageFault_Handler
                0x00000000080025c0        0x6 build/stm32l4xx_it.o
                0x00000000080025c0                UsageFault_Handler
 .text.SVC_Handler
                0x00000000080025c6        0xe build/stm32l4xx_it.o
                0x00000000080025c6                SVC_Handler
 .text.DebugMon_Handler
                0x00000000080025d4        0xe build/stm32l4xx_it.o
                0x00000000080025d4                DebugMon_Handler
 .text.PendSV_Handler
                0x00000000080025e2        0xe build/stm32l4xx_it.o
                0x00000000080025e2                PendSV_Handler
 .text.SysTick_Handler
                0x00000000080025f0        0xc build/stm32l4xx_it.o
                0x00000000080025f0                SysTick_Handler
 .text.EXTI2_IRQHandler
                0x00000000080025fc        0xe build/stm32l4xx_it.o
                0x00000000080025fc                EXTI2_IRQHandler
 .text.EXTI4_IRQHandler
                0x000000000800260a        0xe build/stm32l4xx_it.o
                0x000000000800260a                EXTI4_IRQHandler
 .text.TIM2_IRQHandler
                0x0000000008002618       0x14 build/stm32l4xx_it.o
                0x0000000008002618                TIM2_IRQHandler
 .text.USB_IRQHandler
                0x000000000800262c       0x14 build/stm32l4xx_it.o
                0x000000000800262c                USB_IRQHandler
 .text.HAL_MspInit
                0x0000000008002640       0x48 build/stm32l4xx_hal_msp.o
                0x0000000008002640                HAL_MspInit
 .text.HAL_SPI_MspInit
                0x0000000008002688       0x84 build/stm32l4xx_hal_msp.o
                0x0000000008002688                HAL_SPI_MspInit
 .text.HAL_SPI_MspDeInit
                0x000000000800270c       0x38 build/stm32l4xx_hal_msp.o
                0x000000000800270c                HAL_SPI_MspDeInit
 .text.HAL_TIM_Base_MspInit
                0x0000000008002744       0x48 build/stm32l4xx_hal_msp.o
                0x0000000008002744                HAL_TIM_Base_MspInit
 .text.HAL_PCD_Init
                0x000000000800278c      0x1d0 build/stm32l4xx_hal_pcd.o
                0x000000000800278c                HAL_PCD_Init
 .text.HAL_PCD_Start
                0x000000000800295c       0x44 build/stm32l4xx_hal_pcd.o
                0x000000000800295c                HAL_PCD_Start
 .text.HAL_PCD_IRQHandler
                0x00000000080029a0      0x29c build/stm32l4xx_hal_pcd.o
                0x00000000080029a0                HAL_PCD_IRQHandler
 .text.HAL_PCD_SetAddress
                0x0000000008002c3c       0x4a build/stm32l4xx_hal_pcd.o
                0x0000000008002c3c                HAL_PCD_SetAddress
 .text.HAL_PCD_EP_Open
                0x0000000008002c86       0xc0 build/stm32l4xx_hal_pcd.o
                0x0000000008002c86                HAL_PCD_EP_Open
 .text.HAL_PCD_EP_Close
                0x0000000008002d46       0x84 build/stm32l4xx_hal_pcd.o
                0x0000000008002d46                HAL_PCD_EP_Close
 .text.HAL_PCD_EP_Receive
                0x0000000008002dca       0x74 build/stm32l4xx_hal_pcd.o
                0x0000000008002dca                HAL_PCD_EP_Receive
 .text.HAL_PCD_EP_GetRxCount
                0x0000000008002e3e       0x2a build/stm32l4xx_hal_pcd.o
                0x0000000008002e3e                HAL_PCD_EP_GetRxCount
 .text.HAL_PCD_EP_Transmit
                0x0000000008002e68       0x72 build/stm32l4xx_hal_pcd.o
                0x0000000008002e68                HAL_PCD_EP_Transmit
 .text.HAL_PCD_EP_SetStall
                0x0000000008002eda       0xb4 build/stm32l4xx_hal_pcd.o
                0x0000000008002eda                HAL_PCD_EP_SetStall
 .text.HAL_PCD_EP_ClrStall
                0x0000000008002f8e       0x9c build/stm32l4xx_hal_pcd.o
                0x0000000008002f8e                HAL_PCD_EP_ClrStall
 *fill*         0x000000000800302a        0x2 
 .text.PCD_EP_ISR_Handler
                0x000000000800302c      0x518 build/stm32l4xx_hal_pcd.o
 .text.HAL_PCDEx_PMAConfig
                0x0000000008003544       0x7a build/stm32l4xx_hal_pcd_ex.o
                0x0000000008003544                HAL_PCDEx_PMAConfig
 .text.HAL_PCDEx_ActivateLPM
                0x00000000080035be       0x54 build/stm32l4xx_hal_pcd_ex.o
                0x00000000080035be                HAL_PCDEx_ActivateLPM
 .text.USB_CoreInit
                0x0000000008003612       0x22 build/stm32l4xx_ll_usb.o
                0x0000000008003612                USB_CoreInit
 .text.USB_EnableGlobalInt
                0x0000000008003634       0x32 build/stm32l4xx_ll_usb.o
                0x0000000008003634                USB_EnableGlobalInt
 .text.USB_DisableGlobalInt
                0x0000000008003666       0x36 build/stm32l4xx_ll_usb.o
                0x0000000008003666                USB_DisableGlobalInt
 .text.USB_SetCurrentMode
                0x000000000800369c       0x1a build/stm32l4xx_ll_usb.o
                0x000000000800369c                USB_SetCurrentMode
 .text.USB_DevInit
                0x00000000080036b6       0x48 build/stm32l4xx_ll_usb.o
                0x00000000080036b6                USB_DevInit
 *fill*         0x00000000080036fe        0x2 
 .text.USB_ActivateEndpoint
                0x0000000008003700      0x5e0 build/stm32l4xx_ll_usb.o
                0x0000000008003700                USB_ActivateEndpoint
 .text.USB_DeactivateEndpoint
                0x0000000008003ce0      0x32c build/stm32l4xx_ll_usb.o
                0x0000000008003ce0                USB_DeactivateEndpoint
 .text.USB_EPStartXfer
                0x000000000800400c      0x570 build/stm32l4xx_ll_usb.o
                0x000000000800400c                USB_EPStartXfer
 .text.USB_EPSetStall
                0x000000000800457c       0x84 build/stm32l4xx_ll_usb.o
                0x000000000800457c                USB_EPSetStall
 .text.USB_EPClearStall
                0x0000000008004600      0x128 build/stm32l4xx_ll_usb.o
                0x0000000008004600                USB_EPClearStall
 .text.USB_SetDevAddress
                0x0000000008004728       0x28 build/stm32l4xx_ll_usb.o
                0x0000000008004728                USB_SetDevAddress
 .text.USB_DevConnect
                0x0000000008004750       0x2e build/stm32l4xx_ll_usb.o
                0x0000000008004750                USB_DevConnect
 .text.USB_DevDisconnect
                0x000000000800477e       0x2a build/stm32l4xx_ll_usb.o
                0x000000000800477e                USB_DevDisconnect
 .text.USB_ReadInterrupts
                0x00000000080047a8       0x20 build/stm32l4xx_ll_usb.o
                0x00000000080047a8                USB_ReadInterrupts
 .text.USB_EP0_OutStart
                0x00000000080047c8       0x18 build/stm32l4xx_ll_usb.o
                0x00000000080047c8                USB_EP0_OutStart
 .text.USB_WritePMA
                0x00000000080047e0       0x84 build/stm32l4xx_ll_usb.o
                0x00000000080047e0                USB_WritePMA
 .text.USB_ReadPMA
                0x0000000008004864       0x98 build/stm32l4xx_ll_usb.o
                0x0000000008004864                USB_ReadPMA
 .text.HAL_TIM_Base_Init
                0x00000000080048fc       0x56 build/stm32l4xx_hal_tim.o
                0x00000000080048fc                HAL_TIM_Base_Init
 *fill*         0x0000000008004952        0x2 
 .text.HAL_TIM_Base_Start
                0x0000000008004954       0x54 build/stm32l4xx_hal_tim.o
                0x0000000008004954                HAL_TIM_Base_Start
 .text.HAL_TIM_IRQHandler
                0x00000000080049a8      0x23e build/stm32l4xx_hal_tim.o
                0x00000000080049a8                HAL_TIM_IRQHandler
 .text.HAL_TIM_ConfigClockSource
                0x0000000008004be6      0x18c build/stm32l4xx_hal_tim.o
                0x0000000008004be6                HAL_TIM_ConfigClockSource
 .text.HAL_TIM_PeriodElapsedCallback
                0x0000000008004d72       0x14 build/stm32l4xx_hal_tim.o
                0x0000000008004d72                HAL_TIM_PeriodElapsedCallback
 .text.HAL_TIM_OC_DelayElapsedCallback
                0x0000000008004d86       0x14 build/stm32l4xx_hal_tim.o
                0x0000000008004d86                HAL_TIM_OC_DelayElapsedCallback
 .text.HAL_TIM_IC_CaptureCallback
                0x0000000008004d9a       0x14 build/stm32l4xx_hal_tim.o
                0x0000000008004d9a                HAL_TIM_IC_CaptureCallback
 .text.HAL_TIM_PWM_PulseFinishedCallback
                0x0000000008004dae       0x14 build/stm32l4xx_hal_tim.o
                0x0000000008004dae                HAL_TIM_PWM_PulseFinishedCallback
 .text.HAL_TIM_TriggerCallback
                0x0000000008004dc2       0x14 build/stm32l4xx_hal_tim.o
                0x0000000008004dc2                HAL_TIM_TriggerCallback
 *fill*         0x0000000008004dd6        0x2 
 .text.TIM_Base_SetConfig
                0x0000000008004dd8       0xc8 build/stm32l4xx_hal_tim.o
                0x0000000008004dd8                TIM_Base_SetConfig
 .text.TIM_TI1_ConfigInputStage
                0x0000000008004ea0       0x5e build/stm32l4xx_hal_tim.o
 .text.TIM_TI2_ConfigInputStage
                0x0000000008004efe       0x60 build/stm32l4xx_hal_tim.o
 .text.TIM_ITRx_SetConfig
                0x0000000008004f5e       0x36 build/stm32l4xx_hal_tim.o
 .text.TIM_ETR_SetConfig
                0x0000000008004f94       0x40 build/stm32l4xx_hal_tim.o
                0x0000000008004f94                TIM_ETR_SetConfig
 .text.HAL_TIMEx_MasterConfigSynchronization
                0x0000000008004fd4       0xcc build/stm32l4xx_hal_tim_ex.o
                0x0000000008004fd4                HAL_TIMEx_MasterConfigSynchronization
 .text.HAL_TIMEx_CommutCallback
                0x00000000080050a0       0x14 build/stm32l4xx_hal_tim_ex.o
                0x00000000080050a0                HAL_TIMEx_CommutCallback
 .text.HAL_TIMEx_BreakCallback
                0x00000000080050b4       0x14 build/stm32l4xx_hal_tim_ex.o
                0x00000000080050b4                HAL_TIMEx_BreakCallback
 .text.HAL_TIMEx_Break2Callback
                0x00000000080050c8       0x14 build/stm32l4xx_hal_tim_ex.o
                0x00000000080050c8                HAL_TIMEx_Break2Callback
 .text.HAL_Init
                0x00000000080050dc       0x30 build/stm32l4xx_hal.o
                0x00000000080050dc                HAL_Init
 .text.HAL_InitTick
                0x000000000800510c       0x74 build/stm32l4xx_hal.o
                0x000000000800510c                HAL_InitTick
 .text.HAL_IncTick
                0x0000000008005180       0x24 build/stm32l4xx_hal.o
                0x0000000008005180                HAL_IncTick
 .text.HAL_GetTick
                0x00000000080051a4       0x18 build/stm32l4xx_hal.o
                0x00000000080051a4                HAL_GetTick
 .text.HAL_Delay
                0x00000000080051bc       0x44 build/stm32l4xx_hal.o
                0x00000000080051bc                HAL_Delay
 .text.HAL_RCC_OscConfig
                0x0000000008005200      0x840 build/stm32l4xx_hal_rcc.o
                0x0000000008005200                HAL_RCC_OscConfig
 .text.HAL_RCC_ClockConfig
                0x0000000008005a40      0x1c4 build/stm32l4xx_hal_rcc.o
                0x0000000008005a40                HAL_RCC_ClockConfig
 .text.HAL_RCC_GetSysClockFreq
                0x0000000008005c04      0x118 build/stm32l4xx_hal_rcc.o
                0x0000000008005c04                HAL_RCC_GetSysClockFreq
 .text.RCC_SetFlashLatencyFromMSIRange
                0x0000000008005d1c       0xc0 build/stm32l4xx_hal_rcc.o
 .text.HAL_RCCEx_PeriphCLKConfig
                0x0000000008005ddc      0x48c build/stm32l4xx_hal_rcc_ex.o
                0x0000000008005ddc                HAL_RCCEx_PeriphCLKConfig
 .text.RCCEx_PLLSAI1_Config
                0x0000000008006268      0x1e4 build/stm32l4xx_hal_rcc_ex.o
 .text.HAL_GPIO_Init
                0x000000000800644c      0x2f4 build/stm32l4xx_hal_gpio.o
                0x000000000800644c                HAL_GPIO_Init
 .text.HAL_GPIO_DeInit
                0x0000000008006740      0x1b4 build/stm32l4xx_hal_gpio.o
                0x0000000008006740                HAL_GPIO_DeInit
 .text.HAL_GPIO_ReadPin
                0x00000000080068f4       0x30 build/stm32l4xx_hal_gpio.o
                0x00000000080068f4                HAL_GPIO_ReadPin
 .text.HAL_GPIO_WritePin
                0x0000000008006924       0x30 build/stm32l4xx_hal_gpio.o
                0x0000000008006924                HAL_GPIO_WritePin
 .text.HAL_GPIO_EXTI_IRQHandler
                0x0000000008006954       0x30 build/stm32l4xx_hal_gpio.o
                0x0000000008006954                HAL_GPIO_EXTI_IRQHandler
 .text.HAL_SPI_Init
                0x0000000008006984      0x114 build/stm32l4xx_hal_spi.o
                0x0000000008006984                HAL_SPI_Init
 .text.HAL_SPI_DeInit
                0x0000000008006a98       0x50 build/stm32l4xx_hal_spi.o
                0x0000000008006a98                HAL_SPI_DeInit
 .text.HAL_SPI_Transmit
                0x0000000008006ae8      0x2cc build/stm32l4xx_hal_spi.o
                0x0000000008006ae8                HAL_SPI_Transmit
 .text.HAL_SPI_TransmitReceive
                0x0000000008006db4      0x426 build/stm32l4xx_hal_spi.o
                0x0000000008006db4                HAL_SPI_TransmitReceive
 .text.HAL_SPI_GetState
                0x00000000080071da       0x1c build/stm32l4xx_hal_spi.o
                0x00000000080071da                HAL_SPI_GetState
 .text.SPI_WaitFlagStateUntilTimeout
                0x00000000080071f6       0xd4 build/stm32l4xx_hal_spi.o
 .text.SPI_WaitFifoStateUntilTimeout
                0x00000000080072ca       0xda build/stm32l4xx_hal_spi.o
 .text.SPI_EndRxTxTransaction
                0x00000000080073a4       0x8c build/stm32l4xx_hal_spi.o
 .text.HAL_PWREx_GetVoltageRange
                0x0000000008007430       0x1c build/stm32l4xx_hal_pwr_ex.o
                0x0000000008007430                HAL_PWREx_GetVoltageRange
 .text.HAL_PWREx_ControlVoltageScaling
                0x000000000800744c       0xac build/stm32l4xx_hal_pwr_ex.o
                0x000000000800744c                HAL_PWREx_ControlVoltageScaling
 .text.HAL_PWREx_EnableVddUSB
                0x00000000080074f8       0x20 build/stm32l4xx_hal_pwr_ex.o
                0x00000000080074f8                HAL_PWREx_EnableVddUSB
 .text.__NVIC_SetPriorityGrouping
                0x0000000008007518       0x48 build/stm32l4xx_hal_cortex.o
 .text.__NVIC_GetPriorityGrouping
                0x0000000008007560       0x1c build/stm32l4xx_hal_cortex.o
 .text.__NVIC_EnableIRQ
                0x000000000800757c       0x3c build/stm32l4xx_hal_cortex.o
 .text.__NVIC_DisableIRQ
                0x00000000080075b8       0x48 build/stm32l4xx_hal_cortex.o
 .text.__NVIC_SetPriority
                0x0000000008007600       0x54 build/stm32l4xx_hal_cortex.o
 .text.NVIC_EncodePriority
                0x0000000008007654       0x66 build/stm32l4xx_hal_cortex.o
 *fill*         0x00000000080076ba        0x2 
 .text.SysTick_Config
                0x00000000080076bc       0x44 build/stm32l4xx_hal_cortex.o
 .text.HAL_NVIC_SetPriorityGrouping
                0x0000000008007700       0x16 build/stm32l4xx_hal_cortex.o
                0x0000000008007700                HAL_NVIC_SetPriorityGrouping
 .text.HAL_NVIC_SetPriority
                0x0000000008007716       0x38 build/stm32l4xx_hal_cortex.o
                0x0000000008007716                HAL_NVIC_SetPriority
 .text.HAL_NVIC_EnableIRQ
                0x000000000800774e       0x1c build/stm32l4xx_hal_cortex.o
                0x000000000800774e                HAL_NVIC_EnableIRQ
 .text.HAL_NVIC_DisableIRQ
                0x000000000800776a       0x1c build/stm32l4xx_hal_cortex.o
                0x000000000800776a                HAL_NVIC_DisableIRQ
 .text.HAL_SYSTICK_Config
                0x0000000008007786       0x18 build/stm32l4xx_hal_cortex.o
                0x0000000008007786                HAL_SYSTICK_Config
 *fill*         0x000000000800779e        0x2 
 .text.SystemInit
                0x00000000080077a0       0x6c build/system_stm32l4xx.o
                0x00000000080077a0                SystemInit
 .text.USBD_Init
                0x000000000800780c       0x56 build/usbd_core.o
                0x000000000800780c                USBD_Init
 .text.USBD_RegisterClass
                0x0000000008007862       0x34 build/usbd_core.o
                0x0000000008007862                USBD_RegisterClass
 .text.USBD_Start
                0x0000000008007896       0x18 build/usbd_core.o
                0x0000000008007896                USBD_Start
 .text.USBD_RunTestMode
                0x00000000080078ae       0x16 build/usbd_core.o
                0x00000000080078ae                USBD_RunTestMode
 .text.USBD_SetClassConfig
                0x00000000080078c4       0x3e build/usbd_core.o
                0x00000000080078c4                USBD_SetClassConfig
 .text.USBD_ClrClassConfig
                0x0000000008007902       0x26 build/usbd_core.o
                0x0000000008007902                USBD_ClrClassConfig
 .text.USBD_LL_SetupStage
                0x0000000008007928       0x9a build/usbd_core.o
                0x0000000008007928                USBD_LL_SetupStage
 .text.USBD_LL_DataOutStage
                0x00000000080079c2       0xe2 build/usbd_core.o
                0x00000000080079c2                USBD_LL_DataOutStage
 .text.USBD_LL_DataInStage
                0x0000000008007aa4      0x14a build/usbd_core.o
                0x0000000008007aa4                USBD_LL_DataInStage
 .text.USBD_LL_Reset
                0x0000000008007bee       0x82 build/usbd_core.o
                0x0000000008007bee                USBD_LL_Reset
 .text.USBD_LL_SetSpeed
                0x0000000008007c70       0x20 build/usbd_core.o
                0x0000000008007c70                USBD_LL_SetSpeed
 .text.USBD_LL_Suspend
                0x0000000008007c90       0x2a build/usbd_core.o
                0x0000000008007c90                USBD_LL_Suspend
 .text.USBD_LL_Resume
                0x0000000008007cba       0x2c build/usbd_core.o
                0x0000000008007cba                USBD_LL_Resume
 .text.USBD_LL_SOF
                0x0000000008007ce6       0x34 build/usbd_core.o
                0x0000000008007ce6                USBD_LL_SOF
 *fill*         0x0000000008007d1a        0x2 
 .text.USBD_StdDevReq
                0x0000000008007d1c       0xd4 build/usbd_ctlreq.o
                0x0000000008007d1c                USBD_StdDevReq
 .text.USBD_StdItfReq
                0x0000000008007df0       0x90 build/usbd_ctlreq.o
                0x0000000008007df0                USBD_StdItfReq
 .text.USBD_StdEPReq
                0x0000000008007e80      0x2c6 build/usbd_ctlreq.o
                0x0000000008007e80                USBD_StdEPReq
 *fill*         0x0000000008008146        0x2 
 .text.USBD_GetDescriptor
                0x0000000008008148      0x324 build/usbd_ctlreq.o
 .text.USBD_SetAddress
                0x000000000800846c       0x86 build/usbd_ctlreq.o
 *fill*         0x00000000080084f2        0x2 
 .text.USBD_SetConfig
                0x00000000080084f4      0x11c build/usbd_ctlreq.o
 .text.USBD_GetConfig
                0x0000000008008610       0x6a build/usbd_ctlreq.o
 .text.USBD_GetStatus
                0x000000000800867a       0x66 build/usbd_ctlreq.o
 .text.USBD_SetFeature
                0x00000000080086e0       0x28 build/usbd_ctlreq.o
 .text.USBD_ClrFeature
                0x0000000008008708       0x42 build/usbd_ctlreq.o
 .text.USBD_ParseSetupRequest
                0x000000000800874a       0x7a build/usbd_ctlreq.o
                0x000000000800874a                USBD_ParseSetupRequest
 .text.USBD_CtlError
                0x00000000080087c4       0x22 build/usbd_ctlreq.o
                0x00000000080087c4                USBD_CtlError
 .text.USBD_GetString
                0x00000000080087e6       0x84 build/usbd_ctlreq.o
                0x00000000080087e6                USBD_GetString
 .text.USBD_GetLen
                0x000000000800886a       0x30 build/usbd_ctlreq.o
 .text.USBD_CtlSendData
                0x000000000800889a       0x38 build/usbd_ioreq.o
                0x000000000800889a                USBD_CtlSendData
 .text.USBD_CtlContinueSendData
                0x00000000080088d2       0x24 build/usbd_ioreq.o
                0x00000000080088d2                USBD_CtlContinueSendData
 .text.USBD_CtlPrepareRx
                0x00000000080088f6       0x3c build/usbd_ioreq.o
                0x00000000080088f6                USBD_CtlPrepareRx
 .text.USBD_CtlContinueRx
                0x0000000008008932       0x24 build/usbd_ioreq.o
                0x0000000008008932                USBD_CtlContinueRx
 .text.USBD_CtlSendStatus
                0x0000000008008956       0x26 build/usbd_ioreq.o
                0x0000000008008956                USBD_CtlSendStatus
 .text.USBD_CtlReceiveStatus
                0x000000000800897c       0x26 build/usbd_ioreq.o
                0x000000000800897c                USBD_CtlReceiveStatus
 .text.USBD_CDC_Init
                0x00000000080089a2       0xf4 build/usbd_cdc.o
 .text.USBD_CDC_DeInit
                0x0000000008008a96       0x6e build/usbd_cdc.o
 .text.USBD_CDC_Setup
                0x0000000008008b04      0x146 build/usbd_cdc.o
 .text.USBD_CDC_DataIn
                0x0000000008008c4a       0xa0 build/usbd_cdc.o
 .text.USBD_CDC_DataOut
                0x0000000008008cea       0x56 build/usbd_cdc.o
 .text.USBD_CDC_EP0_RxReady
                0x0000000008008d40       0x50 build/usbd_cdc.o
 .text.USBD_CDC_GetFSCfgDesc
                0x0000000008008d90       0x20 build/usbd_cdc.o
 .text.USBD_CDC_GetHSCfgDesc
                0x0000000008008db0       0x20 build/usbd_cdc.o
 .text.USBD_CDC_GetOtherSpeedCfgDesc
                0x0000000008008dd0       0x20 build/usbd_cdc.o
 .text.USBD_CDC_GetDeviceQualifierDescriptor
                0x0000000008008df0       0x20 build/usbd_cdc.o
                0x0000000008008df0                USBD_CDC_GetDeviceQualifierDescriptor
 .text.USBD_CDC_RegisterInterface
                0x0000000008008e10       0x2e build/usbd_cdc.o
                0x0000000008008e10                USBD_CDC_RegisterInterface
 .text.USBD_CDC_SetTxBuffer
                0x0000000008008e3e       0x34 build/usbd_cdc.o
                0x0000000008008e3e                USBD_CDC_SetTxBuffer
 .text.USBD_CDC_SetRxBuffer
                0x0000000008008e72       0x28 build/usbd_cdc.o
                0x0000000008008e72                USBD_CDC_SetRxBuffer
 .text.USBD_CDC_TransmitPacket
                0x0000000008008e9a       0x5e build/usbd_cdc.o
                0x0000000008008e9a                USBD_CDC_TransmitPacket
 .text.USBD_CDC_ReceivePacket
                0x0000000008008ef8       0x54 build/usbd_cdc.o
                0x0000000008008ef8                USBD_CDC_ReceivePacket
 .text.dwt_initialise
                0x0000000008008f4c      0x298 build/deca_device.o
                0x0000000008008f4c                dwt_initialise
 .text.dwt_readdevid
                0x00000000080091e4       0x12 build/deca_device.o
                0x00000000080091e4                dwt_readdevid
 .text.dwt_configuretxrf
                0x00000000080091f6       0x2c build/deca_device.o
                0x00000000080091f6                dwt_configuretxrf
 *fill*         0x0000000008009222        0x2 
 .text.dwt_configure
                0x0000000008009224      0x2d4 build/deca_device.o
                0x0000000008009224                dwt_configure
 .text.dwt_setrxantennadelay
                0x00000000080094f8       0x20 build/deca_device.o
                0x00000000080094f8                dwt_setrxantennadelay
 .text.dwt_settxantennadelay
                0x0000000008009518       0x1e build/deca_device.o
                0x0000000008009518                dwt_settxantennadelay
 .text.dwt_writetxdata
                0x0000000008009536       0x3c build/deca_device.o
                0x0000000008009536                dwt_writetxdata
 *fill*         0x0000000008009572        0x2 
 .text.dwt_writetxfctrl
                0x0000000008009574       0x40 build/deca_device.o
                0x0000000008009574                dwt_writetxfctrl
 .text.dwt_readrxdata
                0x00000000080095b4       0x24 build/deca_device.o
                0x00000000080095b4                dwt_readrxdata
 .text.dwt_readtxtimestamp
                0x00000000080095d8       0x1c build/deca_device.o
                0x00000000080095d8                dwt_readtxtimestamp
 .text.dwt_readrxtimestamp
                0x00000000080095f4       0x1c build/deca_device.o
                0x00000000080095f4                dwt_readrxtimestamp
 .text.dwt_writetodevice
                0x0000000008009610       0xb8 build/deca_device.o
                0x0000000008009610                dwt_writetodevice
 .text.dwt_readfromdevice
                0x00000000080096c8       0xb2 build/deca_device.o
                0x00000000080096c8                dwt_readfromdevice
 .text.dwt_read32bitoffsetreg
                0x000000000800977a       0x4e build/deca_device.o
                0x000000000800977a                dwt_read32bitoffsetreg
 .text.dwt_read16bitoffsetreg
                0x00000000080097c8       0x3a build/deca_device.o
                0x00000000080097c8                dwt_read16bitoffsetreg
 .text.dwt_read8bitoffsetreg
                0x0000000008009802       0x26 build/deca_device.o
                0x0000000008009802                dwt_read8bitoffsetreg
 .text.dwt_write8bitoffsetreg
                0x0000000008009828       0x26 build/deca_device.o
                0x0000000008009828                dwt_write8bitoffsetreg
 .text.dwt_write16bitoffsetreg
                0x000000000800984e       0x38 build/deca_device.o
                0x000000000800984e                dwt_write16bitoffsetreg
 .text.dwt_write32bitoffsetreg
                0x0000000008009886       0x4e build/deca_device.o
                0x0000000008009886                dwt_write32bitoffsetreg
 .text._dwt_otpread
                0x00000000080098d4       0x3e build/deca_device.o
                0x00000000080098d4                _dwt_otpread
 .text._dwt_aonarrayupload
                0x0000000008009912       0x1c build/deca_device.o
                0x0000000008009912                _dwt_aonarrayupload
 .text._dwt_configlde
                0x000000000800992e       0x40 build/deca_device.o
                0x000000000800992e                _dwt_configlde
 .text._dwt_loaducodefromrom
                0x000000000800996e       0x26 build/deca_device.o
                0x000000000800996e                _dwt_loaducodefromrom
 .text.dwt_setsmarttxpower
                0x0000000008009994       0x5c build/deca_device.o
                0x0000000008009994                dwt_setsmarttxpower
 .text.dwt_setrxaftertxdelay
                0x00000000080099f0       0x38 build/deca_device.o
                0x00000000080099f0                dwt_setrxaftertxdelay
 .text.dwt_setcallbacks
                0x0000000008009a28       0x40 build/deca_device.o
                0x0000000008009a28                dwt_setcallbacks
 .text.dwt_isr  0x0000000008009a68      0x1d8 build/deca_device.o
                0x0000000008009a68                dwt_isr
 .text.dwt_setleds
                0x0000000008009c40       0xb8 build/deca_device.o
                0x0000000008009c40                dwt_setleds
 .text._dwt_enableclocks
                0x0000000008009cf8      0x134 build/deca_device.o
                0x0000000008009cf8                _dwt_enableclocks
 .text._dwt_disablesequencing
                0x0000000008009e2c       0x18 build/deca_device.o
                0x0000000008009e2c                _dwt_disablesequencing
 .text.dwt_setdelayedtrxtime
                0x0000000008009e44       0x1a build/deca_device.o
                0x0000000008009e44                dwt_setdelayedtrxtime
 *fill*         0x0000000008009e5e        0x2 
 .text.dwt_starttx
                0x0000000008009e60       0x9c build/deca_device.o
                0x0000000008009e60                dwt_starttx
 .text.dwt_forcetrxoff
                0x0000000008009efc       0x60 build/deca_device.o
                0x0000000008009efc                dwt_forcetrxoff
 .text.dwt_syncrxbufptrs
                0x0000000008009f5c       0x34 build/deca_device.o
                0x0000000008009f5c                dwt_syncrxbufptrs
 .text.dwt_rxenable
                0x0000000008009f90       0x84 build/deca_device.o
                0x0000000008009f90                dwt_rxenable
 .text.dwt_setrxtimeout
                0x000000000800a014       0x80 build/deca_device.o
                0x000000000800a014                dwt_setrxtimeout
 .text.dwt_setinterrupt
                0x000000000800a094       0x60 build/deca_device.o
                0x000000000800a094                dwt_setinterrupt
 .text.dwt_rxreset
                0x000000000800a0f4       0x1c build/deca_device.o
                0x000000000800a0f4                dwt_rxreset
 .text.dwt_softreset
                0x000000000800a110       0x4c build/deca_device.o
                0x000000000800a110                dwt_softreset
 .text.dwt_setxtaltrim
                0x000000000800a15c       0x30 build/deca_device.o
                0x000000000800a15c                dwt_setxtaltrim
 .text.decamutexon
                0x000000000800a18c       0x22 build/deca_mutex.o
                0x000000000800a18c                decamutexon
 .text.decamutexoff
                0x000000000800a1ae       0x1a build/deca_mutex.o
                0x000000000800a1ae                decamutexoff
 .text.deca_sleep
                0x000000000800a1c8       0x16 build/deca_sleep.o
                0x000000000800a1c8                deca_sleep
 *fill*         0x000000000800a1de        0x2 
 .text.writetospi
                0x000000000800a1e0       0x5c build/deca_spi.o
                0x000000000800a1e0                writetospi
 .text.readfromspi
                0x000000000800a23c       0x88 build/deca_spi.o
                0x000000000800a23c                readfromspi
 .text.__NVIC_EnableIRQ
                0x000000000800a2c4       0x3c build/port.o
 .text.__NVIC_DisableIRQ
                0x000000000800a300       0x48 build/port.o
 .text.usleep   0x000000000800a348       0x54 build/port.o
                0x000000000800a348                usleep
 .text.Sleep    0x000000000800a39c       0x16 build/port.o
                0x000000000800a39c                Sleep
 *fill*         0x000000000800a3b2        0x2 
 .text.EXTI_GetITEnStatus
                0x000000000800a3b4       0x3c build/port.o
                0x000000000800a3b4                EXTI_GetITEnStatus
 .text.reset_DW1000
                0x000000000800a3f0       0x44 build/port.o
                0x000000000800a3f0                reset_DW1000
 .text.setup_DW1000RSTnIRQ
                0x000000000800a434       0x78 build/port.o
                0x000000000800a434                setup_DW1000RSTnIRQ
 .text.set_signalResetDone
                0x000000000800a4ac       0x18 build/port.o
                0x000000000800a4ac                set_signalResetDone
 .text.process_deca_irq
                0x000000000800a4c4       0x20 build/port.o
                0x000000000800a4c4                process_deca_irq
 .text.port_DisableEXT_IRQ
                0x000000000800a4e4        0xe build/port.o
                0x000000000800a4e4                port_DisableEXT_IRQ
 .text.port_EnableEXT_IRQ
                0x000000000800a4f2        0xe build/port.o
                0x000000000800a4f2                port_EnableEXT_IRQ
 .text.port_GetEXT_IRQStatus
                0x000000000800a500       0x10 build/port.o
                0x000000000800a500                port_GetEXT_IRQStatus
 .text.port_CheckEXT_IRQ
                0x000000000800a510       0x14 build/port.o
                0x000000000800a510                port_CheckEXT_IRQ
 .text.port_set_deca_isr
                0x000000000800a524       0x20 build/port.o
                0x000000000800a524                port_set_deca_isr
 .text._getpid  0x000000000800a544       0x10 build/syscalls.o
                0x000000000800a544                _getpid
 .text._kill    0x000000000800a554       0x20 build/syscalls.o
                0x000000000800a554                _kill
 .text._exit    0x000000000800a574       0x14 build/syscalls.o
                0x000000000800a574                _exit
 .text._read    0x000000000800a588       0x3a build/syscalls.o
                0x000000000800a588                _read
 .text._write   0x000000000800a5c2       0x38 build/syscalls.o
                0x000000000800a5c2                _write
 *fill*         0x000000000800a5fa        0x2 
 .text._sbrk    0x000000000800a5fc       0x58 build/syscalls.o
                0x000000000800a5fc                _sbrk
 .text._close   0x000000000800a654       0x18 build/syscalls.o
                0x000000000800a654                _close
 .text._fstat   0x000000000800a66c       0x20 build/syscalls.o
                0x000000000800a66c                _fstat
 .text._isatty  0x000000000800a68c       0x16 build/syscalls.o
                0x000000000800a68c                _isatty
 .text._lseek   0x000000000800a6a2       0x1a build/syscalls.o
                0x000000000800a6a2                _lseek
 .text.Reset_Handler
                0x000000000800a6bc       0x50 build/startup_stm32l433xx.o
                0x000000000800a6bc                Reset_Handler
 .text.Default_Handler
                0x000000000800a70c        0x2 build/startup_stm32l433xx.o
                0x000000000800a70c                RTC_Alarm_IRQHandler
                0x000000000800a70c                TIM1_CC_IRQHandler
                0x000000000800a70c                TSC_IRQHandler
                0x000000000800a70c                TAMP_STAMP_IRQHandler
                0x000000000800a70c                EXTI3_IRQHandler
                0x000000000800a70c                LPTIM2_IRQHandler
                0x000000000800a70c                I2C3_ER_IRQHandler
                0x000000000800a70c                EXTI0_IRQHandler
                0x000000000800a70c                I2C2_EV_IRQHandler
                0x000000000800a70c                CAN1_RX0_IRQHandler
                0x000000000800a70c                FPU_IRQHandler
                0x000000000800a70c                TIM1_UP_TIM16_IRQHandler
                0x000000000800a70c                SPI1_IRQHandler
                0x000000000800a70c                TIM6_DAC_IRQHandler
                0x000000000800a70c                DMA2_Channel2_IRQHandler
                0x000000000800a70c                DMA1_Channel4_IRQHandler
                0x000000000800a70c                ADC1_IRQHandler
                0x000000000800a70c                USART3_IRQHandler
                0x000000000800a70c                DMA1_Channel7_IRQHandler
                0x000000000800a70c                CAN1_RX1_IRQHandler
                0x000000000800a70c                LCD_IRQHandler
                0x000000000800a70c                DMA2_Channel1_IRQHandler
                0x000000000800a70c                QUADSPI_IRQHandler
                0x000000000800a70c                I2C1_EV_IRQHandler
                0x000000000800a70c                DMA1_Channel6_IRQHandler
                0x000000000800a70c                DMA2_Channel4_IRQHandler
                0x000000000800a70c                RCC_IRQHandler
                0x000000000800a70c                TIM1_TRG_COM_IRQHandler
                0x000000000800a70c                DMA1_Channel1_IRQHandler
                0x000000000800a70c                Default_Handler
                0x000000000800a70c                DMA2_Channel7_IRQHandler
                0x000000000800a70c                EXTI15_10_IRQHandler
                0x000000000800a70c                TIM7_IRQHandler
                0x000000000800a70c                SDMMC1_IRQHandler
                0x000000000800a70c                I2C3_EV_IRQHandler
                0x000000000800a70c                EXTI9_5_IRQHandler
                0x000000000800a70c                RTC_WKUP_IRQHandler
                0x000000000800a70c                PVD_PVM_IRQHandler
                0x000000000800a70c                SPI2_IRQHandler
                0x000000000800a70c                CAN1_TX_IRQHandler
                0x000000000800a70c                DMA2_Channel5_IRQHandler
                0x000000000800a70c                CRS_IRQHandler
                0x000000000800a70c                DMA1_Channel5_IRQHandler
                0x000000000800a70c                RNG_IRQHandler
                0x000000000800a70c                DMA1_Channel3_IRQHandler
                0x000000000800a70c                COMP_IRQHandler
                0x000000000800a70c                WWDG_IRQHandler
                0x000000000800a70c                LPUART1_IRQHandler
                0x000000000800a70c                DMA2_Channel6_IRQHandler
                0x000000000800a70c                EXTI1_IRQHandler
                0x000000000800a70c                USART2_IRQHandler
                0x000000000800a70c                I2C2_ER_IRQHandler
                0x000000000800a70c                DMA1_Channel2_IRQHandler
                0x000000000800a70c                CAN1_SCE_IRQHandler
                0x000000000800a70c                FLASH_IRQHandler
                0x000000000800a70c                USART1_IRQHandler
                0x000000000800a70c                SPI3_IRQHandler
                0x000000000800a70c                I2C1_ER_IRQHandler
                0x000000000800a70c                SWPMI1_IRQHandler
                0x000000000800a70c                LPTIM1_IRQHandler
                0x000000000800a70c                SAI1_IRQHandler
                0x000000000800a70c                DMA2_Channel3_IRQHandler
                0x000000000800a70c                TIM1_BRK_TIM15_IRQHandler
 *fill*         0x000000000800a70e        0x2 
 .text.__errno  0x000000000800a710        0xc /home/ilian/opt/gcc-arm-none-eabi-9-2020-q2-update/bin/../lib/gcc/arm-none-eabi/9.3.1/../../../../arm-none-eabi/lib/thumb/v7e-m+fp/hard/libc_nano.a(lib_a-errno.o)
                0x000000000800a710                __errno
 .text.__libc_init_array
                0x000000000800a71c       0x48 /home/ilian/opt/gcc-arm-none-eabi-9-2020-q2-update/bin/../lib/gcc/arm-none-eabi/9.3.1/../../../../arm-none-eabi/lib/thumb/v7e-m+fp/hard/libc_nano.a(lib_a-init.o)
                0x000000000800a71c                __libc_init_array
 .text.memcmp   0x000000000800a764       0x1c /home/ilian/opt/gcc-arm-none-eabi-9-2020-q2-update/bin/../lib/gcc/arm-none-eabi/9.3.1/../../../../arm-none-eabi/lib/thumb/v7e-m+fp/hard/libc_nano.a(lib_a-memcmp.o)
                0x000000000800a764                memcmp
 .text.memset   0x000000000800a780       0x10 /home/ilian/opt/gcc-arm-none-eabi-9-2020-q2-update/bin/../lib/gcc/arm-none-eabi/9.3.1/../../../../arm-none-eabi/lib/thumb/v7e-m+fp/hard/libc_nano.a(lib_a-memset.o)
                0x000000000800a780                memset
 .text.__cvt    0x000000000800a790       0xc4 /home/ilian/opt/gcc-arm-none-eabi-9-2020-q2-update/bin/../lib/gcc/arm-none-eabi/9.3.1/../../../../arm-none-eabi/lib/thumb/v7e-m+fp/hard/libc_nano.a(lib_a-nano-vfprintf_float.o)
                0x000000000800a790                __cvt
 .text.__exponent
                0x000000000800a854       0x7c /home/ilian/opt/gcc-arm-none-eabi-9-2020-q2-update/bin/../lib/gcc/arm-none-eabi/9.3.1/../../../../arm-none-eabi/lib/thumb/v7e-m+fp/hard/libc_nano.a(lib_a-nano-vfprintf_float.o)
                0x000000000800a854                __exponent
 .text._printf_float
                0x000000000800a8d0      0x46c /home/ilian/opt/gcc-arm-none-eabi-9-2020-q2-update/bin/../lib/gcc/arm-none-eabi/9.3.1/../../../../arm-none-eabi/lib/thumb/v7e-m+fp/hard/libc_nano.a(lib_a-nano-vfprintf_float.o)
                0x000000000800a8d0                _printf_float
 .text._printf_common
                0x000000000800ad3c       0xda /home/ilian/opt/gcc-arm-none-eabi-9-2020-q2-update/bin/../lib/gcc/arm-none-eabi/9.3.1/../../../../arm-none-eabi/lib/thumb/v7e-m+fp/hard/libc_nano.a(lib_a-nano-vfprintf_i.o)
                0x000000000800ad3c                _printf_common
 *fill*         0x000000000800ae16        0x2 
 .text._printf_i
                0x000000000800ae18      0x24c /home/ilian/opt/gcc-arm-none-eabi-9-2020-q2-update/bin/../lib/gcc/arm-none-eabi/9.3.1/../../../../arm-none-eabi/lib/thumb/v7e-m+fp/hard/libc_nano.a(lib_a-nano-vfprintf_i.o)
                0x000000000800ae18                _printf_i
 .text.printf   0x000000000800b064       0x30 /home/ilian/opt/gcc-arm-none-eabi-9-2020-q2-update/bin/../lib/gcc/arm-none-eabi/9.3.1/../../../../arm-none-eabi/lib/thumb/v7e-m+fp/hard/libc_nano.a(lib_a-printf.o)
                0x000000000800b064                printf
                0x000000000800b064                iprintf
 .text._puts_r  0x000000000800b094       0xdc /home/ilian/opt/gcc-arm-none-eabi-9-2020-q2-update/bin/../lib/gcc/arm-none-eabi/9.3.1/../../../../arm-none-eabi/lib/thumb/v7e-m+fp/hard/libc_nano.a(lib_a-puts.o)
                0x000000000800b094                _puts_r
 .text.puts     0x000000000800b170       0x10 /home/ilian/opt/gcc-arm-none-eabi-9-2020-q2-update/bin/../lib/gcc/arm-none-eabi/9.3.1/../../../../arm-none-eabi/lib/thumb/v7e-m+fp/hard/libc_nano.a(lib_a-puts.o)
                0x000000000800b170                puts
 .text.__swbuf_r
                0x000000000800b180       0xa4 /home/ilian/opt/gcc-arm-none-eabi-9-2020-q2-update/bin/../lib/gcc/arm-none-eabi/9.3.1/../../../../arm-none-eabi/lib/thumb/v7e-m+fp/hard/libc_nano.a(lib_a-wbuf.o)
                0x000000000800b180                __swbuf_r
 .text.__swsetup_r
                0x000000000800b224       0xdc /home/ilian/opt/gcc-arm-none-eabi-9-2020-q2-update/bin/../lib/gcc/arm-none-eabi/9.3.1/../../../../arm-none-eabi/lib/thumb/v7e-m+fp/hard/libc_nano.a(lib_a-wsetup.o)
                0x000000000800b224                __swsetup_r
 .text.quorem   0x000000000800b300      0x116 /home/ilian/opt/gcc-arm-none-eabi-9-2020-q2-update/bin/../lib/gcc/arm-none-eabi/9.3.1/../../../../arm-none-eabi/lib/thumb/v7e-m+fp/hard/libc_nano.a(lib_a-dtoa.o)
 *fill*         0x000000000800b416        0x2 
 .text._dtoa_r  0x000000000800b418      0xbd8 /home/ilian/opt/gcc-arm-none-eabi-9-2020-q2-update/bin/../lib/gcc/arm-none-eabi/9.3.1/../../../../arm-none-eabi/lib/thumb/v7e-m+fp/hard/libc_nano.a(lib_a-dtoa.o)
                0x000000000800b418                _dtoa_r
 .text.__sflush_r
                0x000000000800bff0      0x10c /home/ilian/opt/gcc-arm-none-eabi-9-2020-q2-update/bin/../lib/gcc/arm-none-eabi/9.3.1/../../../../arm-none-eabi/lib/thumb/v7e-m+fp/hard/libc_nano.a(lib_a-fflush.o)
                0x000000000800bff0                __sflush_r
 .text._fflush_r
                0x000000000800c0fc       0x78 /home/ilian/opt/gcc-arm-none-eabi-9-2020-q2-update/bin/../lib/gcc/arm-none-eabi/9.3.1/../../../../arm-none-eabi/lib/thumb/v7e-m+fp/hard/libc_nano.a(lib_a-fflush.o)
                0x000000000800c0fc                _fflush_r
 .text.std      0x000000000800c174       0x48 /home/ilian/opt/gcc-arm-none-eabi-9-2020-q2-update/bin/../lib/gcc/arm-none-eabi/9.3.1/../../../../arm-none-eabi/lib/thumb/v7e-m+fp/hard/libc_nano.a(lib_a-findfp.o)
 .text._cleanup_r
                0x000000000800c1bc        0xc /home/ilian/opt/gcc-arm-none-eabi-9-2020-q2-update/bin/../lib/gcc/arm-none-eabi/9.3.1/../../../../arm-none-eabi/lib/thumb/v7e-m+fp/hard/libc_nano.a(lib_a-findfp.o)
                0x000000000800c1bc                _cleanup_r
 .text.__sfmoreglue
                0x000000000800c1c8       0x2c /home/ilian/opt/gcc-arm-none-eabi-9-2020-q2-update/bin/../lib/gcc/arm-none-eabi/9.3.1/../../../../arm-none-eabi/lib/thumb/v7e-m+fp/hard/libc_nano.a(lib_a-findfp.o)
                0x000000000800c1c8                __sfmoreglue
 .text.__sfp_lock_acquire
                0x000000000800c1f4        0xc /home/ilian/opt/gcc-arm-none-eabi-9-2020-q2-update/bin/../lib/gcc/arm-none-eabi/9.3.1/../../../../arm-none-eabi/lib/thumb/v7e-m+fp/hard/libc_nano.a(lib_a-findfp.o)
                0x000000000800c1f4                __sfp_lock_acquire
 .text.__sfp_lock_release
                0x000000000800c200        0xc /home/ilian/opt/gcc-arm-none-eabi-9-2020-q2-update/bin/../lib/gcc/arm-none-eabi/9.3.1/../../../../arm-none-eabi/lib/thumb/v7e-m+fp/hard/libc_nano.a(lib_a-findfp.o)
                0x000000000800c200                __sfp_lock_release
 .text.__sinit_lock_acquire
                0x000000000800c20c        0xc /home/ilian/opt/gcc-arm-none-eabi-9-2020-q2-update/bin/../lib/gcc/arm-none-eabi/9.3.1/../../../../arm-none-eabi/lib/thumb/v7e-m+fp/hard/libc_nano.a(lib_a-findfp.o)
                0x000000000800c20c                __sinit_lock_acquire
 .text.__sinit_lock_release
                0x000000000800c218        0xc /home/ilian/opt/gcc-arm-none-eabi-9-2020-q2-update/bin/../lib/gcc/arm-none-eabi/9.3.1/../../../../arm-none-eabi/lib/thumb/v7e-m+fp/hard/libc_nano.a(lib_a-findfp.o)
                0x000000000800c218                __sinit_lock_release
 .text.__sinit  0x000000000800c224       0x70 /home/ilian/opt/gcc-arm-none-eabi-9-2020-q2-update/bin/../lib/gcc/arm-none-eabi/9.3.1/../../../../arm-none-eabi/lib/thumb/v7e-m+fp/hard/libc_nano.a(lib_a-findfp.o)
                0x000000000800c224                __sinit
 .text.__sfp    0x000000000800c294       0x8c /home/ilian/opt/gcc-arm-none-eabi-9-2020-q2-update/bin/../lib/gcc/arm-none-eabi/9.3.1/../../../../arm-none-eabi/lib/thumb/v7e-m+fp/hard/libc_nano.a(lib_a-findfp.o)
                0x000000000800c294                __sfp
 .text._fwalk_reent
                0x000000000800c320       0x3e /home/ilian/opt/gcc-arm-none-eabi-9-2020-q2-update/bin/../lib/gcc/arm-none-eabi/9.3.1/../../../../arm-none-eabi/lib/thumb/v7e-m+fp/hard/libc_nano.a(lib_a-fwalk.o)
                0x000000000800c320                _fwalk_reent
 *fill*         0x000000000800c35e        0x2 
 .text._localeconv_r
                0x000000000800c360        0x8 /home/ilian/opt/gcc-arm-none-eabi-9-2020-q2-update/bin/../lib/gcc/arm-none-eabi/9.3.1/../../../../arm-none-eabi/lib/thumb/v7e-m+fp/hard/libc_nano.a(lib_a-localeconv.o)
                0x000000000800c360                _localeconv_r
 .text.__retarget_lock_init_recursive
                0x000000000800c368        0x2 /home/ilian/opt/gcc-arm-none-eabi-9-2020-q2-update/bin/../lib/gcc/arm-none-eabi/9.3.1/../../../../arm-none-eabi/lib/thumb/v7e-m+fp/hard/libc_nano.a(lib_a-lock.o)
                0x000000000800c368                __retarget_lock_init_recursive
 .text.__retarget_lock_acquire_recursive
                0x000000000800c36a        0x2 /home/ilian/opt/gcc-arm-none-eabi-9-2020-q2-update/bin/../lib/gcc/arm-none-eabi/9.3.1/../../../../arm-none-eabi/lib/thumb/v7e-m+fp/hard/libc_nano.a(lib_a-lock.o)
                0x000000000800c36a                __retarget_lock_acquire_recursive
 .text.__retarget_lock_release_recursive
                0x000000000800c36c        0x2 /home/ilian/opt/gcc-arm-none-eabi-9-2020-q2-update/bin/../lib/gcc/arm-none-eabi/9.3.1/../../../../arm-none-eabi/lib/thumb/v7e-m+fp/hard/libc_nano.a(lib_a-lock.o)
                0x000000000800c36c                __retarget_lock_release_recursive
 .text.__swhatbuf_r
                0x000000000800c36e       0x48 /home/ilian/opt/gcc-arm-none-eabi-9-2020-q2-update/bin/../lib/gcc/arm-none-eabi/9.3.1/../../../../arm-none-eabi/lib/thumb/v7e-m+fp/hard/libc_nano.a(lib_a-makebuf.o)
                0x000000000800c36e                __swhatbuf_r
 *fill*         0x000000000800c3b6        0x2 
 .text.__smakebuf_r
                0x000000000800c3b8       0x80 /home/ilian/opt/gcc-arm-none-eabi-9-2020-q2-update/bin/../lib/gcc/arm-none-eabi/9.3.1/../../../../arm-none-eabi/lib/thumb/v7e-m+fp/hard/libc_nano.a(lib_a-makebuf.o)
                0x000000000800c3b8                __smakebuf_r
 .text.malloc   0x000000000800c438       0x10 /home/ilian/opt/gcc-arm-none-eabi-9-2020-q2-update/bin/../lib/gcc/arm-none-eabi/9.3.1/../../../../arm-none-eabi/lib/thumb/v7e-m+fp/hard/libc_nano.a(lib_a-malloc.o)
                0x000000000800c438                malloc
 .text.memcpy   0x000000000800c448       0x1c /home/ilian/opt/gcc-arm-none-eabi-9-2020-q2-update/bin/../lib/gcc/arm-none-eabi/9.3.1/../../../../arm-none-eabi/lib/thumb/v7e-m+fp/hard/libc_nano.a(lib_a-memcpy-stub.o)
                0x000000000800c448                memcpy
 .text._Balloc  0x000000000800c464       0x80 /home/ilian/opt/gcc-arm-none-eabi-9-2020-q2-update/bin/../lib/gcc/arm-none-eabi/9.3.1/../../../../arm-none-eabi/lib/thumb/v7e-m+fp/hard/libc_nano.a(lib_a-mprec.o)
                0x000000000800c464                _Balloc
 .text._Bfree   0x000000000800c4e4       0x44 /home/ilian/opt/gcc-arm-none-eabi-9-2020-q2-update/bin/../lib/gcc/arm-none-eabi/9.3.1/../../../../arm-none-eabi/lib/thumb/v7e-m+fp/hard/libc_nano.a(lib_a-mprec.o)
                0x000000000800c4e4                _Bfree
 .text.__multadd
                0x000000000800c528       0x94 /home/ilian/opt/gcc-arm-none-eabi-9-2020-q2-update/bin/../lib/gcc/arm-none-eabi/9.3.1/../../../../arm-none-eabi/lib/thumb/v7e-m+fp/hard/libc_nano.a(lib_a-mprec.o)
                0x000000000800c528                __multadd
 .text.__hi0bits
                0x000000000800c5bc       0x40 /home/ilian/opt/gcc-arm-none-eabi-9-2020-q2-update/bin/../lib/gcc/arm-none-eabi/9.3.1/../../../../arm-none-eabi/lib/thumb/v7e-m+fp/hard/libc_nano.a(lib_a-mprec.o)
                0x000000000800c5bc                __hi0bits
 .text.__lo0bits
                0x000000000800c5fc       0x60 /home/ilian/opt/gcc-arm-none-eabi-9-2020-q2-update/bin/../lib/gcc/arm-none-eabi/9.3.1/../../../../arm-none-eabi/lib/thumb/v7e-m+fp/hard/libc_nano.a(lib_a-mprec.o)
                0x000000000800c5fc                __lo0bits
 .text.__i2b    0x000000000800c65c       0x2c /home/ilian/opt/gcc-arm-none-eabi-9-2020-q2-update/bin/../lib/gcc/arm-none-eabi/9.3.1/../../../../arm-none-eabi/lib/thumb/v7e-m+fp/hard/libc_nano.a(lib_a-mprec.o)
                0x000000000800c65c                __i2b
 .text.__multiply
                0x000000000800c688      0x14c /home/ilian/opt/gcc-arm-none-eabi-9-2020-q2-update/bin/../lib/gcc/arm-none-eabi/9.3.1/../../../../arm-none-eabi/lib/thumb/v7e-m+fp/hard/libc_nano.a(lib_a-mprec.o)
                0x000000000800c688                __multiply
 .text.__pow5mult
                0x000000000800c7d4       0xb4 /home/ilian/opt/gcc-arm-none-eabi-9-2020-q2-update/bin/../lib/gcc/arm-none-eabi/9.3.1/../../../../arm-none-eabi/lib/thumb/v7e-m+fp/hard/libc_nano.a(lib_a-mprec.o)
                0x000000000800c7d4                __pow5mult
 .text.__lshift
                0x000000000800c888       0xd8 /home/ilian/opt/gcc-arm-none-eabi-9-2020-q2-update/bin/../lib/gcc/arm-none-eabi/9.3.1/../../../../arm-none-eabi/lib/thumb/v7e-m+fp/hard/libc_nano.a(lib_a-mprec.o)
                0x000000000800c888                __lshift
 .text.__mcmp   0x000000000800c960       0x38 /home/ilian/opt/gcc-arm-none-eabi-9-2020-q2-update/bin/../lib/gcc/arm-none-eabi/9.3.1/../../../../arm-none-eabi/lib/thumb/v7e-m+fp/hard/libc_nano.a(lib_a-mprec.o)
                0x000000000800c960                __mcmp
 .text.__mdiff  0x000000000800c998      0x110 /home/ilian/opt/gcc-arm-none-eabi-9-2020-q2-update/bin/../lib/gcc/arm-none-eabi/9.3.1/../../../../arm-none-eabi/lib/thumb/v7e-m+fp/hard/libc_nano.a(lib_a-mprec.o)
                0x000000000800c998                __mdiff
 .text.__d2b    0x000000000800caa8       0xb8 /home/ilian/opt/gcc-arm-none-eabi-9-2020-q2-update/bin/../lib/gcc/arm-none-eabi/9.3.1/../../../../arm-none-eabi/lib/thumb/v7e-m+fp/hard/libc_nano.a(lib_a-mprec.o)
                0x000000000800caa8                __d2b
 .text._calloc_r
                0x000000000800cb60       0x1e /home/ilian/opt/gcc-arm-none-eabi-9-2020-q2-update/bin/../lib/gcc/arm-none-eabi/9.3.1/../../../../arm-none-eabi/lib/thumb/v7e-m+fp/hard/libc_nano.a(lib_a-nano-callocr.o)
                0x000000000800cb60                _calloc_r
 *fill*         0x000000000800cb7e        0x2 
 .text._free_r  0x000000000800cb80       0xa0 /home/ilian/opt/gcc-arm-none-eabi-9-2020-q2-update/bin/../lib/gcc/arm-none-eabi/9.3.1/../../../../arm-none-eabi/lib/thumb/v7e-m+fp/hard/libc_nano.a(lib_a-nano-freer.o)
                0x000000000800cb80                _free_r
 .text._malloc_r
                0x000000000800cc20       0xb4 /home/ilian/opt/gcc-arm-none-eabi-9-2020-q2-update/bin/../lib/gcc/arm-none-eabi/9.3.1/../../../../arm-none-eabi/lib/thumb/v7e-m+fp/hard/libc_nano.a(lib_a-nano-mallocr.o)
                0x000000000800cc20                _malloc_r
 .text.__sfputc_r
                0x000000000800ccd4       0x2e /home/ilian/opt/gcc-arm-none-eabi-9-2020-q2-update/bin/../lib/gcc/arm-none-eabi/9.3.1/../../../../arm-none-eabi/lib/thumb/v7e-m+fp/hard/libc_nano.a(lib_a-nano-vfprintf.o)
 .text.__sfputs_r
                0x000000000800cd02       0x24 /home/ilian/opt/gcc-arm-none-eabi-9-2020-q2-update/bin/../lib/gcc/arm-none-eabi/9.3.1/../../../../arm-none-eabi/lib/thumb/v7e-m+fp/hard/libc_nano.a(lib_a-nano-vfprintf.o)
                0x000000000800cd02                __sfputs_r
 *fill*         0x000000000800cd26        0x2 
 .text._vfprintf_r
                0x000000000800cd28      0x260 /home/ilian/opt/gcc-arm-none-eabi-9-2020-q2-update/bin/../lib/gcc/arm-none-eabi/9.3.1/../../../../arm-none-eabi/lib/thumb/v7e-m+fp/hard/libc_nano.a(lib_a-nano-vfprintf.o)
                0x000000000800cd28                _vfiprintf_r
                0x000000000800cd28                _vfprintf_r
 .text._sbrk_r  0x000000000800cf88       0x20 /home/ilian/opt/gcc-arm-none-eabi-9-2020-q2-update/bin/../lib/gcc/arm-none-eabi/9.3.1/../../../../arm-none-eabi/lib/thumb/v7e-m+fp/hard/libc_nano.a(lib_a-sbrkr.o)
                0x000000000800cf88                _sbrk_r
 .text.__sread  0x000000000800cfa8       0x22 /home/ilian/opt/gcc-arm-none-eabi-9-2020-q2-update/bin/../lib/gcc/arm-none-eabi/9.3.1/../../../../arm-none-eabi/lib/thumb/v7e-m+fp/hard/libc_nano.a(lib_a-stdio.o)
                0x000000000800cfa8                __sread
 .text.__swrite
                0x000000000800cfca       0x38 /home/ilian/opt/gcc-arm-none-eabi-9-2020-q2-update/bin/../lib/gcc/arm-none-eabi/9.3.1/../../../../arm-none-eabi/lib/thumb/v7e-m+fp/hard/libc_nano.a(lib_a-stdio.o)
                0x000000000800cfca                __swrite
 .text.__sseek  0x000000000800d002       0x24 /home/ilian/opt/gcc-arm-none-eabi-9-2020-q2-update/bin/../lib/gcc/arm-none-eabi/9.3.1/../../../../arm-none-eabi/lib/thumb/v7e-m+fp/hard/libc_nano.a(lib_a-stdio.o)
                0x000000000800d002                __sseek
 .text.__sclose
                0x000000000800d026        0x8 /home/ilian/opt/gcc-arm-none-eabi-9-2020-q2-update/bin/../lib/gcc/arm-none-eabi/9.3.1/../../../../arm-none-eabi/lib/thumb/v7e-m+fp/hard/libc_nano.a(lib_a-stdio.o)
                0x000000000800d026                __sclose
 *fill*         0x000000000800d02e        0x2 
 .text._write_r
                0x000000000800d030       0x24 /home/ilian/opt/gcc-arm-none-eabi-9-2020-q2-update/bin/../lib/gcc/arm-none-eabi/9.3.1/../../../../arm-none-eabi/lib/thumb/v7e-m+fp/hard/libc_nano.a(lib_a-writer.o)
                0x000000000800d030                _write_r
 .text.__assert_func
                0x000000000800d054       0x3c /home/ilian/opt/gcc-arm-none-eabi-9-2020-q2-update/bin/../lib/gcc/arm-none-eabi/9.3.1/../../../../arm-none-eabi/lib/thumb/v7e-m+fp/hard/libc_nano.a(lib_a-assert.o)
                0x000000000800d054                __assert_func
 .text._close_r
                0x000000000800d090       0x20 /home/ilian/opt/gcc-arm-none-eabi-9-2020-q2-update/bin/../lib/gcc/arm-none-eabi/9.3.1/../../../../arm-none-eabi/lib/thumb/v7e-m+fp/hard/libc_nano.a(lib_a-closer.o)
                0x000000000800d090                _close_r
 .text.fprintf  0x000000000800d0b0       0x24 /home/ilian/opt/gcc-arm-none-eabi-9-2020-q2-update/bin/../lib/gcc/arm-none-eabi/9.3.1/../../../../arm-none-eabi/lib/thumb/v7e-m+fp/hard/libc_nano.a(lib_a-fprintf.o)
                0x000000000800d0b0                fprintf
                0x000000000800d0b0                fiprintf
 .text._fstat_r
                0x000000000800d0d4       0x24 /home/ilian/opt/gcc-arm-none-eabi-9-2020-q2-update/bin/../lib/gcc/arm-none-eabi/9.3.1/../../../../arm-none-eabi/lib/thumb/v7e-m+fp/hard/libc_nano.a(lib_a-fstatr.o)
                0x000000000800d0d4                _fstat_r
 .text._isatty_r
                0x000000000800d0f8       0x20 /home/ilian/opt/gcc-arm-none-eabi-9-2020-q2-update/bin/../lib/gcc/arm-none-eabi/9.3.1/../../../../arm-none-eabi/lib/thumb/v7e-m+fp/hard/libc_nano.a(lib_a-isattyr.o)
                0x000000000800d0f8                _isatty_r
 .text._lseek_r
                0x000000000800d118       0x24 /home/ilian/opt/gcc-arm-none-eabi-9-2020-q2-update/bin/../lib/gcc/arm-none-eabi/9.3.1/../../../../arm-none-eabi/lib/thumb/v7e-m+fp/hard/libc_nano.a(lib_a-lseekr.o)
                0x000000000800d118                _lseek_r
 .text.__ascii_mbtowc
                0x000000000800d13c       0x24 /home/ilian/opt/gcc-arm-none-eabi-9-2020-q2-update/bin/../lib/gcc/arm-none-eabi/9.3.1/../../../../arm-none-eabi/lib/thumb/v7e-m+fp/hard/libc_nano.a(lib_a-mbtowc_r.o)
                0x000000000800d13c                __ascii_mbtowc
 .text.__malloc_lock
                0x000000000800d160        0xc /home/ilian/opt/gcc-arm-none-eabi-9-2020-q2-update/bin/../lib/gcc/arm-none-eabi/9.3.1/../../../../arm-none-eabi/lib/thumb/v7e-m+fp/hard/libc_nano.a(lib_a-mlock.o)
                0x000000000800d160                __malloc_lock
 .text.__malloc_unlock
                0x000000000800d16c        0xc /home/ilian/opt/gcc-arm-none-eabi-9-2020-q2-update/bin/../lib/gcc/arm-none-eabi/9.3.1/../../../../arm-none-eabi/lib/thumb/v7e-m+fp/hard/libc_nano.a(lib_a-mlock.o)
                0x000000000800d16c                __malloc_unlock
 .text._read_r  0x000000000800d178       0x24 /home/ilian/opt/gcc-arm-none-eabi-9-2020-q2-update/bin/../lib/gcc/arm-none-eabi/9.3.1/../../../../arm-none-eabi/lib/thumb/v7e-m+fp/hard/libc_nano.a(lib_a-readr.o)
                0x000000000800d178                _read_r
 .text.__ascii_wctomb
                0x000000000800d19c       0x1a /home/ilian/opt/gcc-arm-none-eabi-9-2020-q2-update/bin/../lib/gcc/arm-none-eabi/9.3.1/../../../../arm-none-eabi/lib/thumb/v7e-m+fp/hard/libc_nano.a(lib_a-wctomb_r.o)
                0x000000000800d19c                __ascii_wctomb
 .text.abort    0x000000000800d1b6        0xe /home/ilian/opt/gcc-arm-none-eabi-9-2020-q2-update/bin/../lib/gcc/arm-none-eabi/9.3.1/../../../../arm-none-eabi/lib/thumb/v7e-m+fp/hard/libc_nano.a(lib_a-abort.o)
                0x000000000800d1b6                abort
 .text._raise_r
                0x000000000800d1c4       0x50 /home/ilian/opt/gcc-arm-none-eabi-9-2020-q2-update/bin/../lib/gcc/arm-none-eabi/9.3.1/../../../../arm-none-eabi/lib/thumb/v7e-m+fp/hard/libc_nano.a(lib_a-signal.o)
                0x000000000800d1c4                _raise_r
 .text.raise    0x000000000800d214       0x10 /home/ilian/opt/gcc-arm-none-eabi-9-2020-q2-update/bin/../lib/gcc/arm-none-eabi/9.3.1/../../../../arm-none-eabi/lib/thumb/v7e-m+fp/hard/libc_nano.a(lib_a-signal.o)
                0x000000000800d214                raise
 .text._kill_r  0x000000000800d224       0x24 /home/ilian/opt/gcc-arm-none-eabi-9-2020-q2-update/bin/../lib/gcc/arm-none-eabi/9.3.1/../../../../arm-none-eabi/lib/thumb/v7e-m+fp/hard/libc_nano.a(lib_a-signalr.o)
                0x000000000800d224                _kill_r
 .text._getpid_r
                0x000000000800d248        0x4 /home/ilian/opt/gcc-arm-none-eabi-9-2020-q2-update/bin/../lib/gcc/arm-none-eabi/9.3.1/../../../../arm-none-eabi/lib/thumb/v7e-m+fp/hard/libc_nano.a(lib_a-signalr.o)
                0x000000000800d248                _getpid_r
 *(.glue_7)
 .glue_7        0x000000000800d24c        0x0 linker stubs
 *(.glue_7t)
 .glue_7t       0x000000000800d24c        0x0 linker stubs
 *(.eh_frame)
 .eh_frame      0x000000000800d24c        0x0 /home/ilian/opt/gcc-arm-none-eabi-9-2020-q2-update/bin/../lib/gcc/arm-none-eabi/9.3.1/thumb/v7e-m+fp/hard/crtbegin.o
 *(.init)
 .init          0x000000000800d24c        0x4 /home/ilian/opt/gcc-arm-none-eabi-9-2020-q2-update/bin/../lib/gcc/arm-none-eabi/9.3.1/thumb/v7e-m+fp/hard/crti.o
                0x000000000800d24c                _init
 .init          0x000000000800d250        0x8 /home/ilian/opt/gcc-arm-none-eabi-9-2020-q2-update/bin/../lib/gcc/arm-none-eabi/9.3.1/thumb/v7e-m+fp/hard/crtn.o
 *(.fini)
 .fini          0x000000000800d258        0x4 /home/ilian/opt/gcc-arm-none-eabi-9-2020-q2-update/bin/../lib/gcc/arm-none-eabi/9.3.1/thumb/v7e-m+fp/hard/crti.o
                0x000000000800d258                _fini
 .fini          0x000000000800d25c        0x8 /home/ilian/opt/gcc-arm-none-eabi-9-2020-q2-update/bin/../lib/gcc/arm-none-eabi/9.3.1/thumb/v7e-m+fp/hard/crtn.o
                0x000000000800d268                . = ALIGN (0x8)
 *fill*         0x000000000800d264        0x4 
                0x000000000800d268                _etext = .

.vfp11_veneer   0x000000000800d268        0x0
 .vfp11_veneer  0x000000000800d268        0x0 linker stubs

.v4_bx          0x000000000800d268        0x0
 .v4_bx         0x000000000800d268        0x0 linker stubs

.iplt           0x000000000800d268        0x0
 .iplt          0x000000000800d268        0x0 /home/ilian/opt/gcc-arm-none-eabi-9-2020-q2-update/bin/../lib/gcc/arm-none-eabi/9.3.1/thumb/v7e-m+fp/hard/crtbegin.o

.rodata         0x000000000800d268      0x658
                0x000000000800d268                . = ALIGN (0x8)
 *(.rodata)
 .rodata        0x000000000800d268       0xf2 build/main.o
 *fill*         0x000000000800d35a        0x2 
 .rodata        0x000000000800d35c       0x46 build/usbd_desc.o
 *(.rodata*)
 *fill*         0x000000000800d3a2        0x2 
 .rodata.AHBPrescTable
                0x000000000800d3a4       0x10 build/system_stm32l4xx.o
                0x000000000800d3a4                AHBPrescTable
 .rodata.MSIRangeTable
                0x000000000800d3b4       0x30 build/system_stm32l4xx.o
                0x000000000800d3b4                MSIRangeTable
 .rodata.chan_idx
                0x000000000800d3e4        0x8 build/deca_params_init.o
                0x000000000800d3e4                chan_idx
 .rodata.tx_config
                0x000000000800d3ec       0x18 build/deca_params_init.o
                0x000000000800d3ec                tx_config
 .rodata.fs_pll_cfg
                0x000000000800d404       0x18 build/deca_params_init.o
                0x000000000800d404                fs_pll_cfg
 .rodata.fs_pll_tune
                0x000000000800d41c        0x6 build/deca_params_init.o
                0x000000000800d41c                fs_pll_tune
 *fill*         0x000000000800d422        0x2 
 .rodata.rx_config
                0x000000000800d424        0x2 build/deca_params_init.o
                0x000000000800d424                rx_config
 *fill*         0x000000000800d426        0x2 
 .rodata.agc_config
                0x000000000800d428        0x8 build/deca_params_init.o
                0x000000000800d428                agc_config
 .rodata.dwnsSFDlen
                0x000000000800d430        0x3 build/deca_params_init.o
                0x000000000800d430                dwnsSFDlen
 *fill*         0x000000000800d433        0x1 
 .rodata.sftsh  0x000000000800d434        0xc build/deca_params_init.o
                0x000000000800d434                sftsh
 .rodata.dtune1
                0x000000000800d440        0x4 build/deca_params_init.o
                0x000000000800d440                dtune1
 .rodata.digital_bb_config
                0x000000000800d444       0x20 build/deca_params_init.o
                0x000000000800d444                digital_bb_config
 .rodata.lde_replicaCoeff
                0x000000000800d464       0x32 build/deca_params_init.o
                0x000000000800d464                lde_replicaCoeff
 *fill*         0x000000000800d496        0x2 
 .rodata._global_impure_ptr
                0x000000000800d498        0x4 /home/ilian/opt/gcc-arm-none-eabi-9-2020-q2-update/bin/../lib/gcc/arm-none-eabi/9.3.1/../../../../arm-none-eabi/lib/thumb/v7e-m+fp/hard/libc_nano.a(lib_a-impure.o)
                0x000000000800d498                _global_impure_ptr
 .rodata._printf_float.str1.1
                0x000000000800d49c       0x12 /home/ilian/opt/gcc-arm-none-eabi-9-2020-q2-update/bin/../lib/gcc/arm-none-eabi/9.3.1/../../../../arm-none-eabi/lib/thumb/v7e-m+fp/hard/libc_nano.a(lib_a-nano-vfprintf_float.o)
 .rodata._printf_i.str1.1
                0x000000000800d4ae       0x22 /home/ilian/opt/gcc-arm-none-eabi-9-2020-q2-update/bin/../lib/gcc/arm-none-eabi/9.3.1/../../../../arm-none-eabi/lib/thumb/v7e-m+fp/hard/libc_nano.a(lib_a-nano-vfprintf_i.o)
 .rodata._dtoa_r.str1.1
                0x000000000800d4d0       0xb1 /home/ilian/opt/gcc-arm-none-eabi-9-2020-q2-update/bin/../lib/gcc/arm-none-eabi/9.3.1/../../../../arm-none-eabi/lib/thumb/v7e-m+fp/hard/libc_nano.a(lib_a-dtoa.o)
                                         0xb3 (size before relaxing)
 *fill*         0x000000000800d581        0x3 
 .rodata.__sf_fake_stderr
                0x000000000800d584       0x20 /home/ilian/opt/gcc-arm-none-eabi-9-2020-q2-update/bin/../lib/gcc/arm-none-eabi/9.3.1/../../../../arm-none-eabi/lib/thumb/v7e-m+fp/hard/libc_nano.a(lib_a-findfp.o)
                0x000000000800d584                __sf_fake_stderr
 .rodata.__sf_fake_stdin
                0x000000000800d5a4       0x20 /home/ilian/opt/gcc-arm-none-eabi-9-2020-q2-update/bin/../lib/gcc/arm-none-eabi/9.3.1/../../../../arm-none-eabi/lib/thumb/v7e-m+fp/hard/libc_nano.a(lib_a-findfp.o)
                0x000000000800d5a4                __sf_fake_stdin
 .rodata.__sf_fake_stdout
                0x000000000800d5c4       0x20 /home/ilian/opt/gcc-arm-none-eabi-9-2020-q2-update/bin/../lib/gcc/arm-none-eabi/9.3.1/../../../../arm-none-eabi/lib/thumb/v7e-m+fp/hard/libc_nano.a(lib_a-findfp.o)
                0x000000000800d5c4                __sf_fake_stdout
 .rodata._Balloc.str1.1
                0x000000000800d5e4       0x7d /home/ilian/opt/gcc-arm-none-eabi-9-2020-q2-update/bin/../lib/gcc/arm-none-eabi/9.3.1/../../../../arm-none-eabi/lib/thumb/v7e-m+fp/hard/libc_nano.a(lib_a-mprec.o)
                                         0x94 (size before relaxing)
 .rodata.__multadd.str1.1
                0x000000000800d661       0x11 /home/ilian/opt/gcc-arm-none-eabi-9-2020-q2-update/bin/../lib/gcc/arm-none-eabi/9.3.1/../../../../arm-none-eabi/lib/thumb/v7e-m+fp/hard/libc_nano.a(lib_a-mprec.o)
 *fill*         0x000000000800d661        0x7 
 .rodata.__mprec_bigtens
                0x000000000800d668       0x28 /home/ilian/opt/gcc-arm-none-eabi-9-2020-q2-update/bin/../lib/gcc/arm-none-eabi/9.3.1/../../../../arm-none-eabi/lib/thumb/v7e-m+fp/hard/libc_nano.a(lib_a-mprec.o)
                0x000000000800d668                __mprec_bigtens
 .rodata.__mprec_tens
                0x000000000800d690       0xc8 /home/ilian/opt/gcc-arm-none-eabi-9-2020-q2-update/bin/../lib/gcc/arm-none-eabi/9.3.1/../../../../arm-none-eabi/lib/thumb/v7e-m+fp/hard/libc_nano.a(lib_a-mprec.o)
                0x000000000800d690                __mprec_tens
 .rodata.p05.7513
                0x000000000800d758        0xc /home/ilian/opt/gcc-arm-none-eabi-9-2020-q2-update/bin/../lib/gcc/arm-none-eabi/9.3.1/../../../../arm-none-eabi/lib/thumb/v7e-m+fp/hard/libc_nano.a(lib_a-mprec.o)
 .rodata._vfprintf_r.str1.1
                0x000000000800d764       0x11 /home/ilian/opt/gcc-arm-none-eabi-9-2020-q2-update/bin/../lib/gcc/arm-none-eabi/9.3.1/../../../../arm-none-eabi/lib/thumb/v7e-m+fp/hard/libc_nano.a(lib_a-nano-vfprintf.o)
 .rodata.__assert_func.str1.1
                0x000000000800d775       0x3c /home/ilian/opt/gcc-arm-none-eabi-9-2020-q2-update/bin/../lib/gcc/arm-none-eabi/9.3.1/../../../../arm-none-eabi/lib/thumb/v7e-m+fp/hard/libc_nano.a(lib_a-assert.o)
                                         0x3d (size before relaxing)
 .rodata._setlocale_r.str1.1
                0x000000000800d7b1        0x8 /home/ilian/opt/gcc-arm-none-eabi-9-2020-q2-update/bin/../lib/gcc/arm-none-eabi/9.3.1/../../../../arm-none-eabi/lib/thumb/v7e-m+fp/hard/libc_nano.a(lib_a-locale.o)
                                          0x9 (size before relaxing)
 .rodata.str1.1
                0x000000000800d7b9        0x2 /home/ilian/opt/gcc-arm-none-eabi-9-2020-q2-update/bin/../lib/gcc/arm-none-eabi/9.3.1/../../../../arm-none-eabi/lib/thumb/v7e-m+fp/hard/libc_nano.a(lib_a-locale.o)
 .rodata._ctype_
                0x000000000800d7bb      0x101 /home/ilian/opt/gcc-arm-none-eabi-9-2020-q2-update/bin/../lib/gcc/arm-none-eabi/9.3.1/../../../../arm-none-eabi/lib/thumb/v7e-m+fp/hard/libc_nano.a(lib_a-ctype_.o)
                0x000000000800d7bb                _ctype_
                0x000000000800d8c0                . = ALIGN (0x8)
 *fill*         0x000000000800d8bc        0x4 

.rel.dyn        0x000000000800d8c0        0x0
 .rel.iplt      0x000000000800d8c0        0x0 /home/ilian/opt/gcc-arm-none-eabi-9-2020-q2-update/bin/../lib/gcc/arm-none-eabi/9.3.1/thumb/v7e-m+fp/hard/crtbegin.o

.ARM.extab      0x000000000800d8c0        0x0
                0x000000000800d8c0                . = ALIGN (0x8)
 *(.ARM.extab* .gnu.linkonce.armextab.*)
                0x000000000800d8c0                . = ALIGN (0x8)

.ARM            0x000000000800d8c0        0x0
                0x000000000800d8c0                . = ALIGN (0x8)
                0x000000000800d8c0                __exidx_start = .
 *(.ARM.exidx*)
                0x000000000800d8c0                __exidx_end = .
                0x000000000800d8c0                . = ALIGN (0x8)

.preinit_array  0x000000000800d8c0        0x0
                0x000000000800d8c0                . = ALIGN (0x8)
                0x000000000800d8c0                PROVIDE (__preinit_array_start = .)
 *(.preinit_array*)
                0x000000000800d8c0                PROVIDE (__preinit_array_end = .)
                0x000000000800d8c0                . = ALIGN (0x8)

.init_array     0x000000000800d8c0        0x8
                0x000000000800d8c0                . = ALIGN (0x8)
                0x000000000800d8c0                PROVIDE (__init_array_start = .)
 *(SORT_BY_NAME(.init_array.*))
 *(.init_array*)
 .init_array    0x000000000800d8c0        0x4 /home/ilian/opt/gcc-arm-none-eabi-9-2020-q2-update/bin/../lib/gcc/arm-none-eabi/9.3.1/thumb/v7e-m+fp/hard/crtbegin.o
                0x000000000800d8c4                PROVIDE (__init_array_end = .)
                0x000000000800d8c8                . = ALIGN (0x8)
 *fill*         0x000000000800d8c4        0x4 

.fini_array     0x000000000800d8c8        0x8
                0x000000000800d8c8                . = ALIGN (0x8)
                [!provide]                        PROVIDE (__fini_array_start = .)
 *(SORT_BY_NAME(.fini_array.*))
 *(.fini_array*)
 .fini_array    0x000000000800d8c8        0x4 /home/ilian/opt/gcc-arm-none-eabi-9-2020-q2-update/bin/../lib/gcc/arm-none-eabi/9.3.1/thumb/v7e-m+fp/hard/crtbegin.o
                [!provide]                        PROVIDE (__fini_array_end = .)
                0x000000000800d8d0                . = ALIGN (0x8)
 *fill*         0x000000000800d8cc        0x4 
                0x000000000800d8d0                _sidata = LOADADDR (.data)

.data           0x0000000020000000      0x3f0 load address 0x000000000800d8d0
                0x0000000020000000                . = ALIGN (0x8)
                0x0000000020000000                _sdata = .
 *(.data)
 *(.data*)
 .data.config_ShortData_Fast
                0x0000000020000000        0xc build/main.o
 .data.config_LongData_Range
                0x000000002000000c        0xc build/main.o
 .data.config_LongData_Fast
                0x0000000020000018        0xc build/main.o
 .data.rx_poll_msg
                0x0000000020000024        0xc build/main.o
 .data.tx_resp_msg
                0x0000000020000030        0xf build/main.o
 *fill*         0x000000002000003f        0x1 
 .data.rx_final_msg
                0x0000000020000040       0x18 build/main.o
 .data.tx_poll_msg
                0x0000000020000058        0xc build/main.o
 .data.rx_resp_msg
                0x0000000020000064        0xf build/main.o
 *fill*         0x0000000020000073        0x1 
 .data.tx_final_msg
                0x0000000020000074       0x18 build/main.o
 .data.ConfigSel
                0x000000002000008c        0x1 build/main.o
                0x000000002000008c                ConfigSel
 *fill*         0x000000002000008d        0x1 
 .data.numMeasure
                0x000000002000008e        0x2 build/main.o
                0x000000002000008e                numMeasure
 .data.FS_Desc  0x0000000020000090       0x20 build/usbd_desc.o
                0x0000000020000090                FS_Desc
 .data.USBD_FS_DeviceDesc
                0x00000000200000b0       0x12 build/usbd_desc.o
                0x00000000200000b0                USBD_FS_DeviceDesc
 *fill*         0x00000000200000c2        0x2 
 .data.USBD_FS_BOSDesc
                0x00000000200000c4        0xc build/usbd_desc.o
                0x00000000200000c4                USBD_FS_BOSDesc
 .data.USBD_LangIDDesc
                0x00000000200000d0        0x4 build/usbd_desc.o
                0x00000000200000d0                USBD_LangIDDesc
 .data.USBD_StringSerial
                0x00000000200000d4       0x1a build/usbd_desc.o
                0x00000000200000d4                USBD_StringSerial
 *fill*         0x00000000200000ee        0x2 
 .data.USBD_Interface_fops_FS
                0x00000000200000f0       0x10 build/usbd_cdc_if.o
                0x00000000200000f0                USBD_Interface_fops_FS
 .data.uwTickPrio
                0x0000000020000100        0x4 build/stm32l4xx_hal.o
                0x0000000020000100                uwTickPrio
 .data.uwTickFreq
                0x0000000020000104        0x4 build/stm32l4xx_hal.o
                0x0000000020000104                uwTickFreq
 .data.SystemCoreClock
                0x0000000020000108        0x4 build/system_stm32l4xx.o
                0x0000000020000108                SystemCoreClock
 .data.USBD_CDC_DeviceQualifierDesc
                0x000000002000010c        0xa build/usbd_cdc.o
 *fill*         0x0000000020000116        0x2 
 .data.USBD_CDC
                0x0000000020000118       0x38 build/usbd_cdc.o
                0x0000000020000118                USBD_CDC
 .data.USBD_CDC_CfgHSDesc
                0x0000000020000150       0x43 build/usbd_cdc.o
                0x0000000020000150                USBD_CDC_CfgHSDesc
 *fill*         0x0000000020000193        0x1 
 .data.USBD_CDC_CfgFSDesc
                0x0000000020000194       0x43 build/usbd_cdc.o
                0x0000000020000194                USBD_CDC_CfgFSDesc
 *fill*         0x00000000200001d7        0x1 
 .data.USBD_CDC_OtherSpeedCfgDesc
                0x00000000200001d8       0x43 build/usbd_cdc.o
                0x00000000200001d8                USBD_CDC_OtherSpeedCfgDesc
 *fill*         0x000000002000021b        0x1 
 .data.pdw1000local
                0x000000002000021c        0x4 build/deca_device.o
 .data._impure_ptr
                0x0000000020000220        0x4 /home/ilian/opt/gcc-arm-none-eabi-9-2020-q2-update/bin/../lib/gcc/arm-none-eabi/9.3.1/../../../../arm-none-eabi/lib/thumb/v7e-m+fp/hard/libc_nano.a(lib_a-impure.o)
                0x0000000020000220                _impure_ptr
 .data.impure_data
                0x0000000020000224       0x60 /home/ilian/opt/gcc-arm-none-eabi-9-2020-q2-update/bin/../lib/gcc/arm-none-eabi/9.3.1/../../../../arm-none-eabi/lib/thumb/v7e-m+fp/hard/libc_nano.a(lib_a-impure.o)
 .data.__global_locale
                0x0000000020000284      0x16c /home/ilian/opt/gcc-arm-none-eabi-9-2020-q2-update/bin/../lib/gcc/arm-none-eabi/9.3.1/../../../../arm-none-eabi/lib/thumb/v7e-m+fp/hard/libc_nano.a(lib_a-locale.o)
                0x0000000020000284                __global_locale
                0x00000000200003f0                . = ALIGN (0x8)
                0x00000000200003f0                _edata = .

.igot.plt       0x00000000200003f0        0x0 load address 0x000000000800dcc0
 .igot.plt      0x00000000200003f0        0x0 /home/ilian/opt/gcc-arm-none-eabi-9-2020-q2-update/bin/../lib/gcc/arm-none-eabi/9.3.1/thumb/v7e-m+fp/hard/crtbegin.o
                0x00000000200003f0                . = ALIGN (0x4)

.bss            0x00000000200003f0     0x5154 load address 0x000000000800dcc0
                0x00000000200003f0                _sbss = .
                0x00000000200003f0                __bss_start__ = _sbss
 *(.bss)
 .bss           0x00000000200003f0       0x1c /home/ilian/opt/gcc-arm-none-eabi-9-2020-q2-update/bin/../lib/gcc/arm-none-eabi/9.3.1/thumb/v7e-m+fp/hard/crtbegin.o
 *(.bss*)
 .bss.frame_seq_nb_initiator
                0x000000002000040c        0x1 build/main.o
 .bss.frame_seq_nb_responder
                0x000000002000040d        0x1 build/main.o
 *fill*         0x000000002000040e        0x2 
 .bss.rx_buffer
                0x0000000020000410       0x18 build/main.o
 .bss.status_reg
                0x0000000020000428        0x4 build/main.o
 *fill*         0x000000002000042c        0x4 
 .bss.poll_rx_ts