<html>
<body>
<pre>
<h1>µVision Build Log</h1>
<h2>Tool Versions:</h2>
IDE-Version: µVision V5.28.0.0
Copyright (C) 2019 ARM Ltd and ARM Germany GmbH. All rights reserved.
License Information: Parham Davami HP Inc. Flex license: MDK Professional 5.28 (Flex) (mdk_pro) Operation stops: 18 Feb 2021
 
Tool Versions:
Toolchain:       MDK Professional 5.28 (Flex)  Version: 5.28.0.0
Toolchain Path:  C:\Keil_v5\ARM\ARMCC\Bin
C Compiler:      Armcc.exe V5.06 update 6 (build 750)
Assembler:       Armasm.exe V5.06 update 6 (build 750)
Linker/Locator:  ArmLink.exe V5.06 update 6 (build 750)
Library Manager: ArmAr.exe V5.06 update 6 (build 750)
Hex Converter:   FromElf.exe V5.06 update 6 (build 750)
CPU DLL:         SARMCM3.DLL V5.28.0.0
Dialog DLL:      DCM.DLL V1.17.3.0
Target DLL:      STLink\ST-LINKIII-KEIL_SWO.dll V3.0.6.0
Dialog DLL:      TCM.DLL V1.36.2.0
 
<h2>Project:</h2>
D:\ETH\Courses\SystemsOnChip\Project\ParhamVersion\MDK-ARM\Board2.uvprojx
Project File Date:  07/21/2020

<h2>Output:</h2>
*** Using Compiler 'V5.06 update 6 (build 750)', folder: 'C:\Keil_v5\ARM\ARMCC\Bin'
Rebuild target 'Board2'
compiling deca_params_init.c...
assembling startup_stm32l433xx.s...
compiling deca_range_tables.c...
..\Middlewares\Decawave\platform\deca_range_tables.c(647): warning:  #1035-D: single-precision operand implicitly converted to double-precision
      int rangeint25cm = (int) (range * 4.00) ;       // convert range to integer number of 25cm values.
..\Middlewares\Decawave\platform\deca_range_tables.c: 1 warning, 0 errors
compiling deca_device.c...
..\Middlewares\Decawave\decadriver\deca_device.c(1650): warning:  #68-D: integer conversion resulted in a change of sign
          return DWT_ERROR;
..\Middlewares\Decawave\decadriver\deca_device.c: 1 warning, 0 errors
compiling deca_mutex.c...
compiling deca_sleep.c...
compiling usb_device.c...
compiling deca_spi.c...
..\Middlewares\Decawave\platform\deca_spi.c(55): warning:  #161-D: unrecognized #pragma
  #pragma GCC optimize ("O3")
..\Middlewares\Decawave\platform\deca_spi.c(120): warning:  #161-D: unrecognized #pragma
  #pragma GCC optimize ("O3")
..\Middlewares\Decawave\platform\deca_spi.c: 2 warnings, 0 errors
compiling usbd_desc.c...
compiling port.c...
..\Middlewares\Decawave\platform\port.c(55): warning:  #161-D: unrecognized #pragma
  #pragma GCC optimize ("O0")
..\Middlewares\Decawave\platform\port.c(59): warning:  #161-D: unrecognized #pragma
  #pragma GCC ivdep
..\Middlewares\Decawave\platform\port.c(62): warning:  #161-D: unrecognized #pragma
  #pragma GCC ivdep
..\Middlewares\Decawave\platform\port.c(175): warning:  #188-D: enumerated type mixed with another type
          HAL_NVIC_EnableIRQ(EXTI2_IRQn);     //pin #0 -> EXTI #0
..\Middlewares\Decawave\platform\port.c(176): warning:  #188-D: enumerated type mixed with another type
          HAL_NVIC_SetPriority(EXTI2_IRQn, 5, 0);
..\Middlewares\Decawave\platform\port.c(180): warning:  #188-D: enumerated type mixed with another type
          HAL_NVIC_DisableIRQ(EXTI2_IRQn);    //pin #0 -> EXTI #0
..\Middlewares\Decawave\platform\port.c(300): warning:  #188-D: enumerated type mixed with another type
      NVIC_DisableIRQ(DECAIRQ_EXTI_IRQn);
..\Middlewares\Decawave\platform\port.c(309): warning:  #188-D: enumerated type mixed with another type
      NVIC_EnableIRQ(DECAIRQ_EXTI_IRQn);
..\Middlewares\Decawave\platform\port.c: 8 warnings, 0 errors
compiling usbd_conf.c...
compiling stm32l4xx_hal_msp.c...
compiling stm32l4xx_ll_usb.c...
compiling stm32l4xx_it.c...
compiling usbd_cdc_if.c...
compiling stm32l4xx_hal_pcd.c...
compiling stm32l4xx_hal_pcd_ex.c...
compiling main.c...
..\Src\main.c(352): warning:  #188-D: enumerated type mixed with another type
  				HAL_NVIC_EnableIRQ(EXTI2_IRQn);
..\Src\main.c(380): warning:  #188-D: enumerated type mixed with another type
  				HAL_NVIC_DisableIRQ (EXTI2_IRQn);
..\Src\main.c(607): warning:  #188-D: enumerated type mixed with another type
    HAL_NVIC_SetPriority(EXTI2_IRQn, 4, 0);
..\Src\main.c: 3 warnings, 0 errors
compiling stm32l4xx_hal.c...
compiling stm32l4xx_hal_i2c_ex.c...
compiling stm32l4xx_hal_flash_ex.c...
compiling stm32l4xx_hal_flash.c...
compiling stm32l4xx_hal_i2c.c...
compiling stm32l4xx_hal_rcc.c...
compiling stm32l4xx_hal_rcc_ex.c...
compiling stm32l4xx_hal_cortex.c...
compiling stm32l4xx_hal_dma_ex.c...
compiling stm32l4xx_hal_gpio.c...
compiling stm32l4xx_hal_dma.c...
compiling stm32l4xx_hal_flash_ramfunc.c...
compiling stm32l4xx_hal_pwr.c...
compiling stm32l4xx_hal_pwr_ex.c...
compiling stm32l4xx_hal_spi_ex.c...
compiling stm32l4xx_hal_exti.c...
compiling system_stm32l4xx.c...
compiling usbd_core.c...
compiling stm32l4xx_hal_tim_ex.c...
compiling stm32l4xx_hal_spi.c...
compiling stm32l4xx_hal_tim.c...
compiling usbd_ioreq.c...
compiling usbd_ctlreq.c...
compiling usbd_cdc.c...
linking...
Program Size: Code=24864 RO-data=668 RW-data=668 ZI-data=28836  
FromELF: creating hex file...
"Board2\Board2.axf" - 0 Error(s), 15 Warning(s).

<h2>Software Packages used:</h2>

Package Vendor: ARM
                http://www.keil.com/pack/ARM.CMSIS.5.6.0.pack
                ARM.CMSIS.5.6.0
                CMSIS (Cortex Microcontroller Software Interface Standard)
   * Component: CORE Version: 5.3.0

Package Vendor: Keil
                https://www.keil.com/pack/Keil.STM32L4xx_DFP.2.3.0.pack
                Keil.STM32L4xx_DFP.2.3.0
                STMicroelectronics STM32L4 Series Device Support, Drivers and Examples

<h2>Collection of Component include folders:</h2>
  .\RTE\_Board2
  C:\Users\davam\AppData\Local\Arm\Packs\ARM\CMSIS\5.6.0\CMSIS\Core\Include
  C:\Users\davam\AppData\Local\Arm\Packs\Keil\STM32L4xx_DFP\2.3.0\Drivers\CMSIS\Device\ST\STM32L4xx\Include

<h2>Collection of Component Files used:</h2>

   * Component: ARM::CMSIS:CORE:5.3.0
Build Time Elapsed:  00:01:03
</pre>
</body>
</html>
