Component: ARM Compiler 5.06 update 6 (build 750) Tool: armlink [4d35ed]

==============================================================================

Section Cross References

    startup_stm32l433xx.o(RESET) refers to startup_stm32l433xx.o(STACK) for __initial_sp
    startup_stm32l433xx.o(RESET) refers to startup_stm32l433xx.o(.text) for Reset_Handler
    startup_stm32l433xx.o(RESET) refers to stm32l4xx_it.o(i.NMI_Handler) for NMI_Handler
    startup_stm32l433xx.o(RESET) refers to stm32l4xx_it.o(i.HardFault_Handler) for HardFault_Handler
    startup_stm32l433xx.o(RESET) refers to stm32l4xx_it.o(i.MemManage_Handler) for MemManage_Handler
    startup_stm32l433xx.o(RESET) refers to stm32l4xx_it.o(i.BusFault_Handler) for BusFault_Handler
    startup_stm32l433xx.o(RESET) refers to stm32l4xx_it.o(i.UsageFault_Handler) for UsageFault_Handler
    startup_stm32l433xx.o(RESET) refers to stm32l4xx_it.o(i.SVC_Handler) for SVC_Handler
    startup_stm32l433xx.o(RESET) refers to stm32l4xx_it.o(i.DebugMon_Handler) for DebugMon_Handler
    startup_stm32l433xx.o(RESET) refers to stm32l4xx_it.o(i.PendSV_Handler) for PendSV_Handler
    startup_stm32l433xx.o(RESET) refers to stm32l4xx_it.o(i.SysTick_Handler) for SysTick_Handler
    startup_stm32l433xx.o(RESET) refers to stm32l4xx_it.o(i.EXTI2_IRQHandler) for EXTI2_IRQHandler
    startup_stm32l433xx.o(RESET) refers to stm32l4xx_it.o(i.EXTI4_IRQHandler) for EXTI4_IRQHandler
    startup_stm32l433xx.o(RESET) refers to stm32l4xx_it.o(i.TIM2_IRQHandler) for TIM2_IRQHandler
    startup_stm32l433xx.o(RESET) refers to stm32l4xx_it.o(i.USB_IRQHandler) for USB_IRQHandler
    startup_stm32l433xx.o(.text) refers to system_stm32l4xx.o(i.SystemInit) for SystemInit
    startup_stm32l433xx.o(.text) refers to entry.o(.ARM.Collect$$$$00000000) for __main
    deca_device.o(i._dwt_aonarrayupload) refers to deca_device.o(i.dwt_write8bitoffsetreg) for dwt_write8bitoffsetreg
    deca_device.o(i._dwt_aonconfigupload) refers to deca_device.o(i.dwt_write8bitoffsetreg) for dwt_write8bitoffsetreg
    deca_device.o(i._dwt_configlde) refers to deca_device.o(i.dwt_write8bitoffsetreg) for dwt_write8bitoffsetreg
    deca_device.o(i._dwt_configlde) refers to deca_device.o(i.dwt_write16bitoffsetreg) for dwt_write16bitoffsetreg
    deca_device.o(i._dwt_disablesequencing) refers to deca_device.o(i._dwt_enableclocks) for _dwt_enableclocks
    deca_device.o(i._dwt_disablesequencing) refers to deca_device.o(i.dwt_write16bitoffsetreg) for dwt_write16bitoffsetreg
    deca_device.o(i._dwt_enableclocks) refers to deca_device.o(i.dwt_readfromdevice) for dwt_readfromdevice
    deca_device.o(i._dwt_enableclocks) refers to deca_device.o(i.dwt_writetodevice) for dwt_writetodevice
    deca_device.o(i._dwt_loaducodefromrom) refers to deca_device.o(i._dwt_enableclocks) for _dwt_enableclocks
    deca_device.o(i._dwt_loaducodefromrom) refers to deca_device.o(i.dwt_write16bitoffsetreg) for dwt_write16bitoffsetreg
    deca_device.o(i._dwt_loaducodefromrom) refers to deca_sleep.o(i.deca_sleep) for deca_sleep
    deca_device.o(i._dwt_otpprogword32) refers to deca_device.o(i.dwt_writetodevice) for dwt_writetodevice
    deca_device.o(i._dwt_otpprogword32) refers to deca_sleep.o(i.deca_sleep) for deca_sleep
    deca_device.o(i._dwt_otpprogword32) refers to deca_device.o(i.dwt_readfromdevice) for dwt_readfromdevice
    deca_device.o(i._dwt_otpread) refers to deca_device.o(i.dwt_write16bitoffsetreg) for dwt_write16bitoffsetreg
    deca_device.o(i._dwt_otpread) refers to deca_device.o(i.dwt_write8bitoffsetreg) for dwt_write8bitoffsetreg
    deca_device.o(i._dwt_otpread) refers to deca_device.o(i.dwt_read32bitoffsetreg) for dwt_read32bitoffsetreg
    deca_device.o(i._dwt_otpsetmrregs) refers to deca_device.o(i.dwt_writetodevice) for dwt_writetodevice
    deca_device.o(i._dwt_otpsetmrregs) refers to deca_sleep.o(i.deca_sleep) for deca_sleep
    deca_device.o(i.dwt_calcbandwidthtempadj) refers to deca_device.o(i.dwt_read8bitoffsetreg) for dwt_read8bitoffsetreg
    deca_device.o(i.dwt_calcbandwidthtempadj) refers to deca_device.o(i.dwt_read16bitoffsetreg) for dwt_read16bitoffsetreg
    deca_device.o(i.dwt_calcbandwidthtempadj) refers to deca_device.o(i.dwt_read32bitoffsetreg) for dwt_read32bitoffsetreg
    deca_device.o(i.dwt_calcbandwidthtempadj) refers to deca_device.o(i.dwt_write8bitoffsetreg) for dwt_write8bitoffsetreg
    deca_device.o(i.dwt_calcbandwidthtempadj) refers to deca_device.o(i.dwt_write16bitoffsetreg) for dwt_write16bitoffsetreg
    deca_device.o(i.dwt_calcbandwidthtempadj) refers to deca_device.o(i.dwt_write32bitoffsetreg) for dwt_write32bitoffsetreg
    deca_device.o(i.dwt_calcbandwidthtempadj) refers to deca_sleep.o(i.deca_sleep) for deca_sleep
    deca_device.o(i.dwt_calcpgcount) refers to deca_device.o(i.dwt_read8bitoffsetreg) for dwt_read8bitoffsetreg
    deca_device.o(i.dwt_calcpgcount) refers to deca_device.o(i.dwt_read16bitoffsetreg) for dwt_read16bitoffsetreg
[...]
    .constdata                               0x080062cc   Section       24  deca_params_init.o(.constdata)
    .constdata                               0x080062e4   Section        6  deca_params_init.o(.constdata)
    .constdata                               0x080062ea   Section        2  deca_params_init.o(.constdata)
    .constdata                               0x080062ec   Section        8  deca_params_init.o(.constdata)
    .constdata                               0x080062f4   Section        3  deca_params_init.o(.constdata)
    .constdata                               0x080062f8   Section       12  deca_params_init.o(.constdata)
    .constdata                               0x08006304   Section        4  deca_params_init.o(.constdata)
    .constdata                               0x08006308   Section       32  deca_params_init.o(.constdata)
    .constdata                               0x08006328   Section       50  deca_params_init.o(.constdata)
    .constdata                               0x0800635c   Section       64  system_stm32l4xx.o(.constdata)
    .data                                    0x20000000   Section        4  deca_device.o(.data)
    pdw1000local                             0x20000000   Data           4  deca_device.o(.data)
    .data                                    0x20000004   Section        8  port.o(.data)
    signalResetDone                          0x20000008   Data           4  port.o(.data)
    .data                                    0x2000000c   Section       32  usbd_desc.o(.data)
    .data                                    0x2000002c   Section       62  usbd_desc.o(.data)
    .data                                    0x2000006c   Section       16  usbd_cdc_if.o(.data)
    .data                                    0x20000080   Section      242  main.o(.data)
    frame_seq_nb_initiator                   0x20000080   Data           1  main.o(.data)
    frame_seq_nb_responder                   0x20000081   Data           1  main.o(.data)
    status_reg                               0x20000088   Data           4  main.o(.data)
    poll_rx_ts                               0x200000a0   Data           8  main.o(.data)
    resp_tx_ts                               0x200000a8   Data           8  main.o(.data)
    final_rx_ts                              0x200000b0   Data           8  main.o(.data)
    poll_tx_ts                               0x200000b8   Data           8  main.o(.data)
    resp_rx_ts                               0x200000c0   Data           8  main.o(.data)
    final_tx_ts                              0x200000c8   Data           8  main.o(.data)
    tof                                      0x200000d0   Data           8  main.o(.data)
    distance                                 0x200000d8   Data           8  main.o(.data)
    config_ShortData_Fast                    0x200000e8   Data          12  main.o(.data)
    config_LongData_Range                    0x200000f4   Data          12  main.o(.data)
    config_LongData_Fast                     0x20000100   Data          12  main.o(.data)
    rx_poll_msg                              0x2000010c   Data          12  main.o(.data)
    tx_resp_msg                              0x20000118   Data          15  main.o(.data)
    rx_final_msg                             0x20000127   Data          24  main.o(.data)
    tx_poll_msg                              0x2000013f   Data          12  main.o(.data)
    rx_resp_msg                              0x2000014b   Data          15  main.o(.data)
    tx_final_msg                             0x2000015a   Data          24  main.o(.data)
    .data                                    0x20000174   Section       12  stm32l4xx_hal.o(.data)
    .data                                    0x20000180   Section        4  system_stm32l4xx.o(.data)
    .data                                    0x20000184   Section        1  usbd_ctlreq.o(.data)
    cfgidx                                   0x20000184   Data           1  usbd_ctlreq.o(.data)
    .data                                    0x20000188   Section      215  usbd_cdc.o(.data)
    USBD_CDC_DeviceQualifierDesc             0x20000188   Data          10  usbd_cdc.o(.data)
    .data                                    0x20000260   Section       56  usbd_cdc.o(.data)
    .data                                    0x20000298   Section        4  stdout.o(.data)
    .bss                                     0x2000029c   Section       56  deca_device.o(.bss)
    dw1000local                              0x2000029c   Data          56  deca_device.o(.bss)
    .bss                                     0x200002d4   Section      708  usb_device.o(.bss)
    .bss                                     0x20000598   Section     1172  usbd_conf.o(.bss)
    mem                                      0x20000598   Data         544  usbd_conf.o(.bss)
    .bss                                     0x20000a2c   Section      512  usbd_desc.o(.bss)
    .bss                                     0x20000c2c   Section     2000  usbd_cdc_if.o(.bss)
    .bss                                     0x20001400   Section    16192  main.o(.bss)
    rx_buffer                                0x200014a4   Data          24  main.o(.bss)
    STACK                                    0x20005340   Section     8192  startup_stm32l433xx.o(STACK)

    Global Symbols

    Symbol Name                              Value     Ov Type        Size  Object(Section)

    BuildAttributes$$THM_ISAv4$E$P$D$K$B$S$7EM$VFPi3$EXTD16$VFPS$VFMA$PE$A:L22UL41UL21$X:L11$S22US41US21$IEEE1$IW$USESV6$~STKCKD$USESV7$~SHL$OTIME$ROPI$EBA8$MICROLIB$REQ8$PRES8$EABIv2 0x00000000   Number         0  anon$$obj.o ABSOLUTE
    __ARM_use_no_argv                        0x00000000   Number         0  main.o ABSOLUTE
    _printf_a                                0x00000000   Number         0  stubs.o ABSOLUTE
    _printf_c                                0x00000000   Number         0  stubs.o ABSOLUTE
    _printf_charcount                        0x00000000   Number         0  stubs.o ABSOLUTE
    _printf_d                                0x00000000   Number         0  stubs.o ABSOLUTE
    _printf_e                                0x00000000   Number         0  stubs.o ABSOLUTE
    _printf_f                                0x00000000   Number         0  stubs.o ABSOLUTE
    _printf_flags                            0x00000000   Number         0  stubs.o ABSOLUTE
    _printf_fp_dec                           0x00000000   Number         0  stubs.o ABSOLUTE
    _printf_fp_hex                           0x00000000   Number         0  stubs.o ABSOLUTE
    _printf_g                                0x00000000   Number         0  stubs.o ABSOLUTE
    _printf_i                                0x00000000   Number         0  stubs.o ABSOLUTE
    _printf_int_dec                          0x00000000   Number         0  stubs.o ABSOLUTE
    _printf_l                                0x00000000   Number         0  stubs.o ABSOLUTE
    _printf_lc                               0x00000000   Number         0  stubs.o ABSOLUTE
    _printf_ll                               0x00000000   Number         0  stubs.o ABSOLUTE
    _printf_lld                              0x00000000   Number         0  stubs.o ABSOLUTE
    _printf_lli                              0x00000000   Number         0  stubs.o ABSOLUTE
    _printf_llo                              0x00000000   Number         0  stubs.o ABSOLUTE
    _printf_llu                              0x00000000   Number         0  stubs.o ABSOLUTE
    _printf_llx                              0x00000000   Number         0  stubs.o ABSOLUTE
    _printf_longlong_dec                     0x00000000   Number         0  stubs.o ABSOLUTE
    _printf_longlong_hex                     0x00000000   Number         0  stubs.o ABSOLUTE
    _printf_longlong_oct                     0x00000000   Number         0  stubs.o ABSOLUTE
    _printf_ls                               0x00000000   Number         0  stubs.o ABSOLUTE
    _printf_mbtowc                           0x00000000   Number         0  stubs.o ABSOLUTE
    _printf_n                                0x00000000   Number         0  stubs.o ABSOLUTE
    _printf_o                                0x00000000   Number         0  stubs.o ABSOLUTE
    _printf_p                                0x00000000   Number         0  stubs.o ABSOLUTE
    _printf_percent                          0x00000000   Number         0  stubs.o ABSOLUTE
    _printf_pre_padding                      0x00000000   Number         0  stubs.o ABSOLUTE
    _printf_return_value                     0x00000000   Number         0  stubs.o ABSOLUTE
    _printf_s                                0x00000000   Number         0  stubs.o ABSOLUTE
    _printf_sizespec                         0x00000000   Number         0  stubs.o ABSOLUTE
    _printf_str                              0x00000000   Number         0  stubs.o ABSOLUTE
    _printf_truncate_signed                  0x00000000   Number         0  stubs.o ABSOLUTE
    _printf_truncate_unsigned                0x00000000   Number         0  stubs.o ABSOLUTE
    _printf_u                                0x00000000   Number         0  stubs.o ABSOLUTE
    _printf_wc                               0x00000000   Number         0  stubs.o ABSOLUTE
    _printf_wctomb                           0x00000000   Number         0  stubs.o ABSOLUTE
    _printf_widthprec                        0x00000000   Number         0  stubs.o ABSOLUTE
    _printf_x                                0x00000000   Number         0  stubs.o ABSOLUTE
    __cpp_initialize__aeabi_                  - Undefined Weak Reference
    __cxa_finalize                            - Undefined Weak Reference
    _clock_init                               - Undefined Weak Reference
    _microlib_exit                            - Undefined Weak Reference
    __Vectors_Size                           0x0000018c   Number         0  startup_stm32l433xx.o ABSOLUTE
    __Vectors                                0x08000000   Data           4  startup_stm32l433xx.o(RESET)
    __Vectors_End                            0x0800018c   Data           0  startup_stm32l433xx.o(RESET)
    __main                                   0x0800018d   Thumb Code     0  entry.o(.ARM.Collect$$$$00000000)
    _main_stk                                0x0800018d   Thumb Code     0  entry2.o(.ARM.Collect$$$$00000001)
    _main_scatterload                        0x08000191   Thumb Code     0  entry5.o(.ARM.Collect$$$$00000004)
    __main_after_scatterload                 0x08000195   Thumb Code     0  entry5.o(.ARM.Collect$$$$00000004)
    _main_clock                              0x08000195   Thumb Code     0  entry7b.o(.ARM.Collect$$$$00000008)
    _main_cpp_init                           0x08000195   Thumb Code     0  entry8b.o(.ARM.Collect$$$$0000000A)
    _main_init                               0x08000195   Thumb Code     0  entry9a.o(.ARM.Collect$$$$0000000B)
    __rt_final_cpp                           0x0800019d   Thumb Code     0  entry10a.o(.ARM.Collect$$$$0000000D)
    __rt_final_exit                          0x0800019d   Thumb Code     0  entry11a.o(.ARM.Collect$$$$0000000F)
    Reset_Handler                            0x080001a1   Thumb Code     8  startup_stm32l433xx.o(.text)
    ADC1_IRQHandler                          0x080001bb   Thumb Code     0  startup_stm32l433xx.o(.text)
    CAN1_RX0_IRQHandler                      0x080001bb   Thumb Code     0  startup_stm32l433xx.o(.text)
    CAN1_RX1_IRQHandler                      0x080001bb   Thumb Code     0  startup_stm32l433xx.o(.text)
    CAN1_SCE_IRQHandler                      0x080001bb   Thumb Code     0  startup_stm32l433xx.o(.text)
    CAN1_TX_IRQHandler                       0x080001bb   Thumb Code     0  startup_stm32l433xx.o(.text)
    COMP_IRQHandler                          0x080001bb   Thumb Code     0  startup_stm32l433xx.o(.text)
    CRS_IRQHandler                           0x080001bb   Thumb Code     0  startup_stm32l433xx.o(.text)
    DMA1_Channel1_IRQHandler                 0x080001bb   Thumb Code     0  startup_stm32l433xx.o(.text)
    DMA1_Channel2_IRQHandler                 0x080001bb   Thumb Code     0  startup_stm32l433xx.o(.text)
    DMA1_Channel3_IRQHandler                 0x080001bb   Thumb Code     0  startup_stm32l433xx.o(.text)
    DMA1_Channel4_IRQHandler                 0x080001bb   Thumb Code     0  startup_stm32l433xx.o(.text)
    DMA1_Channel5_IRQHandler                 0x080001bb   Thumb Code     0  startup_stm32l433xx.o(.text)
    DMA1_Channel6_IRQHandler                 0x080001bb   Thumb Code     0  startup_stm32l433xx.o(.text)
    DMA1_Channel7_IRQHandler                 0x080001bb   Thumb Code     0  startup_stm32l433xx.o(.text)
    DMA2_Channel1_IRQHandler                 0x080001bb   Thumb Code     0  startup_stm32l433xx.o(.text)
    DMA2_Channel2_IRQHandler                 0x080001bb   Thumb Code     0  startup_stm32l433xx.o(.text)
    DMA2_Channel3_IRQHandler                 0x080001bb   Thumb Code     0  startup_stm32l433xx.o(.text)
    DMA2_Channel4_IRQHandler                 0x080001bb   Thumb Code     0  startup_stm32l433xx.o(.text)
    DMA2_Channel5_IRQHandler                 0x080001bb   Thumb Code     0  startup_stm32l433xx.o(.text)
    DMA2_Channel6_IRQHandler                 0x080001bb   Thumb Code     0  startup_stm32l433xx.o(.text)
    DMA2_Channel7_IRQHandler                 0x080001bb   Thumb Code     0  startup_stm32l433xx.o(.text)
    EXTI0_IRQHandler                         0x080001bb   Thumb Code     0  startup_stm32l433xx.o(.text)
    EXTI15_10_IRQHandler                     0x080001bb   Thumb Code     0  startup_stm32l433xx.o(.text)
    EXTI1_IRQHandler                         0x080001bb   Thumb Code     0  startup_stm32l433xx.o(.text)
    EXTI3_IRQHandler                         0x080001bb   Thumb Code     0  startup_stm32l433xx.o(.text)
    EXTI9_5_IRQHandler                       0x080001bb   Thumb Code     0  startup_stm32l433xx.o(.text)
    FLASH_IRQHandler                         0x080001bb   Thumb Code     0  startup_stm32l433xx.o(.text)
    FPU_IRQHandler                           0x080001bb   Thumb Code     0  startup_stm32l433xx.o(.text)
    I2C1_ER_IRQHandler                       0x080001bb   Thumb Code     0  startup_stm32l433xx.o(.text)
    I2C1_EV_IRQHandler                       0x080001bb   Thumb Code     0  startup_stm32l433xx.o(.text)
    I2C2_ER_IRQHandler                       0x080001bb   Thumb Code     0  startup_stm32l433xx.o(.text)
    I2C2_EV_IRQHandler                       0x080001bb   Thumb Code     0  startup_stm32l433xx.o(.text)
    I2C3_ER_IRQHandler                       0x080001bb   Thumb Code     0  startup_stm32l433xx.o(.text)
    I2C3_EV_IRQHandler                       0x080001bb   Thumb Code     0  startup_stm32l433xx.o(.text)
    LCD_IRQHandler                           0x080001bb   Thumb Code     0  startup_stm32l433xx.o(.text)
    LPTIM1_IRQHandler                        0x080001bb   Thumb Code     0  startup_stm32l433xx.o(.text)
    LPTIM2_IRQHandler                        0x080001bb   Thumb Code     0  startup_stm32l433xx.o(.text)
    LPUART1_IRQHandler                       0x080001bb   Thumb Code     0  startup_stm32l433xx.o(.text)
    PVD_PVM_IRQHandler                       0x080001bb   Thumb Code     0  startup_stm32l433xx.o(.text)
    QUADSPI_IRQHandler                       0x080001bb   Thumb Code     0  startup_stm32l433xx.o(.text)
    RCC_IRQHandler                           0x080001bb   Thumb Code     0  startup_stm32l433xx.o(.text)
    RNG_IRQHandler                           0x080001bb   Thumb Code     0  startup_stm32l433xx.o(.text)
    RTC_Alarm_IRQHandler                     0x080001bb   Thumb Code     0  startup_stm32l433xx.o(.text)
    RTC_WKUP_IRQHandler                      0x080001bb   Thumb Code     0  startup_stm32l433xx.o(.text)
    SAI1_IRQHandler                          0x080001bb   Thumb Code     0  startup_stm32l433xx.o(.text)
    SDMMC1_IRQHandler                        0x080001bb   Thumb Code     0  startup_stm32l433xx.o(.text)
    SPI1_IRQHandler                          0x080001bb   Thumb Code     0  startup_stm32l433xx.o(.text)
    SPI2_IRQHandler                          0x080001bb   Thumb Code     0  startup_stm32l433xx.o(.text)
    SPI3_IRQHandler                          0x080001bb   Thumb Code     0  startup_stm32l433xx.o(.text)
    SWPMI1_IRQHandler                        0x080001bb   Thumb Code     0  startup_stm32l433xx.o(.text)
    TAMP_STAMP_IRQHandler                    0x080001bb   Thumb Code     0  startup_stm32l433xx.o(.text)
    TIM1_BRK_TIM15_IRQHandler                0x080001bb   Thumb Code     0  startup_stm32l433xx.o(.text)
    TIM1_CC_IRQHandler                       0x080001bb   Thumb Code     0  startup_stm32l433xx.o(.text)
    TIM1_TRG_COM_IRQHandler                  0x080001bb   Thumb Code     0  startup_stm32l433xx.o(.text)
    TIM1_UP_TIM16_IRQHandler                 0x080001bb   Thumb Code     0  startup_stm32l433xx.o(.text)
    TIM6_DAC_IRQHandler                      0x080001bb   Thumb Code     0  startup_stm32l433xx.o(.text)
    TIM7_IRQHandler                          0x080001bb   Thumb Code     0  startup_stm32l433xx.o(.text)
    TSC_IRQHandler                           0x080001bb   Thumb Code     0  startup_stm32l433xx.o(.text)
    USART1_IRQHandler                        0x080001bb   Thumb Code     0  startup_stm32l433xx.o(.text)
    USART2_IRQHandler                        0x080001bb   Thumb Code     0  startup_stm32l433xx.o(.text)
    USART3_IRQHandler                        0x080001bb   Thumb Code     0  startup_stm32l433xx.o(.text)
    WWDG_IRQHandler                          0x080001bb   Thumb Code     0  startup_stm32l433xx.o(.text)
    __aeabi_memcpy                           0x080001c5   Thumb Code    36  memcpya.o(.text)
    __aeabi_memcpy4                          0x080001c5   Thumb Code     0  memcpya.o(.text)
    __aeabi_memcpy8                          0x080001c5   Thumb Code     0  memcpya.o(.text)
    __aeabi_memset                           0x080001e9   Thumb Code    14  memseta.o(.text)
    __aeabi_memset4                          0x080001e9   Thumb Code     0  memseta.o(.text)
    __aeabi_memset8                          0x080001e9   Thumb Code     0  memseta.o(.text)
    __aeabi_memclr                           0x080001f7   Thumb Code     4  memseta.o(.text)
    __aeabi_memclr4                          0x080001f7   Thumb Code     0  memseta.o(.text)
    __aeabi_memclr8                          0x080001f7   Thumb Code     0  memseta.o(.text)
    _memset$wrapper                          0x080001fb   Thumb Code    18  memseta.o(.text)
    memcmp                                   0x0800020d   Thumb Code    26  memcmp.o(.text)
    __aeabi_dadd                             0x08000227   Thumb Code   322  dadd.o(.text)
    __aeabi_dsub                             0x08000369   Thumb Code     6  dadd.o(.text)
    __aeabi_drsub                            0x0800036f   Thumb Code     6  dadd.o(.text)
    __aeabi_dmul                             0x08000385   Thumb Code   228  dmul.o(.text)
    __aeabi_ddiv                             0x0800046f   Thumb Code   222  ddiv.o(.text)
    __aeabi_ui2d                             0x0800054d   Thumb Code    26  dfltui.o(.text)
    __aeabi_l2d                              0x08000567   Thumb Code    40  dfltl.o(.text)
    __aeabi_d2lz                             0x0800058f   Thumb Code    74  dfixl.o(.text)
    __aeabi_uidiv                            0x080005d9   Thumb Code     0  uidiv.o(.text)
    __aeabi_uidivmod                         0x080005d9   Thumb Code    44  uidiv.o(.text)
    __aeabi_uldivmod                         0x08000605   Thumb Code    98  uldiv.o(.text)
    __aeabi_llsl                             0x0800066d   Thumb Code    30  llshl.o(.text)
    _ll_shift_l                              0x0800066d   Thumb Code     0  llshl.o(.text)
    __aeabi_llsr                             0x0800068b   Thumb Code    32  llushr.o(.text)
    _ll_ushift_r                             0x0800068b   Thumb Code     0  llushr.o(.text)
    __aeabi_lasr                             0x080006ab   Thumb Code    36  llsshr.o(.text)
    _ll_sshift_r                             0x080006ab   Thumb Code     0  llsshr.o(.text)
    __I$use$fp                               0x080006cf   Thumb Code     0  iusefp.o(.text)
    _double_round                            0x080006cf   Thumb Code    30  depilogue.o(.text)
    _double_epilogue                         0x080006ed   Thumb Code   156  depilogue.o(.text)
    __aeabi_d2ulz                            0x08000789   Thumb Code    48  dfixul.o(.text)
    __aeabi_cdrcmple                         0x080007b9   Thumb Code    48  cdrcmple.o(.text)
    __scatterload                            0x080007e9   Thumb Code    28  init.o(.text)
    __scatterload_rt2                        0x080007e9   Thumb Code     0  init.o(.text)
    __decompress                             0x0800080d   Thumb Code     0  __dczerorl2.o(.text)
    __decompress1                            0x0800080d   Thumb Code    86  __dczerorl2.o(.text)
    BusFault_Handler                         0x08000863   Thumb Code     2  stm32l4xx_it.o(i.BusFault_Handler)
    CDC_Transmit_FS                          0x080008a9   Thumb Code    38  usbd_cdc_if.o(i.CDC_Transmit_FS)
    DebugMon_Handler                         0x080008d5   Thumb Code     2  stm32l4xx_it.o(i.DebugMon_Handler)
    EXTI2_IRQHandler                         0x080008d7   Thumb Code     6  stm32l4xx_it.o(i.EXTI2_IRQHandler)
    EXTI4_IRQHandler                         0x080008dd   Thumb Code     6  stm32l4xx_it.o(i.EXTI4_IRQHandler)
    EXTI_GetITEnStatus                       0x080008e3   Thumb Code    32  port.o(i.EXTI_GetITEnStatus)
    Error_Handler                            0x08000903   Thumb Code     2  main.o(i.Error_Handler)
    HAL_Delay                                0x08000905   Thumb Code    32  stm32l4xx_hal.o(i.HAL_Delay)
    HAL_GPIO_DeInit                          0x08000929   Thumb Code   286  stm32l4xx_hal_gpio.o(i.HAL_GPIO_DeInit)
    HAL_GPIO_EXTI_Callback                   0x08000a69   Thumb Code    34  main.o(i.HAL_GPIO_EXTI_Callback)
    HAL_GPIO_EXTI_IRQHandler                 0x08000a91   Thumb Code    18  stm32l4xx_hal_gpio.o(i.HAL_GPIO_EXTI_IRQHandler)
    HAL_GPIO_Init                            0x08000aa9   Thumb Code   412  stm32l4xx_hal_gpio.o(i.HAL_GPIO_Init)
    HAL_GPIO_ReadPin                         0x08000c67   Thumb Code    10  stm32l4xx_hal_gpio.o(i.HAL_GPIO_ReadPin)
    HAL_GPIO_WritePin                        0x08000c71   Thumb Code    10  stm32l4xx_hal_gpio.o(i.HAL_GPIO_WritePin)
    HAL_GetTick                              0x08000c7d   Thumb Code     6  stm32l4xx_hal.o(i.HAL_GetTick)
    HAL_IncTick                              0x08000c89   Thumb Code    12  stm32l4xx_hal.o(i.HAL_IncTick)
    HAL_Init                                 0x08000c99   Thumb Code    30  stm32l4xx_hal.o(i.HAL_Init)
    HAL_InitTick                             0x08000cb9   Thumb Code    58  stm32l4xx_hal.o(i.HAL_InitTick)
    HAL_MspInit                              0x08000cfd   Thumb Code    38  stm32l4xx_hal_msp.o(i.HAL_MspInit)
    HAL_NVIC_DisableIRQ                      0x08000d29   Thumb Code    34  stm32l4xx_hal_cortex.o(i.HAL_NVIC_DisableIRQ)
    HAL_NVIC_EnableIRQ                       0x08000d4b   Thumb Code    26  stm32l4xx_hal_cortex.o(i.HAL_NVIC_EnableIRQ)
    HAL_NVIC_SetPriority                     0x08000d65   Thumb Code    60  stm32l4xx_hal_cortex.o(i.HAL_NVIC_SetPriority)
    HAL_NVIC_SetPriorityGrouping             0x08000da5   Thumb Code    26  stm32l4xx_hal_cortex.o(i.HAL_NVIC_SetPriorityGrouping)
    HAL_PCDEx_ActivateLPM                    0x08000dc9   Thumb Code    36  stm32l4xx_hal_pcd_ex.o(i.HAL_PCDEx_ActivateLPM)
    HAL_PCDEx_LPM_Callback                   0x08000ded   Thumb Code    64  usbd_conf.o(i.HAL_PCDEx_LPM_Callback)
    HAL_PCDEx_PMAConfig                      0x08000e31   Thumb Code    52  stm32l4xx_hal_pcd_ex.o(i.HAL_PCDEx_PMAConfig)
    HAL_PCD_DataInStageCallback              0x08000e65   Thumb Code    14  usbd_conf.o(i.HAL_PCD_DataInStageCallback)
    HAL_PCD_DataOutStageCallback             0x08000e73   Thumb Code    16  usbd_conf.o(i.HAL_PCD_DataOutStageCallback)
    HAL_PCD_EP_Close                         0x08000e83   Thumb Code    72  stm32l4xx_hal_pcd.o(i.HAL_PCD_EP_Close)
    HAL_PCD_EP_ClrStall                      0x08000ecb   Thumb Code    88  stm32l4xx_hal_pcd.o(i.HAL_PCD_EP_ClrStall)
    HAL_PCD_EP_GetRxCount                    0x08000f23   Thumb Code    14  stm32l4xx_hal_pcd.o(i.HAL_PCD_EP_GetRxCount)
    HAL_PCD_EP_Open                          0x08000f31   Thumb Code    92  stm32l4xx_hal_pcd.o(i.HAL_PCD_EP_Open)
    HAL_PCD_EP_Receive                       0x08000f8d   Thumb Code    46  stm32l4xx_hal_pcd.o(i.HAL_PCD_EP_Receive)
    HAL_PCD_EP_SetStall                      0x08000fbb   Thumb Code   106  stm32l4xx_hal_pcd.o(i.HAL_PCD_EP_SetStall)
    HAL_PCD_EP_Transmit                      0x08001025   Thumb Code    42  stm32l4xx_hal_pcd.o(i.HAL_PCD_EP_Transmit)
    HAL_PCD_IRQHandler                       0x0800104f   Thumb Code   368  stm32l4xx_hal_pcd.o(i.HAL_PCD_IRQHandler)
    HAL_PCD_Init                             0x080011c1   Thumb Code   222  stm32l4xx_hal_pcd.o(i.HAL_PCD_Init)
    HAL_PCD_MspInit                          0x080012a1   Thumb Code    50  usbd_conf.o(i.HAL_PCD_MspInit)
    HAL_PCD_ResetCallback                    0x080012dd   Thumb Code    38  usbd_conf.o(i.HAL_PCD_ResetCallback)
    HAL_PCD_ResumeCallback                   0x08001305   Thumb Code    34  usbd_conf.o(i.HAL_PCD_ResumeCallback)
    HAL_PCD_SOFCallback                      0x0800132d   Thumb Code     8  usbd_conf.o(i.HAL_PCD_SOFCallback)
    HAL_PCD_SetAddress                       0x08001335   Thumb Code    40  stm32l4xx_hal_pcd.o(i.HAL_PCD_SetAddress)
    HAL_PCD_SetupStageCallback               0x0800135d   Thumb Code    14  usbd_conf.o(i.HAL_PCD_SetupStageCallback)
    HAL_PCD_Start                            0x0800136b   Thumb Code    42  stm32l4xx_hal_pcd.o(i.HAL_PCD_Start)
    HAL_PCD_SuspendCallback                  0x08001395   Thumb Code    30  usbd_conf.o(i.HAL_PCD_SuspendCallback)
    HAL_PWREx_ControlVoltageScaling          0x080013b9   Thumb Code    90  stm32l4xx_hal_pwr_ex.o(i.HAL_PWREx_ControlVoltageScaling)
    HAL_PWREx_EnableVddUSB                   0x08001421   Thumb Code    12  stm32l4xx_hal_pwr_ex.o(i.HAL_PWREx_EnableVddUSB)
    HAL_PWREx_GetVoltageRange                0x08001431   Thumb Code    10  stm32l4xx_hal_pwr_ex.o(i.HAL_PWREx_GetVoltageRange)
    HAL_RCCEx_PeriphCLKConfig                0x08001441   Thumb Code   736  stm32l4xx_hal_rcc_ex.o(i.HAL_RCCEx_PeriphCLKConfig)
    HAL_RCC_ClockConfig                      0x08001731   Thumb Code   266  stm32l4xx_hal_rcc.o(i.HAL_RCC_ClockConfig)
    HAL_RCC_GetSysClockFreq                  0x08001851   Thumb Code   150  stm32l4xx_hal_rcc.o(i.HAL_RCC_GetSysClockFreq)
    HAL_RCC_OscConfig                        0x080018f5   Thumb Code  1382  stm32l4xx_hal_rcc.o(i.HAL_RCC_OscConfig)
    HAL_SPI_DeInit                           0x08001e61   Thumb Code    46  stm32l4xx_hal_spi.o(i.HAL_SPI_DeInit)
    HAL_SPI_GetState                         0x08001e8f   Thumb Code     6  stm32l4xx_hal_spi.o(i.HAL_SPI_GetState)
    HAL_SPI_Init                             0x08001e95   Thumb Code   172  stm32l4xx_hal_spi.o(i.HAL_SPI_Init)
    HAL_SPI_MspDeInit                        0x08001f41   Thumb Code    30  stm32l4xx_hal_msp.o(i.HAL_SPI_MspDeInit)
    HAL_SPI_MspInit                          0x08001f69   Thumb Code    90  stm32l4xx_hal_msp.o(i.HAL_SPI_MspInit)
    HAL_SPI_Transmit                         0x08001fcd   Thumb Code   382  stm32l4xx_hal_spi.o(i.HAL_SPI_Transmit)
    HAL_SPI_TransmitReceive                  0x08002151   Thumb Code   610  stm32l4xx_hal_spi.o(i.HAL_SPI_TransmitReceive)
    HAL_SYSTICK_Config                       0x080023b9   Thumb Code    40  stm32l4xx_hal_cortex.o(i.HAL_SYSTICK_Config)
    HAL_TIMEx_Break2Callback                 0x080023e1   Thumb Code     2  stm32l4xx_hal_tim_ex.o(i.HAL_TIMEx_Break2Callback)
    HAL_TIMEx_BreakCallback                  0x080023e3   Thumb Code     2  stm32l4xx_hal_tim_ex.o(i.HAL_TIMEx_BreakCallback)
    HAL_TIMEx_CommutCallback                 0x080023e5   Thumb Code     2  stm32l4xx_hal_tim_ex.o(i.HAL_TIMEx_CommutCallback)
    HAL_TIMEx_MasterConfigSynchronization    0x080023e9   Thumb Code    98  stm32l4xx_hal_tim_ex.o(i.HAL_TIMEx_MasterConfigSynchronization)
    HAL_TIM_Base_Init                        0x08002455   Thumb Code    54  stm32l4xx_hal_tim.o(i.HAL_TIM_Base_Init)
    HAL_TIM_Base_MspInit                     0x0800248d   Thumb Code    50  stm32l4xx_hal_msp.o(i.HAL_TIM_Base_MspInit)
    HAL_TIM_Base_Start                       0x080024c5   Thumb Code    42  stm32l4xx_hal_tim.o(i.HAL_TIM_Base_Start)
    HAL_TIM_ConfigClockSource                0x080024f5   Thumb Code   214  stm32l4xx_hal_tim.o(i.HAL_TIM_ConfigClockSource)
    HAL_TIM_IC_CaptureCallback               0x080025d1   Thumb Code     2  stm32l4xx_hal_tim.o(i.HAL_TIM_IC_CaptureCallback)
    HAL_TIM_IRQHandler                       0x080025d3   Thumb Code   388  stm32l4xx_hal_tim.o(i.HAL_TIM_IRQHandler)
    HAL_TIM_OC_DelayElapsedCallback          0x08002757   Thumb Code     2  stm32l4xx_hal_tim.o(i.HAL_TIM_OC_DelayElapsedCallback)
    HAL_TIM_PWM_PulseFinishedCallback        0x08002759   Thumb Code     2  stm32l4xx_hal_tim.o(i.HAL_TIM_PWM_PulseFinishedCallback)
    HAL_TIM_PeriodElapsedCallback            0x0800275b   Thumb Code     2  stm32l4xx_hal_tim.o(i.HAL_TIM_PeriodElapsedCallback)
    HAL_TIM_TriggerCallback                  0x0800275d   Thumb Code     2  stm32l4xx_hal_tim.o(i.HAL_TIM_TriggerCallback)
    HardFault_Handler                        0x0800275f   Thumb Code     2  stm32l4xx_it.o(i.HardFault_Handler)
    MX_USB_DEVICE_Init                       0x08002ac9   Thumb Code    66  usb_device.o(i.MX_USB_DEVICE_Init)
    MemManage_Handler                        0x08002b1d   Thumb Code     2  stm32l4xx_it.o(i.MemManage_Handler)
    NMI_Handler                              0x08002b1f   Thumb Code     2  stm32l4xx_it.o(i.NMI_Handler)
    PendSV_Handler                           0x08002dc9   Thumb Code     2  stm32l4xx_it.o(i.PendSV_Handler)
    SVC_Handler                              0x080030e7   Thumb Code     2  stm32l4xx_it.o(i.SVC_Handler)
    Sleep                                    0x080030e9   Thumb Code     4  port.o(i.Sleep)
    SysTick_Handler                          0x080030ed   Thumb Code     4  stm32l4xx_it.o(i.SysTick_Handler)
    SystemClock_Config                       0x080030f1   Thumb Code   130  main.o(i.SystemClock_Config)
    SystemInit                               0x08003175   Thumb Code    56  system_stm32l4xx.o(i.SystemInit)
    TIM2_IRQHandler                          0x080031b9   Thumb Code     6  stm32l4xx_it.o(i.TIM2_IRQHandler)
    TIM_Base_SetConfig                       0x080031c5   Thumb Code    94  stm32l4xx_hal_tim.o(i.TIM_Base_SetConfig)
    TIM_ETR_SetConfig                        0x08003231   Thumb Code    20  stm32l4xx_hal_tim.o(i.TIM_ETR_SetConfig)
    USBD_CDC_GetDeviceQualifierDescriptor    0x08003379   Thumb Code     8  usbd_cdc.o(i.USBD_CDC_GetDeviceQualifierDescriptor)
    USBD_CDC_ReceivePacket                   0x0800343d   Thumb Code    40  usbd_cdc.o(i.USBD_CDC_ReceivePacket)
    USBD_CDC_RegisterInterface               0x08003465   Thumb Code    16  usbd_cdc.o(i.USBD_CDC_RegisterInterface)
    USBD_CDC_SetRxBuffer                     0x08003475   Thumb Code    12  usbd_cdc.o(i.USBD_CDC_SetRxBuffer)
    USBD_CDC_SetTxBuffer                     0x08003481   Thumb Code    16  usbd_cdc.o(i.USBD_CDC_SetTxBuffer)
    USBD_CDC_TransmitPacket                  0x0800353d   Thumb Code    54  usbd_cdc.o(i.USBD_CDC_TransmitPacket)
    USBD_ClrClassConfig                      0x08003573   Thumb Code    14  usbd_core.o(i.USBD_ClrClassConfig)
    USBD_CtlContinueRx                       0x08003581   Thumb Code    16  usbd_ioreq.o(i.USBD_CtlContinueRx)
    USBD_CtlContinueSendData                 0x08003591   Thumb Code    16  usbd_ioreq.o(i.USBD_CtlContinueSendData)
    USBD_CtlError                            0x080035a1   Thumb Code    22  usbd_ctlreq.o(i.USBD_CtlError)
    USBD_CtlPrepareRx                        0x080035b7   Thumb Code    30  usbd_ioreq.o(i.USBD_CtlPrepareRx)
    USBD_CtlReceiveStatus                    0x080035d5   Thumb Code    22  usbd_ioreq.o(i.USBD_CtlReceiveStatus)
    USBD_CtlSendData                         0x080035eb   Thumb Code    26  usbd_ioreq.o(i.USBD_CtlSendData)
    USBD_CtlSendStatus                       0x08003605   Thumb Code    22  usbd_ioreq.o(i.USBD_CtlSendStatus)
    USBD_FS_ConfigStrDescriptor              0x0800361d   Thumb Code    16  usbd_desc.o(i.USBD_FS_ConfigStrDescriptor)
    USBD_FS_DeviceDescriptor                 0x0800363d   Thumb Code     8  usbd_desc.o(i.USBD_FS_DeviceDescriptor)
    USBD_FS_InterfaceStrDescriptor           0x08003649   Thumb Code    16  usbd_desc.o(i.USBD_FS_InterfaceStrDescriptor)
    USBD_FS_LangIDStrDescriptor              0x0800366d   Thumb Code     8  usbd_desc.o(i.USBD_FS_LangIDStrDescriptor)
    USBD_FS_ManufacturerStrDescriptor        0x08003679   Thumb Code    16  usbd_desc.o(i.USBD_FS_ManufacturerStrDescriptor)
    USBD_FS_ProductStrDescriptor             0x080036a1   Thumb Code    16  usbd_desc.o(i.USBD_FS_ProductStrDescriptor)
    USBD_FS_SerialStrDescriptor              0x080036cd   Thumb Code    48  usbd_desc.o(i.USBD_FS_SerialStrDescriptor)
    USBD_FS_USR_BOSDescriptor                0x08003705   Thumb Code     8  usbd_desc.o(i.USBD_FS_USR_BOSDescriptor)
    USBD_GetString                           0x0800380d   Thumb Code    72  usbd_ctlreq.o(i.USBD_GetString)
    USBD_Init                                0x08003855   Thumb Code    42  usbd_core.o(i.USBD_Init)
    USBD_LL_ClearStallEP                     0x0800387f   Thumb Code    32  usbd_conf.o(i.USBD_LL_ClearStallEP)
    USBD_LL_CloseEP                          0x0800389f   Thumb Code    32  usbd_conf.o(i.USBD_LL_CloseEP)
    USBD_LL_DataInStage                      0x080038bf   Thumb Code   198  usbd_core.o(i.USBD_LL_DataInStage)
    USBD_LL_DataOutStage                     0x08003985   Thumb Code   130  usbd_core.o(i.USBD_LL_DataOutStage)
    USBD_LL_GetRxDataSize                    0x08003a07   Thumb Code     8  usbd_conf.o(i.USBD_LL_GetRxDataSize)
    USBD_LL_Init                             0x08003a11   Thumb Code   128  usbd_conf.o(i.USBD_LL_Init)
    USBD_LL_IsStallEP                        0x08003a99   Thumb Code    28  usbd_conf.o(i.USBD_LL_IsStallEP)
    USBD_LL_OpenEP                           0x08003ab5   Thumb Code    38  usbd_conf.o(i.USBD_LL_OpenEP)
    USBD_LL_PrepareReceive                   0x08003adb   Thumb Code    32  usbd_conf.o(i.USBD_LL_PrepareReceive)
    USBD_LL_Reset                            0x08003afb   Thumb Code    80  usbd_core.o(i.USBD_LL_Reset)
    USBD_LL_Resume                           0x08003b4b   Thumb Code    20  usbd_core.o(i.USBD_LL_Resume)
    USBD_LL_SOF                              0x08003b5f   Thumb Code    24  usbd_core.o(i.USBD_LL_SOF)
    USBD_LL_SetSpeed                         0x08003b77   Thumb Code     6  usbd_core.o(i.USBD_LL_SetSpeed)
    USBD_LL_SetUSBAddress                    0x08003b7d   Thumb Code    32  usbd_conf.o(i.USBD_LL_SetUSBAddress)
    USBD_LL_SetupStage                       0x08003b9d   Thumb Code    90  usbd_core.o(i.USBD_LL_SetupStage)
    USBD_LL_StallEP                          0x08003bf7   Thumb Code    32  usbd_conf.o(i.USBD_LL_StallEP)
    USBD_LL_Start                            0x08003c17   Thumb Code    32  usbd_conf.o(i.USBD_LL_Start)
    USBD_LL_Suspend                          0x08003c37   Thumb Code    18  usbd_core.o(i.USBD_LL_Suspend)
    USBD_LL_Transmit                         0x08003c49   Thumb Code    32  usbd_conf.o(i.USBD_LL_Transmit)
    USBD_ParseSetupRequest                   0x08003c69   Thumb Code    40  usbd_ctlreq.o(i.USBD_ParseSetupRequest)
    USBD_RegisterClass                       0x08003c91   Thumb Code    16  usbd_core.o(i.USBD_RegisterClass)
    USBD_SetClassConfig                      0x08003ca1   Thumb Code    22  usbd_core.o(i.USBD_SetClassConfig)
    USBD_Start                               0x08003d3d   Thumb Code    10  usbd_core.o(i.USBD_Start)
    USBD_StdDevReq                           0x08003d47   Thumb Code   274  usbd_ctlreq.o(i.USBD_StdDevReq)
    USBD_StdEPReq                            0x08003e59   Thumb Code   336  usbd_ctlreq.o(i.USBD_StdEPReq)
    USBD_StdItfReq                           0x08003fa9   Thumb Code    78  usbd_ctlreq.o(i.USBD_StdItfReq)
    USBD_static_free                         0x08003ff7   Thumb Code     2  usbd_conf.o(i.USBD_static_free)
    USBD_static_malloc                       0x08003ff9   Thumb Code     4  usbd_conf.o(i.USBD_static_malloc)
    USB_ActivateEndpoint                     0x08004001   Thumb Code   614  stm32l4xx_ll_usb.o(i.USB_ActivateEndpoint)
    USB_CoreInit                             0x08004267   Thumb Code     4  stm32l4xx_ll_usb.o(i.USB_CoreInit)
    USB_DeactivateEndpoint                   0x0800426b   Thumb Code   270  stm32l4xx_ll_usb.o(i.USB_DeactivateEndpoint)
    USB_DevConnect                           0x08004379   Thumb Code    14  stm32l4xx_ll_usb.o(i.USB_DevConnect)
    USB_DevDisconnect                        0x08004387   Thumb Code    14  stm32l4xx_ll_usb.o(i.USB_DevDisconnect)
    USB_DevInit                              0x08004395   Thumb Code    30  stm32l4xx_ll_usb.o(i.USB_DevInit)
    USB_DisableGlobalInt                     0x080043b3   Thumb Code    16  stm32l4xx_ll_usb.o(i.USB_DisableGlobalInt)
    USB_EP0_OutStart                         0x080043c3   Thumb Code     4  stm32l4xx_ll_usb.o(i.USB_EP0_OutStart)
    USB_EPClearStall                         0x080043c7   Thumb Code   120  stm32l4xx_ll_usb.o(i.USB_EPClearStall)
    USB_EPSetStall                           0x0800443f   Thumb Code    50  stm32l4xx_ll_usb.o(i.USB_EPSetStall)
    USB_EPStartXfer                          0x08004471   Thumb Code   412  stm32l4xx_ll_usb.o(i.USB_EPStartXfer)
    USB_EnableGlobalInt                      0x0800460d   Thumb Code    16  stm32l4xx_ll_usb.o(i.USB_EnableGlobalInt)
    USB_IRQHandler                           0x0800461d   Thumb Code     6  stm32l4xx_it.o(i.USB_IRQHandler)
    USB_ReadInterrupts                       0x08004629   Thumb Code     6  stm32l4xx_ll_usb.o(i.USB_ReadInterrupts)
    USB_ReadPMA                              0x0800462f   Thumb Code    40  stm32l4xx_ll_usb.o(i.USB_ReadPMA)
    USB_SetCurrentMode                       0x08004657   Thumb Code     4  stm32l4xx_ll_usb.o(i.USB_SetCurrentMode)
    USB_SetDevAddress                        0x0800465b   Thumb Code    12  stm32l4xx_ll_usb.o(i.USB_SetDevAddress)
    USB_WritePMA                             0x08004669   Thumb Code    38  stm32l4xx_ll_usb.o(i.USB_WritePMA)
    UsageFault_Handler                       0x0800468f   Thumb Code     2  stm32l4xx_it.o(i.UsageFault_Handler)
    __0printf                                0x08004691   Thumb Code    22  printfa.o(i.__0printf)
    __1printf                                0x08004691   Thumb Code     0  printfa.o(i.__0printf)
    __2printf                                0x08004691   Thumb Code     0  printfa.o(i.__0printf)
    __c89printf                              0x08004691   Thumb Code     0  printfa.o(i.__0printf)
    printf                                   0x08004691   Thumb Code     0  printfa.o(i.__0printf)
    __scatterload_copy                       0x080046d1   Thumb Code    14  handlers.o(i.__scatterload_copy)
    __scatterload_null                       0x080046df   Thumb Code     2  handlers.o(i.__scatterload_null)
    __scatterload_zeroinit                   0x080046e1   Thumb Code    14  handlers.o(i.__scatterload_zeroinit)
    _dwt_aonarrayupload                      0x080046ef   Thumb Code    26  deca_device.o(i._dwt_aonarrayupload)
    _dwt_configlde                           0x08004709   Thumb Code    42  deca_device.o(i._dwt_configlde)
    _dwt_disablesequencing                   0x08004733   Thumb Code    22  deca_device.o(i._dwt_disablesequencing)
    _dwt_enableclocks                        0x08004749   Thumb Code   206  deca_device.o(i._dwt_enableclocks)
    _dwt_loaducodefromrom                    0x08004817   Thumb Code    36  deca_device.o(i._dwt_loaducodefromrom)
    _dwt_otpread                             0x0800483b   Thumb Code    44  deca_device.o(i._dwt_otpread)
    deca_sleep                               0x08005129   Thumb Code     4  deca_sleep.o(i.deca_sleep)
    decamutexoff                             0x0800512d   Thumb Code    10  deca_mutex.o(i.decamutexoff)
    decamutexon                              0x08005137   Thumb Code    18  deca_mutex.o(i.decamutexon)
    dwt_configure                            0x08005149   Thumb Code   488  deca_device.o(i.dwt_configure)
    dwt_configuretxrf                        0x0800536b   Thumb Code    28  deca_device.o(i.dwt_configuretxrf)
    dwt_forcetrxoff                          0x08005389   Thumb Code    78  deca_device.o(i.dwt_forcetrxoff)
    dwt_initialise                           0x080053e1   Thumb Code   354  deca_device.o(i.dwt_initialise)
    dwt_isr                                  0x0800554d   Thumb Code   286  deca_device.o(i.dwt_isr)
    dwt_read16bitoffsetreg                   0x08005675   Thumb Code    30  deca_device.o(i.dwt_read16bitoffsetreg)
    dwt_read32bitoffsetreg                   0x08005693   Thumb Code    34  deca_device.o(i.dwt_read32bitoffsetreg)
    dwt_read8bitoffsetreg                    0x080056b5   Thumb Code    20  deca_device.o(i.dwt_read8bitoffsetreg)
    dwt_readdevid                            0x080056c9   Thumb Code     8  deca_device.o(i.dwt_readdevid)
    dwt_readfromdevice                       0x080056d1   Thumb Code    58  deca_device.o(i.dwt_readfromdevice)
    dwt_readrxdata                           0x0800570b   Thumb Code    18  deca_device.o(i.dwt_readrxdata)
    dwt_readrxtimestamp                      0x0800571d   Thumb Code    12  deca_device.o(i.dwt_readrxtimestamp)
    dwt_readtxtimestamp                      0x08005729   Thumb Code    12  deca_device.o(i.dwt_readtxtimestamp)
    dwt_rxenable                             0x08005735   Thumb Code    78  deca_device.o(i.dwt_rxenable)
    dwt_rxreset                              0x08005783   Thumb Code    26  deca_device.o(i.dwt_rxreset)
    dwt_setcallbacks                         0x0800579d   Thumb Code    14  deca_device.o(i.dwt_setcallbacks)
    dwt_setdelayedtrxtime                    0x080057b1   Thumb Code    10  deca_device.o(i.dwt_setdelayedtrxtime)
    dwt_setinterrupt                         0x080057bb   Thumb Code    58  deca_device.o(i.dwt_setinterrupt)
    dwt_setleds                              0x080057f5   Thumb Code   110  deca_device.o(i.dwt_setleds)
    dwt_setrxaftertxdelay                    0x08005869   Thumb Code    34  deca_device.o(i.dwt_setrxaftertxdelay)
    dwt_setrxantennadelay                    0x0800588b   Thumb Code    12  deca_device.o(i.dwt_setrxantennadelay)
    dwt_setrxtimeout                         0x08005899   Thumb Code    68  deca_device.o(i.dwt_setrxtimeout)
    dwt_setsmarttxpower                      0x080058e1   Thumb Code    46  deca_device.o(i.dwt_setsmarttxpower)
    dwt_settxantennadelay                    0x08005915   Thumb Code    10  deca_device.o(i.dwt_settxantennadelay)
    dwt_setxtaltrim                          0x0800591f   Thumb Code    16  deca_device.o(i.dwt_setxtaltrim)
    dwt_softreset                            0x08005931   Thumb Code    66  deca_device.o(i.dwt_softreset)
    dwt_starttx                              0x08005979   Thumb Code    82  deca_device.o(i.dwt_starttx)
    dwt_syncrxbufptrs                        0x080059d1   Thumb Code    40  deca_device.o(i.dwt_syncrxbufptrs)
    dwt_write16bitoffsetreg                  0x080059f9   Thumb Code    26  deca_device.o(i.dwt_write16bitoffsetreg)
    dwt_write32bitoffsetreg                  0x08005a13   Thumb Code    30  deca_device.o(i.dwt_write32bitoffsetreg)
    dwt_write8bitoffsetreg                   0x08005a31   Thumb Code    16  deca_device.o(i.dwt_write8bitoffsetreg)
    dwt_writetodevice                        0x08005a41   Thumb Code    62  deca_device.o(i.dwt_writetodevice)
    dwt_writetxdata                          0x08005a7f   Thumb Code    34  deca_device.o(i.dwt_writetxdata)
    dwt_writetxfctrl                         0x08005aa1   Thumb Code    24  deca_device.o(i.dwt_writetxfctrl)
    fputc                                    0x08005aed   Thumb Code    18  main.o(i.fputc)
    main                                     0x08005d51   Thumb Code   198  main.o(i.main)
    port_DisableEXT_IRQ                      0x08005e95   Thumb Code    22  port.o(i.port_DisableEXT_IRQ)
    port_EnableEXT_IRQ                       0x08005eab   Thumb Code    14  port.o(i.port_EnableEXT_IRQ)
    port_GetEXT_IRQStatus                    0x08005eb9   Thumb Code     6  port.o(i.port_GetEXT_IRQStatus)
    port_set_deca_isr                        0x08005ec1   Thumb Code     6  port.o(i.port_set_deca_isr)
    process_deca_irq                         0x08005ecd   Thumb Code    28  port.o(i.process_deca_irq)
    readfromspi                              0x08005eed   Thumb Code   104  deca_spi.o(i.readfromspi)
    reset_DW1000                             0x08005f63   Thumb Code    60  port.o(i.reset_DW1000)
    set_signalResetDone                      0x080061d1   Thumb Code     8  port.o(i.set_signalResetDone)
    setup_DW1000RSTnIRQ                      0x080061dd   Thumb Code    88  port.o(i.setup_DW1000RSTnIRQ)
    usleep                                   0x0800623b   Thumb Code    26  port.o(i.usleep)
    writetospi                               0x08006255   Thumb Code    78  deca_spi.o(i.writetospi)
    chan_idx                                 0x080062ac   Data           8  deca_params_init.o(.constdata)
    tx_config                                0x080062b4   Data          24  deca_params_init.o(.constdata)
    fs_pll_cfg                               0x080062cc   Data          24  deca_params_init.o(.constdata)
    fs_pll_tune                              0x080062e4   Data           6  deca_params_init.o(.constdata)
    rx_config                                0x080062ea   Data           2  deca_params_init.o(.constdata)
    agc_config                               0x080062ec   Data           8  deca_params_init.o(.constdata)
    dwnsSFDlen                               0x080062f4   Data           3  deca_params_init.o(.constdata)
    sftsh                                    0x080062f8   Data          12  deca_params_init.o(.constdata)
    dtune1                                   0x08006304   Data           4  deca_params_init.o(.constdata)
    digital_bb_config                        0x08006308   Data          32  deca_params_init.o(.constdata)
    lde_replicaCoeff                         0x08006328   Data          50  deca_params_init.o(.constdata)
    AHBPrescTable                            0x0800635c   Data          16  system_stm32l4xx.o(.constdata)
    MSIRangeTable                            0x0800636c   Data          48  system_stm32l4xx.o(.constdata)
    Region$$Table$$Base                      0x0800639c   Number         0  anon$$obj.o(Region$$Table)
    Region$$Table$$Limit                     0x080063bc   Number         0  anon$$obj.o(Region$$Table)
    port_deca_isr                            0x20000004   Data           4  port.o(.data)
    FS_Desc                                  0x2000000c   Data          32  usbd_desc.o(.data)
    USBD_LangIDDesc                          0x2000002c   Data           4  usbd_desc.o(.data)
    USBD_FS_DeviceDesc                       0x20000030   Data          18  usbd_desc.o(.data)
    USBD_FS_BOSDesc                          0x20000044   Data          12  usbd_desc.o(.data)
    USBD_StringSerial                        0x20000050   Data          26  usbd_desc.o(.data)
    USBD_Interface_fops_FS                   0x2000006c   Data          16  usbd_cdc_if.o(.data)
    state                                    0x20000082   Data           1  main.o(.data)
    ConfigSel                                0x20000083   Data           1  main.o(.data)
    numRanged                                0x20000084   Data           2  main.o(.data)
    numMeasure                               0x20000086   Data           2  main.o(.data)
    t1                                       0x20000090   Data           8  main.o(.data)
    t2                                       0x20000098   Data           8  main.o(.data)
    configTX                                 0x200000e0   Data           8  main.o(.data)
    uwTickPrio                               0x20000174   Data           4  stm32l4xx_hal.o(.data)
    uwTickFreq                               0x20000178   Data           4  stm32l4xx_hal.o(.data)
    uwTick                                   0x2000017c   Data           4  stm32l4xx_hal.o(.data)
    SystemCoreClock                          0x20000180   Data           4  system_stm32l4xx.o(.data)
    USBD_CDC_CfgHSDesc                       0x20000194   Data          67  usbd_cdc.o(.data)
    USBD_CDC_CfgFSDesc                       0x200001d8   Data          67  usbd_cdc.o(.data)
    USBD_CDC_OtherSpeedCfgDesc               0x2000021c   Data          67  usbd_cdc.o(.data)
    USBD_CDC                                 0x20000260   Data          56  usbd_cdc.o(.data)
    __stdout                                 0x20000298   Data           4  stdout.o(.data)
    hUsbDeviceFS                             0x200002d4   Data         708  usb_device.o(.bss)
    hpcd_USB_FS                              0x200007b8   Data         628  usbd_conf.o(.bss)
    USBD_StrDesc                             0x20000a2c   Data         512  usbd_desc.o(.bss)
    UserRxBufferFS                           0x20000c2c   Data        1000  usbd_cdc_if.o(.bss)
    UserTxBufferFS                           0x20001014   Data        1000  usbd_cdc_if.o(.bss)
    hspi1                                    0x20001400   Data         100  main.o(.bss)
    htim2                                    0x20001464   Data          64  main.o(.bss)
    ranges                                   0x200014c0   Data       16000  main.o(.bss)
    __initial_sp                             0x20007340   Data           0  startup_stm32l433xx.o(STACK)



==============================================================================

Memory Map of the image

  Image Entry point : 0x0800018d

  Load Region LR_IROM1 (Base: 0x08000000, Size: 0x00006658, Max: 0x00040000, ABSOLUTE, COMPRESSED[0x000064d4])

    Execution Region ER_IROM1 (Exec base: 0x08000000, Load base: 0x08000000, Size: 0x000063bc, Max: 0x00040000, ABSOLUTE)

    Exec Addr    Load Addr    Size         Type   Attr      Idx    E Section Name        Object

    0x08000000   0x08000000   0x0000018c   Data   RO            3    RESET               startup_stm32l433xx.o
    0x0800018c   0x0800018c   0x00000000   Code   RO         5920  * .ARM.Collect$$$$00000000  mc_w.l(entry.o)
    0x0800018c   0x0800018c   0x00000004   Code   RO         6214    .ARM.Collect$$$$00000001  mc_w.l(entry2.o)
    0x08000190   0x08000190   0x00000004   Code   RO         6217    .ARM.Collect$$$$00000004  mc_w.l(entry5.o)
    0x08000194   0x08000194   0x00000000   Code   RO         6219    .ARM.Collect$$$$00000008  mc_w.l(entry7b.o)
    0x08000194   0x08000194   0x00000000   Code   RO         6221    .ARM.Collect$$$$0000000A  mc_w.l(entry8b.o)
    0x08000194   0x08000194   0x00000008   Code   RO         6222    .ARM.Collect$$$$0000000B  mc_w.l(entry9a.o)
    0x0800019c   0x0800019c   0x00000000   Code   RO         6224    .ARM.Collect$$$$0000000D  mc_w.l(entry10a.o)
    0x0800019c   0x0800019c   0x00000000   Code   RO         6226    .ARM.Collect$$$$0000000F  mc_w.l(entry11a.o)
    0x0800019c   0x0800019c   0x00000004   Code   RO         6215    .ARM.Collect$$$$00002712  mc_w.l(entry2.o)
    0x080001a0   0x080001a0   0x00000024   Code   RO            4    .text               startup_stm32l433xx.o
    0x080001c4   0x080001c4   0x00000024   Code   RO         5923    .text               mc_w.l(memcpya.o)
    0x080001e8   0x080001e8   0x00000024   Code   RO         5925    .text               mc_w.l(memseta.o)
    0x0800020c   0x0800020c   0x0000001a   Code   RO         5927    .text               mc_w.l(memcmp.o)
    0x08000226   0x08000226   0x0000015e   Code   RO         6192    .text               mf_w.l(dadd.o)
    0x08000384   0x08000384   0x000000ea   Code   RO         6194    .text               mf_w.l(dmul.o)
    0x0800046e   0x0800046e   0x000000de   Code   RO         6196    .text               mf_w.l(ddiv.o)
    0x0800054c   0x0800054c   0x0000001a   Code   RO         6200    .text               mf_w.l(dfltui.o)
    0x08000566   0x08000566   0x00000028   Code   RO         6202    .text               mf_w.l(dfltl.o)
    0x0800058e   0x0800058e   0x0000004a   Code   RO         6208    .text               mf_w.l(dfixl.o)
    0x080005d8   0x080005d8   0x0000002c   Code   RO         6229    .text               mc_w.l(uidiv.o)
    0x08000604   0x08000604   0x00000068   Code   RO         6231    .text               mc_w.l(uldiv.o)
    0x0800066c   0x0800066c   0x0000001e   Code   RO         6233    .text               mc_w.l(llshl.o)
    0x0800068a   0x0800068a   0x00000020   Code   RO         6235    .text               mc_w.l(llushr.o)
    0x080006aa   0x080006aa   0x00000024   Code   RO         6237    .text               mc_w.l(llsshr.o)
    0x080006ce   0x080006ce   0x00000000   Code   RO         6239    .text               mc_w.l(iusefp.o)
    0x080006ce   0x080006ce   0x000000ba   Code   RO         6242    .text               mf_w.l(depilogue.o)
    0x08000788   0x08000788   0x00000030   Code   RO         6244    .text               mf_w.l(dfixul.o)
    0x080007b8   0x080007b8   0x00000030   Code   RO         6246    .text               mf_w.l(cdrcmple.o)
    0x080007e8   0x080007e8   0x00000024   Code   RO         6248    .text               mc_w.l(init.o)
    0x0800080c   0x0800080c   0x00000056   Code   RO         6258    .text               mc_w.l(__dczerorl2.o)
    0x08000862   0x08000862   0x00000002   Code   RO         1504    i.BusFault_Handler  stm32l4xx_it.o
    0x08000864   0x08000864   0x00000004   Code   RO         1452    i.CDC_Control_FS    usbd_cdc_if.o
    0x08000868   0x08000868   0x00000004   Code   RO         1453    i.CDC_DeInit_FS     usbd_cdc_if.o
    0x0800086c   0x0800086c   0x00000024   Code   RO         1454    i.CDC_Init_FS       usbd_cdc_if.o
    0x08000890   0x08000890   0x00000018   Code   RO         1455    i.CDC_Receive_FS    usbd_cdc_if.o
    0x080008a8   0x080008a8   0x0000002c   Code   RO         1456    i.CDC_Transmit_FS   usbd_cdc_if.o
    0x080008d4   0x080008d4   0x00000002   Code   RO         1505    i.DebugMon_Handler  stm32l4xx_it.o
    0x080008d6   0x080008d6   0x00000006   Code   RO         1506    i.EXTI2_IRQHandler  stm32l4xx_it.o
    0x080008dc   0x080008dc   0x00000006   Code   RO         1507    i.EXTI4_IRQHandler  stm32l4xx_it.o
    0x080008e2   0x080008e2   0x00000020   Code   RO          941    i.EXTI_GetITEnStatus  port.o
    0x08000902   0x08000902   0x00000002   Code   RO         1652    i.Error_Handler     main.o
    0x08000904   0x08000904   0x00000024   Code   RO         2257    i.HAL_Delay         stm32l4xx_hal.o
    0x08000928   0x08000928   0x0000013e   Code   RO         3487    i.HAL_GPIO_DeInit   stm32l4xx_hal_gpio.o
    0x08000a66   0x08000a66   0x00000002   PAD
    0x08000a68   0x08000a68   0x00000028   Code   RO         1653    i.HAL_GPIO_EXTI_Callback  main.o
    0x08000a90   0x08000a90   0x00000018   Code   RO         3489    i.HAL_GPIO_EXTI_IRQHandler  stm32l4xx_hal_gpio.o
    0x08000aa8   0x08000aa8   0x000001be   Code   RO         3490    i.HAL_GPIO_Init     stm32l4xx_hal_gpio.o
    0x08000c66   0x08000c66   0x0000000a   Code   RO         3492    i.HAL_GPIO_ReadPin  stm32l4xx_hal_gpio.o
    0x08000c70   0x08000c70   0x0000000a   Code   RO         3494    i.HAL_GPIO_WritePin  stm32l4xx_hal_gpio.o
    0x08000c7a   0x08000c7a   0x00000002   PAD
    0x08000c7c   0x08000c7c   0x0000000c   Code   RO         2261    i.HAL_GetTick       stm32l4xx_hal.o
    0x08000c88   0x08000c88   0x00000010   Code   RO         2267    i.HAL_IncTick       stm32l4xx_hal.o
    0x08000c98   0x08000c98   0x0000001e   Code   RO         2268    i.HAL_Init          stm32l4xx_hal.o
    0x08000cb6   0x08000cb6   0x00000002   PAD
    0x08000cb8   0x08000cb8   0x00000044   Code   RO         2269    i.HAL_InitTick      stm32l4xx_hal.o
    0x08000cfc   0x08000cfc   0x0000002c   Code   RO         1604    i.HAL_MspInit       stm32l4xx_hal_msp.o
    0x08000d28   0x08000d28   0x00000022   Code   RO         4006    i.HAL_NVIC_DisableIRQ  stm32l4xx_hal_cortex.o
    0x08000d4a   0x08000d4a   0x0000001a   Code   RO         4007    i.HAL_NVIC_EnableIRQ  stm32l4xx_hal_cortex.o
    0x08000d64   0x08000d64   0x00000040   Code   RO         4013    i.HAL_NVIC_SetPriority  stm32l4xx_hal_cortex.o
    0x08000da4   0x08000da4   0x00000024   Code   RO         4014    i.HAL_NVIC_SetPriorityGrouping  stm32l4xx_hal_cortex.o
    0x08000dc8   0x08000dc8   0x00000024   Code   RO         1988    i.HAL_PCDEx_ActivateLPM  stm32l4xx_hal_pcd_ex.o
    0x08000dec   0x08000dec   0x00000044   Code   RO         1160    i.HAL_PCDEx_LPM_Callback  usbd_conf.o
    0x08000e30   0x08000e30   0x00000034   Code   RO         1994    i.HAL_PCDEx_PMAConfig  stm32l4xx_hal_pcd_ex.o
    0x08000e64   0x08000e64   0x0000000e   Code   RO         1162    i.HAL_PCD_DataInStageCallback  usbd_conf.o
    0x08000e72   0x08000e72   0x00000010   Code   RO         1163    i.HAL_PCD_DataOutStageCallback  usbd_conf.o
    0x08000e82   0x08000e82   0x00000048   Code   RO         1781    i.HAL_PCD_EP_Close  stm32l4xx_hal_pcd.o
    0x08000eca   0x08000eca   0x00000058   Code   RO         1782    i.HAL_PCD_EP_ClrStall  stm32l4xx_hal_pcd.o
    0x08000f22   0x08000f22   0x0000000e   Code   RO         1784    i.HAL_PCD_EP_GetRxCount  stm32l4xx_hal_pcd.o
    0x08000f30   0x08000f30   0x0000005c   Code   RO         1785    i.HAL_PCD_EP_Open   stm32l4xx_hal_pcd.o
    0x08000f8c   0x08000f8c   0x0000002e   Code   RO         1786    i.HAL_PCD_EP_Receive  stm32l4xx_hal_pcd.o
    0x08000fba   0x08000fba   0x0000006a   Code   RO         1787    i.HAL_PCD_EP_SetStall  stm32l4xx_hal_pcd.o
    0x08001024   0x08001024   0x0000002a   Code   RO         1788    i.HAL_PCD_EP_Transmit  stm32l4xx_hal_pcd.o
    0x0800104e   0x0800104e   0x00000170   Code   RO         1790    i.HAL_PCD_IRQHandler  stm32l4xx_hal_pcd.o
    0x080011be   0x080011be   0x00000002   PAD
    0x080011c0   0x080011c0   0x000000de   Code   RO         1793    i.HAL_PCD_Init      stm32l4xx_hal_pcd.o
    0x0800129e   0x0800129e   0x00000002   PAD
    0x080012a0   0x080012a0   0x0000003c   Code   RO         1168    i.HAL_PCD_MspInit   usbd_conf.o
    0x080012dc   0x080012dc   0x00000026   Code   RO         1169    i.HAL_PCD_ResetCallback  usbd_conf.o
    0x08001302   0x08001302   0x00000002   PAD
    0x08001304   0x08001304   0x00000028   Code   RO         1170    i.HAL_PCD_ResumeCallback  usbd_conf.o
    0x0800132c   0x0800132c   0x00000008   Code   RO         1171    i.HAL_PCD_SOFCallback  usbd_conf.o
    0x08001334   0x08001334   0x00000028   Code   RO         1799    i.HAL_PCD_SetAddress  stm32l4xx_hal_pcd.o
    0x0800135c   0x0800135c   0x0000000e   Code   RO         1172    i.HAL_PCD_SetupStageCallback  usbd_conf.o
    0x0800136a   0x0800136a   0x0000002a   Code   RO         1801    i.HAL_PCD_Start     stm32l4xx_hal_pcd.o
    0x08001394   0x08001394   0x00000024   Code   RO         1173    i.HAL_PCD_SuspendCallback  usbd_conf.o
    0x080013b8   0x080013b8   0x00000068   Code   RO         3781    i.HAL_PWREx_ControlVoltageScaling  stm32l4xx_hal_pwr_ex.o
    0x08001420   0x08001420   0x00000010   Code   RO         3803    i.HAL_PWREx_EnableVddUSB  stm32l4xx_hal_pwr_ex.o
    0x08001430   0x08001430   0x00000010   Code   RO         3808    i.HAL_PWREx_GetVoltageRange  stm32l4xx_hal_pwr_ex.o
    0x08001440   0x08001440   0x000002ee   Code   RO         3123    i.HAL_RCCEx_PeriphCLKConfig  stm32l4xx_hal_rcc_ex.o
    0x0800172e   0x0800172e   0x00000002   PAD
    0x08001730   0x08001730   0x00000120   Code   RO         3001    i.HAL_RCC_ClockConfig  stm32l4xx_hal_rcc.o
    0x08001850   0x08001850   0x000000a4   Code   RO         3009    i.HAL_RCC_GetSysClockFreq  stm32l4xx_hal_rcc.o
    0x080018f4   0x080018f4   0x0000056c   Code   RO         3012    i.HAL_RCC_OscConfig  stm32l4xx_hal_rcc.o
    0x08001e60   0x08001e60   0x0000002e   Code   RO         4215    i.HAL_SPI_DeInit    stm32l4xx_hal_spi.o
    0x08001e8e   0x08001e8e   0x00000006   Code   RO         4218    i.HAL_SPI_GetState  stm32l4xx_hal_spi.o
    0x08001e94   0x08001e94   0x000000ac   Code   RO         4220    i.HAL_SPI_Init      stm32l4xx_hal_spi.o
    0x08001f40   0x08001f40   0x00000028   Code   RO         1605    i.HAL_SPI_MspDeInit  stm32l4xx_hal_msp.o
    0x08001f68   0x08001f68   0x00000064   Code   RO         1606    i.HAL_SPI_MspInit   stm32l4xx_hal_msp.o
    0x08001fcc   0x08001fcc   0x00000184   Code   RO         4228    i.HAL_SPI_Transmit  stm32l4xx_hal_spi.o
    0x08002150   0x08002150   0x00000268   Code   RO         4229    i.HAL_SPI_TransmitReceive  stm32l4xx_hal_spi.o
    0x080023b8   0x080023b8   0x00000028   Code   RO         4018    i.HAL_SYSTICK_Config  stm32l4xx_hal_cortex.o
    0x080023e0   0x080023e0   0x00000002   Code   RO         5247    i.HAL_TIMEx_Break2Callback  stm32l4xx_hal_tim_ex.o
    0x080023e2   0x080023e2   0x00000002   Code   RO         5248    i.HAL_TIMEx_BreakCallback  stm32l4xx_hal_tim_ex.o
    0x080023e4   0x080023e4   0x00000002   Code   RO         5249    i.HAL_TIMEx_CommutCallback  stm32l4xx_hal_tim_ex.o
    0x080023e6   0x080023e6   0x00000002   PAD
    0x080023e8   0x080023e8   0x0000006c   Code   RO         5268    i.HAL_TIMEx_MasterConfigSynchronization  stm32l4xx_hal_tim_ex.o
    0x08002454   0x08002454   0x00000036   Code   RO         4562    i.HAL_TIM_Base_Init  stm32l4xx_hal_tim.o
    0x0800248a   0x0800248a   0x00000002   PAD
    0x0800248c   0x0800248c   0x00000038   Code   RO         1608    i.HAL_TIM_Base_MspInit  stm32l4xx_hal_msp.o
    0x080024c4   0x080024c4   0x00000030   Code   RO         4565    i.HAL_TIM_Base_Start  stm32l4xx_hal_tim.o
    0x080024f4   0x080024f4   0x000000dc   Code   RO         4571    i.HAL_TIM_ConfigClockSource  stm32l4xx_hal_tim.o
    0x080025d0   0x080025d0   0x00000002   Code   RO         4591    i.HAL_TIM_IC_CaptureCallback  stm32l4xx_hal_tim.o
    0x080025d2   0x080025d2   0x00000184   Code   RO         4605    i.HAL_TIM_IRQHandler  stm32l4xx_hal_tim.o
    0x08002756   0x08002756   0x00000002   Code   RO         4608    i.HAL_TIM_OC_DelayElapsedCallback  stm32l4xx_hal_tim.o
    0x08002758   0x08002758   0x00000002   Code   RO         4635    i.HAL_TIM_PWM_PulseFinishedCallback  stm32l4xx_hal_tim.o
    0x0800275a   0x0800275a   0x00000002   Code   RO         4643    i.HAL_TIM_PeriodElapsedCallback  stm32l4xx_hal_tim.o
    0x0800275c   0x0800275c   0x00000002   Code   RO         4648    i.HAL_TIM_TriggerCallback  stm32l4xx_hal_tim.o
    0x0800275e   0x0800275e   0x00000002   Code   RO         1508    i.HardFault_Handler  stm32l4xx_it.o
    0x08002760   0x08002760   0x00000038   Code   RO         1367    i.IntToUnicode      usbd_desc.o
    0x08002798   0x08002798   0x000001a4   Code   RO         1654    i.MX_DWM_Init       main.o
    0x0800293c   0x0800293c   0x000000f0   Code   RO         1655    i.MX_GPIO_Init      main.o
    0x08002a2c   0x08002a2c   0x00000040   Code   RO         1656    i.MX_SPI1_Init      main.o
    0x08002a6c   0x08002a6c   0x0000005c   Code   RO         1657    i.MX_TIM2_Init      main.o
    0x08002ac8   0x08002ac8   0x00000054   Code   RO         1113    i.MX_USB_DEVICE_Init  usb_device.o
    0x08002b1c   0x08002b1c   0x00000002   Code   RO         1509    i.MemManage_Handler  stm32l4xx_it.o
    0x08002b1e   0x08002b1e   0x00000002   Code   RO         1510    i.NMI_Handler       stm32l4xx_it.o
    0x08002b20   0x08002b20   0x000002a8   Code   RO         1804    i.PCD_EP_ISR_Handler  stm32l4xx_hal_pcd.o
    0x08002dc8   0x08002dc8   0x00000002   Code   RO         1511    i.PendSV_Handler    stm32l4xx_it.o
    0x08002dca   0x08002dca   0x00000002   PAD
    0x08002dcc   0x08002dcc   0x0000012c   Code   RO         3127    i.RCCEx_PLLSAI1_Config  stm32l4xx_hal_rcc_ex.o
    0x08002ef8   0x08002ef8   0x0000007c   Code   RO         3013    i.RCC_SetFlashLatencyFromMSIRange  stm32l4xx_hal_rcc.o
    0x08002f74   0x08002f74   0x00000048   Code   RO         4258    i.SPI_EndRxTxTransaction  stm32l4xx_hal_spi.o
    0x08002fbc   0x08002fbc   0x00000096   Code   RO         4263    i.SPI_WaitFifoStateUntilTimeout  stm32l4xx_hal_spi.o
    0x08003052   0x08003052   0x00000094   Code   RO         4264    i.SPI_WaitFlagStateUntilTimeout  stm32l4xx_hal_spi.o
    0x080030e6   0x080030e6   0x00000002   Code   RO         1512    i.SVC_Handler       stm32l4xx_it.o
    0x080030e8   0x080030e8   0x00000004   Code   RO         1020    i.Sleep             port.o
    0x080030ec   0x080030ec   0x00000004   Code   RO         1513    i.SysTick_Handler   stm32l4xx_it.o
    0x080030f0   0x080030f0   0x00000082   Code   RO         1658    i.SystemClock_Config  main.o
    0x08003172   0x08003172   0x00000002   PAD
    0x08003174   0x08003174   0x00000044   Code   RO         5517    i.SystemInit        system_stm32l4xx.o
    0x080031b8   0x080031b8   0x0000000c   Code   RO         1514    i.TIM2_IRQHandler   stm32l4xx_it.o
    0x080031c4   0x080031c4   0x0000006c   Code   RO         4650    i.TIM_Base_SetConfig  stm32l4xx_hal_tim.o
    0x08003230   0x08003230   0x00000014   Code   RO         4661    i.TIM_ETR_SetConfig  stm32l4xx_hal_tim.o
    0x08003244   0x08003244   0x00000010   Code   RO         4662    i.TIM_ITRx_SetConfig  stm32l4xx_hal_tim.o
    0x08003254   0x08003254   0x00000022   Code   RO         4670    i.TIM_TI1_ConfigInputStage  stm32l4xx_hal_tim.o
    0x08003276   0x08003276   0x00000024   Code   RO         4672    i.TIM_TI2_ConfigInputStage  stm32l4xx_hal_tim.o
    0x0800329a   0x0800329a   0x00000046   Code   RO         5817    i.USBD_CDC_DataIn   usbd_cdc.o
    0x080032e0   0x080032e0   0x0000002e   Code   RO         5818    i.USBD_CDC_DataOut  usbd_cdc.o
    0x0800330e   0x0800330e   0x00000044   Code   RO         5819    i.USBD_CDC_DeInit   usbd_cdc.o
    0x08003352   0x08003352   0x00000024   Code   RO         5820    i.USBD_CDC_EP0_RxReady  usbd_cdc.o
    0x08003376   0x08003376   0x00000002   PAD
    0x08003378   0x08003378   0x0000000c   Code   RO         5821    i.USBD_CDC_GetDeviceQualifierDescriptor  usbd_cdc.o
    0x08003384   0x08003384   0x0000000c   Code   RO         5822    i.USBD_CDC_GetFSCfgDesc  usbd_cdc.o
    0x08003390   0x08003390   0x0000000c   Code   RO         5823    i.USBD_CDC_GetHSCfgDesc  usbd_cdc.o
    0x0800339c   0x0800339c   0x0000000c   Code   RO         5824    i.USBD_CDC_GetOtherSpeedCfgDesc  usbd_cdc.o
    0x080033a8   0x080033a8   0x00000094   Code   RO         5825    i.USBD_CDC_Init     usbd_cdc.o
    0x0800343c   0x0800343c   0x00000028   Code   RO         5826    i.USBD_CDC_ReceivePacket  usbd_cdc.o
    0x08003464   0x08003464   0x00000010   Code   RO         5827    i.USBD_CDC_RegisterInterface  usbd_cdc.o
    0x08003474   0x08003474   0x0000000c   Code   RO         5828    i.USBD_CDC_SetRxBuffer  usbd_cdc.o
    0x08003480   0x08003480   0x00000010   Code   RO         5829    i.USBD_CDC_SetTxBuffer  usbd_cdc.o
    0x08003490   0x08003490   0x000000ac   Code   RO         5830    i.USBD_CDC_Setup    usbd_cdc.o
    0x0800353c   0x0800353c   0x00000036   Code   RO         5831    i.USBD_CDC_TransmitPacket  usbd_cdc.o
    0x08003572   0x08003572   0x0000000e   Code   RO         5554    i.USBD_ClrClassConfig  usbd_core.o
    0x08003580   0x08003580   0x00000010   Code   RO         5757    i.USBD_CtlContinueRx  usbd_ioreq.o
    0x08003590   0x08003590   0x00000010   Code   RO         5758    i.USBD_CtlContinueSendData  usbd_ioreq.o
    0x080035a0   0x080035a0   0x00000016   Code   RO         5692    i.USBD_CtlError     usbd_ctlreq.o
    0x080035b6   0x080035b6   0x0000001e   Code   RO         5759    i.USBD_CtlPrepareRx  usbd_ioreq.o
    0x080035d4   0x080035d4   0x00000016   Code   RO         5760    i.USBD_CtlReceiveStatus  usbd_ioreq.o
    0x080035ea   0x080035ea   0x0000001a   Code   RO         5761    i.USBD_CtlSendData  usbd_ioreq.o
    0x08003604   0x08003604   0x00000016   Code   RO         5762    i.USBD_CtlSendStatus  usbd_ioreq.o
    0x0800361a   0x0800361a   0x00000002   PAD
    0x0800361c   0x0800361c   0x00000020   Code   RO         1368    i.USBD_FS_ConfigStrDescriptor  usbd_desc.o
    0x0800363c   0x0800363c   0x0000000c   Code   RO         1369    i.USBD_FS_DeviceDescriptor  usbd_desc.o
    0x08003648   0x08003648   0x00000024   Code   RO         1370    i.USBD_FS_InterfaceStrDescriptor  usbd_desc.o
    0x0800366c   0x0800366c   0x0000000c   Code   RO         1371    i.USBD_FS_LangIDStrDescriptor  usbd_desc.o
    0x08003678   0x08003678   0x00000028   Code   RO         1372    i.USBD_FS_ManufacturerStrDescriptor  usbd_desc.o
    0x080036a0   0x080036a0   0x0000002c   Code   RO         1373    i.USBD_FS_ProductStrDescriptor  usbd_desc.o
    0x080036cc   0x080036cc   0x00000038   Code   RO         1374    i.USBD_FS_SerialStrDescriptor  usbd_desc.o
    0x08003704   0x08003704   0x0000000c   Code   RO         1375    i.USBD_FS_USR_BOSDescriptor  usbd_desc.o
    0x08003710   0x08003710   0x000000fc   Code   RO         5693    i.USBD_GetDescriptor  usbd_ctlreq.o
    0x0800380c   0x0800380c   0x00000048   Code   RO         5694    i.USBD_GetString    usbd_ctlreq.o
    0x08003854   0x08003854   0x0000002a   Code   RO         5556    i.USBD_Init         usbd_core.o
    0x0800387e   0x0800387e   0x00000020   Code   RO         1174    i.USBD_LL_ClearStallEP  usbd_conf.o
    0x0800389e   0x0800389e   0x00000020   Code   RO         1175    i.USBD_LL_CloseEP   usbd_conf.o
    0x080038be   0x080038be   0x000000c6   Code   RO         5557    i.USBD_LL_DataInStage  usbd_core.o
    0x08003984   0x08003984   0x00000082   Code   RO         5558    i.USBD_LL_DataOutStage  usbd_core.o
    0x08003a06   0x08003a06   0x00000008   Code   RO         1179    i.USBD_LL_GetRxDataSize  usbd_conf.o
    0x08003a0e   0x08003a0e   0x00000002   PAD
    0x08003a10   0x08003a10   0x00000088   Code   RO         1180    i.USBD_LL_Init      usbd_conf.o
    0x08003a98   0x08003a98   0x0000001c   Code   RO         1181    i.USBD_LL_IsStallEP  usbd_conf.o
    0x08003ab4   0x08003ab4   0x00000026   Code   RO         1182    i.USBD_LL_OpenEP    usbd_conf.o
    0x08003ada   0x08003ada   0x00000020   Code   RO         1183    i.USBD_LL_PrepareReceive  usbd_conf.o
    0x08003afa   0x08003afa   0x00000050   Code   RO         5563    i.USBD_LL_Reset     usbd_core.o
    0x08003b4a   0x08003b4a   0x00000014   Code   RO         5564    i.USBD_LL_Resume    usbd_core.o
    0x08003b5e   0x08003b5e   0x00000018   Code   RO         5565    i.USBD_LL_SOF       usbd_core.o
    0x08003b76   0x08003b76   0x00000006   Code   RO         5566    i.USBD_LL_SetSpeed  usbd_core.o
    0x08003b7c   0x08003b7c   0x00000020   Code   RO         1184    i.USBD_LL_SetUSBAddress  usbd_conf.o
    0x08003b9c   0x08003b9c   0x0000005a   Code   RO         5567    i.USBD_LL_SetupStage  usbd_core.o
    0x08003bf6   0x08003bf6   0x00000020   Code   RO         1185    i.USBD_LL_StallEP   usbd_conf.o
    0x08003c16   0x08003c16   0x00000020   Code   RO         1186    i.USBD_LL_Start     usbd_conf.o
    0x08003c36   0x08003c36   0x00000012   Code   RO         5568    i.USBD_LL_Suspend   usbd_core.o
    0x08003c48   0x08003c48   0x00000020   Code   RO         1188    i.USBD_LL_Transmit  usbd_conf.o
    0x08003c68   0x08003c68   0x00000028   Code   RO         5695    i.USBD_ParseSetupRequest  usbd_ctlreq.o
    0x08003c90   0x08003c90   0x00000010   Code   RO         5569    i.USBD_RegisterClass  usbd_core.o
    0x08003ca0   0x08003ca0   0x00000016   Code   RO         5571    i.USBD_SetClassConfig  usbd_core.o
    0x08003cb6   0x08003cb6   0x00000002   PAD
    0x08003cb8   0x08003cb8   0x00000084   Code   RO         5696    i.USBD_SetConfig    usbd_ctlreq.o
    0x08003d3c   0x08003d3c   0x0000000a   Code   RO         5572    i.USBD_Start        usbd_core.o
    0x08003d46   0x08003d46   0x00000112   Code   RO         5697    i.USBD_StdDevReq    usbd_ctlreq.o
    0x08003e58   0x08003e58   0x00000150   Code   RO         5698    i.USBD_StdEPReq     usbd_ctlreq.o
    0x08003fa8   0x08003fa8   0x0000004e   Code   RO         5699    i.USBD_StdItfReq    usbd_ctlreq.o
    0x08003ff6   0x08003ff6   0x00000002   Code   RO         1189    i.USBD_static_free  usbd_conf.o
    0x08003ff8   0x08003ff8   0x00000008   Code   RO         1190    i.USBD_static_malloc  usbd_conf.o
    0x08004000   0x08004000   0x00000266   Code   RO         2053    i.USB_ActivateEndpoint  stm32l4xx_ll_usb.o
    0x08004266   0x08004266   0x00000004   Code   RO         2056    i.USB_CoreInit      stm32l4xx_ll_usb.o
    0x0800426a   0x0800426a   0x0000010e   Code   RO         2058    i.USB_DeactivateEndpoint  stm32l4xx_ll_usb.o
    0x08004378   0x08004378   0x0000000e   Code   RO         2059    i.USB_DevConnect    stm32l4xx_ll_usb.o
    0x08004386   0x08004386   0x0000000e   Code   RO         2060    i.USB_DevDisconnect  stm32l4xx_ll_usb.o
    0x08004394   0x08004394   0x0000001e   Code   RO         2061    i.USB_DevInit       stm32l4xx_ll_usb.o
    0x080043b2   0x080043b2   0x00000010   Code   RO         2062    i.USB_DisableGlobalInt  stm32l4xx_ll_usb.o
    0x080043c2   0x080043c2   0x00000004   Code   RO         2063    i.USB_EP0_OutStart  stm32l4xx_ll_usb.o
    0x080043c6   0x080043c6   0x00000078   Code   RO         2064    i.USB_EPClearStall  stm32l4xx_ll_usb.o
    0x0800443e   0x0800443e   0x00000032   Code   RO         2065    i.USB_EPSetStall    stm32l4xx_ll_usb.o
    0x08004470   0x08004470   0x0000019c   Code   RO         2066    i.USB_EPStartXfer   stm32l4xx_ll_usb.o
    0x0800460c   0x0800460c   0x00000010   Code   RO         2067    i.USB_EnableGlobalInt  stm32l4xx_ll_usb.o
    0x0800461c   0x0800461c   0x0000000c   Code   RO         1515    i.USB_IRQHandler    stm32l4xx_it.o
    0x08004628   0x08004628   0x00000006   Code   RO         2074    i.USB_ReadInterrupts  stm32l4xx_ll_usb.o
    0x0800462e   0x0800462e   0x00000028   Code   RO         2075    i.USB_ReadPMA       stm32l4xx_ll_usb.o
    0x08004656   0x08004656   0x00000004   Code   RO         2077    i.USB_SetCurrentMode  stm32l4xx_ll_usb.o
    0x0800465a   0x0800465a   0x0000000c   Code   RO         2078    i.USB_SetDevAddress  stm32l4xx_ll_usb.o
    0x08004666   0x08004666   0x00000002   PAD
    0x08004668   0x08004668   0x00000026   Code   RO         2081    i.USB_WritePMA      stm32l4xx_ll_usb.o
    0x0800468e   0x0800468e   0x00000002   Code   RO         1516    i.UsageFault_Handler  stm32l4xx_it.o
    0x08004690   0x08004690   0x00000020   Code   RO         6164    i.__0printf         mc_w.l(printfa.o)
    0x080046b0   0x080046b0   0x00000020   Code   RO         4020    i.__NVIC_SetPriority  stm32l4xx_hal_cortex.o
    0x080046d0   0x080046d0   0x0000000e   Code   RO         6252    i.__scatterload_copy  mc_w.l(handlers.o)
    0x080046de   0x080046de   0x00000002   Code   RO         6253    i.__scatterload_null  mc_w.l(handlers.o)
    0x080046e0   0x080046e0   0x0000000e   Code   RO         6254    i.__scatterload_zeroinit  mc_w.l(handlers.o)
    0x080046ee   0x080046ee   0x0000001a   Code   RO           10    i._dwt_aonarrayupload  deca_device.o
    0x08004708   0x08004708   0x0000002a   Code   RO           13    i._dwt_configlde    deca_device.o
    0x08004732   0x08004732   0x00000016   Code   RO           14    i._dwt_disablesequencing  deca_device.o
    0x08004748   0x08004748   0x000000ce   Code   RO           15    i._dwt_enableclocks  deca_device.o
    0x08004816   0x08004816   0x00000024   Code   RO           16    i._dwt_loaducodefromrom  deca_device.o
    0x0800483a   0x0800483a   0x0000002c   Code   RO           18    i._dwt_otpread      deca_device.o
    0x08004866   0x08004866   0x00000002   PAD
    0x08004868   0x08004868   0x0000018a   Code   RO         6171    i._fp_digits        mc_w.l(printfa.o)
    0x080049f2   0x080049f2   0x00000002   PAD
    0x080049f4   0x080049f4   0x000006e2   Code   RO         6172    i._printf_core      mc_w.l(printfa.o)
    0x080050d6   0x080050d6   0x00000024   Code   RO         6173    i._printf_post_padding  mc_w.l(printfa.o)
    0x080050fa   0x080050fa   0x0000002e   Code   RO         6174    i._printf_pre_padding  mc_w.l(printfa.o)
    0x08005128   0x08005128   0x00000004   Code   RO          874    i.deca_sleep        deca_sleep.o
    0x0800512c   0x0800512c   0x0000000a   Code   RO          688    i.decamutexoff      deca_mutex.o
    0x08005136   0x08005136   0x00000012   Code   RO          689    i.decamutexon       deca_mutex.o
    0x08005148   0x08005148   0x00000222   Code   RO           29    i.dwt_configure     deca_device.o
    0x0800536a   0x0800536a   0x0000001c   Code   RO           33    i.dwt_configuretxrf  deca_device.o
    0x08005386   0x08005386   0x00000002   PAD
    0x08005388   0x08005388   0x00000058   Code   RO           43    i.dwt_forcetrxoff   deca_device.o
    0x080053e0   0x080053e0   0x0000016c   Code   RO           51    i.dwt_initialise    deca_device.o
    0x0800554c   0x0800554c   0x00000128   Code   RO           52    i.dwt_isr           deca_device.o
    0x08005674   0x08005674   0x0000001e   Code   RO           58    i.dwt_read16bitoffsetreg  deca_device.o
    0x08005692   0x08005692   0x00000022   Code   RO           59    i.dwt_read32bitoffsetreg  deca_device.o
    0x080056b4   0x080056b4   0x00000014   Code   RO           60    i.dwt_read8bitoffsetreg  deca_device.o
    0x080056c8   0x080056c8   0x00000008   Code   RO           63    i.dwt_readdevid     deca_device.o
    0x080056d0   0x080056d0   0x0000003a   Code   RO           66    i.dwt_readfromdevice  deca_device.o
    0x0800570a   0x0800570a   0x00000012   Code   RO           67    i.dwt_readrxdata    deca_device.o
    0x0800571c   0x0800571c   0x0000000c   Code   RO           68    i.dwt_readrxtimestamp  deca_device.o
    0x08005728   0x08005728   0x0000000c   Code   RO           74    i.dwt_readtxtimestamp  deca_device.o
    0x08005734   0x08005734   0x0000004e   Code   RO           79    i.dwt_rxenable      deca_device.o
    0x08005782   0x08005782   0x0000001a   Code   RO           80    i.dwt_rxreset       deca_device.o
    0x0800579c   0x0800579c   0x00000014   Code   RO           82    i.dwt_setcallbacks  deca_device.o
    0x080057b0   0x080057b0   0x0000000a   Code   RO           84    i.dwt_setdelayedtrxtime  deca_device.o
    0x080057ba   0x080057ba   0x0000003a   Code   RO           89    i.dwt_setinterrupt  deca_device.o
    0x080057f4   0x080057f4   0x00000074   Code   RO           90    i.dwt_setleds       deca_device.o
    0x08005868   0x08005868   0x00000022   Code   RO           96    i.dwt_setrxaftertxdelay  deca_device.o
    0x0800588a   0x0800588a   0x0000000c   Code   RO           97    i.dwt_setrxantennadelay  deca_device.o
    0x08005896   0x08005896   0x00000002   PAD
    0x08005898   0x08005898   0x00000048   Code   RO           98    i.dwt_setrxtimeout  deca_device.o
    0x080058e0   0x080058e0   0x00000034   Code   RO           99    i.dwt_setsmarttxpower  deca_device.o
    0x08005914   0x08005914   0x0000000a   Code   RO          102    i.dwt_settxantennadelay  deca_device.o
    0x0800591e   0x0800591e   0x00000010   Code   RO          103    i.dwt_setxtaltrim   deca_device.o
    0x0800592e   0x0800592e   0x00000002   PAD
    0x08005930   0x08005930   0x00000048   Code   RO          104    i.dwt_softreset     deca_device.o
    0x08005978   0x08005978   0x00000058   Code   RO          106    i.dwt_starttx       deca_device.o
    0x080059d0   0x080059d0   0x00000028   Code   RO          107    i.dwt_syncrxbufptrs  deca_device.o
    0x080059f8   0x080059f8   0x0000001a   Code   RO          108    i.dwt_write16bitoffsetreg  deca_device.o
    0x08005a12   0x08005a12   0x0000001e   Code   RO          109    i.dwt_write32bitoffsetreg  deca_device.o
    0x08005a30   0x08005a30   0x00000010   Code   RO          110    i.dwt_write8bitoffsetreg  deca_device.o
    0x08005a40   0x08005a40   0x0000003e   Code   RO          111    i.dwt_writetodevice  deca_device.o
    0x08005a7e   0x08005a7e   0x00000022   Code   RO          112    i.dwt_writetxdata   deca_device.o
    0x08005aa0   0x08005aa0   0x0000001c   Code   RO          113    i.dwt_writetxfctrl  deca_device.o
    0x08005abc   0x08005abc   0x0000001a   Code   RO         1659    i.final_msg_get_ts  main.o
    0x08005ad6   0x08005ad6   0x00000016   Code   RO         1660    i.final_msg_set_ts  main.o
    0x08005aec   0x08005aec   0x00000012   Code   RO         1661    i.fputc             main.o
    0x08005afe   0x08005afe   0x00000026   Code   RO         1662    i.get_rx_timestamp_u64  main.o
    0x08005b24   0x08005b24   0x00000026   Code   RO         1663    i.get_tx_timestamp_u64  main.o
    0x08005b4a   0x08005b4a   0x00000002   PAD
    0x08005b4c   0x08005b4c   0x00000202   Code   RO         1664    i.initiator_go      main.o
    0x08005d4e   0x08005d4e   0x00000002   PAD
    0x08005d50   0x08005d50   0x00000144   Code   RO         1665    i.main              main.o
    0x08005e94   0x08005e94   0x00000016   Code   RO         1042    i.port_DisableEXT_IRQ  port.o
    0x08005eaa   0x08005eaa   0x0000000e   Code   RO         1048    i.port_EnableEXT_IRQ  port.o
    0x08005eb8   0x08005eb8   0x00000006   Code   RO         1054    i.port_GetEXT_IRQStatus  port.o
    0x08005ebe   0x08005ebe   0x00000002   PAD
    0x08005ec0   0x08005ec0   0x0000000c   Code   RO          943    i.port_set_deca_isr  port.o
    0x08005ecc   0x08005ecc   0x00000020   Code   RO         1036    i.process_deca_irq  port.o
    0x08005eec   0x08005eec   0x00000076   Code   RO          891    i.readfromspi       deca_spi.o
    0x08005f62   0x08005f62   0x0000003c   Code   RO          948    i.reset_DW1000      port.o
    0x08005f9e   0x08005f9e   0x00000002   PAD
    0x08005fa0   0x08005fa0   0x00000020   Code   RO         1666    i.rx_err_cb         main.o
    0x08005fc0   0x08005fc0   0x000001f0   Code   RO         1667    i.rx_ok_cb          main.o
    0x080061b0   0x080061b0   0x00000020   Code   RO         1668    i.rx_to_cb          main.o
    0x080061d0   0x080061d0   0x0000000c   Code   RO         1025    i.set_signalResetDone  port.o
    0x080061dc   0x080061dc   0x0000005c   Code   RO          949    i.setup_DW1000RSTnIRQ  port.o
    0x08006238   0x08006238   0x00000002   Code   RO         1669    i.tx_conf_cb        main.o
    0x0800623a   0x0800623a   0x0000001a   Code   RO          950    i.usleep            port.o
    0x08006254   0x08006254   0x00000058   Code   RO          892    i.writetospi        deca_spi.o
    0x080062ac   0x080062ac   0x00000008   Data   RO          650    .constdata          deca_params_init.o
    0x080062b4   0x080062b4   0x00000018   Data   RO          651    .constdata          deca_params_init.o
    0x080062cc   0x080062cc   0x00000018   Data   RO          652    .constdata          deca_params_init.o
    0x080062e4   0x080062e4   0x00000006   Data   RO          653    .constdata          deca_params_init.o
    0x080062ea   0x080062ea   0x00000002   Data   RO          654    .constdata          deca_params_init.o
    0x080062ec   0x080062ec   0x00000008   Data   RO          655    .constdata          deca_params_init.o
    0x080062f4   0x080062f4   0x00000003   Data   RO          656    .constdata          deca_params_init.o
    0x080062f7   0x080062f7   0x00000001   PAD
    0x080062f8   0x080062f8   0x0000000c   Data   RO          657    .constdata          deca_params_init.o
    0x08006304   0x08006304   0x00000004   Data   RO          658    .constdata          deca_params_init.o
    0x08006308   0x08006308   0x00000020   Data   RO          659    .constdata          deca_params_init.o
    0x08006328   0x08006328   0x00000032   Data   RO          660    .constdata          deca_params_init.o
    0x0800635a   0x0800635a   0x00000002   PAD
    0x0800635c   0x0800635c   0x00000040   Data   RO         5518    .constdata          system_stm32l4xx.o
    0x0800639c   0x0800639c   0x00000020   Data   RO         6250    Region$$Table       anon$$obj.o


    Execution Region RW_IRAM1 (Exec base: 0x20000000, Load base: 0x080063bc, Size: 0x00007340, Max: 0x00010000, ABSOLUTE, COMPRESSED[0x00000118])

    Exec Addr    Load Addr    Size         Type   Attr      Idx    E Section Name        Object

    0x20000000   COMPRESSED   0x00000004   Data   RW          115    .data               deca_device.o
    0x20000004   COMPRESSED   0x00000008   Data   RW          951    .data               port.o
    0x2000000c   COMPRESSED   0x00000020   Data   RW         1377    .data               usbd_desc.o
    0x2000002c   COMPRESSED   0x0000003e   Data   RW         1378    .data               usbd_desc.o
    0x2000006a   COMPRESSED   0x00000002   PAD
    0x2000006c   COMPRESSED   0x00000010   Data   RW         1458    .data               usbd_cdc_if.o
    0x2000007c   COMPRESSED   0x00000004   PAD
    0x20000080   COMPRESSED   0x000000f2   Data   RW         1671    .data               main.o
    0x20000172   COMPRESSED   0x00000002   PAD
    0x20000174   COMPRESSED   0x0000000c   Data   RW         2285    .data               stm32l4xx_hal.o
    0x20000180   COMPRESSED   0x00000004   Data   RW         5520    .data               system_stm32l4xx.o
    0x20000184   COMPRESSED   0x00000001   Data   RW         5700    .data               usbd_ctlreq.o
    0x20000185   COMPRESSED   0x00000003   PAD
    0x20000188   COMPRESSED   0x000000d7   Data   RW         5832    .data               usbd_cdc.o
    0x2000025f   COMPRESSED   0x00000001   PAD
    0x20000260   COMPRESSED   0x00000038   Data   RW         5833    .data               usbd_cdc.o
    0x20000298   COMPRESSED   0x00000004   Data   RW         6228    .data               mc_w.l(stdout.o)
    0x2000029c        -       0x00000038   Zero   RW          114    .bss                deca_device.o
    0x200002d4        -       0x000002c4   Zero   RW         1114    .bss                usb_device.o
    0x20000598        -       0x00000494   Zero   RW         1191    .bss                usbd_conf.o
    0x20000a2c        -       0x00000200   Zero   RW         1376    .bss                usbd_desc.o
    0x20000c2c        -       0x000007d0   Zero   RW         1457    .bss                usbd_cdc_if.o
    0x200013fc   COMPRESSED   0x00000004   PAD
    0x20001400        -       0x00003f40   Zero   RW         1670    .bss                main.o
    0x20005340        -       0x00002000   Zero   RW            1    STACK               startup_stm32l433xx.o


==============================================================================

Image component sizes


      Code (inc. data)   RO Data    RW Data    ZI Data      Debug   Object Name

      2790        132          0          4         56      35546   deca_device.o
        28          0          0          0          0     715209   deca_mutex.o
         0          0        173          0          0       6332   deca_params_init.o
         4          0          0          0          0        557   deca_sleep.o
       206         18          0          0          0       6819   deca_spi.o
      2530        406          0        242      16192      13474   main.o
       312         18          0          8          0      46497   port.o
        36          8        396          0       8192        848   startup_stm32l433xx.o
       162         24          0         12          0       4377   stm32l4xx_hal.o
       232         14          0          0          0      34745   stm32l4xx_hal_cortex.o
       808         60          0          0          0       4700   stm32l4xx_hal_gpio.o
       240         32          0          0          0       2775   stm32l4xx_hal_msp.o
      1812          0          0          0          0      10981   stm32l4xx_hal_pcd.o
        88          0          0          0          0       1988   stm32l4xx_hal_pcd_ex.o
       136         24          0          0          0       1955   stm32l4xx_hal_pwr_ex.o
      1964         74          0          0          0       5874   stm32l4xx_hal_rcc.o
      1050         30          0          0          0       3012   stm32l4xx_hal_rcc_ex.o
      1598          0          0          0          0       8960   stm32l4xx_hal_spi.o
       934         26          0          0          0      10786   stm32l4xx_hal_tim.o
       114         10          0          0          0       3132   stm32l4xx_hal_tim_ex.o
        56         12          0          0          0       6091   stm32l4xx_it.o
      1664          0          0          0          0      15461   stm32l4xx_ll_usb.o
        68         12         64          4          0       1249   system_stm32l4xx.o
        84         18          0          0        708       2040   usb_device.o
       726         16          0        271          0      13746   usbd_cdc.o
       112         22          0         16       2000       3392   usbd_cdc_if.o
       738         38          0          0       1172      14547   usbd_conf.o
       670          0          0          0          0      10075   usbd_core.o
      1206         20          0          1          0       8280   usbd_ctlreq.o
       300        108          0         94        512       6681   usbd_desc.o
       132          0          0          0          0       4604   usbd_ioreq.o

    ----------------------------------------------------------------------
     20848       1122        668        664      28836    1004733   Object Totals
         0          0         32          0          0          0   (incl. Generated)
        48          0          3         12          4          0   (incl. Padding)

    ----------------------------------------------------------------------

      Code (inc. data)   RO Data    RW Data    ZI Data      Debug   Library Member Name

        86          0          0          0          0          0   __dczerorl2.o
         0          0          0          0          0          0   entry.o
         0          0          0          0          0          0   entry10a.o
         0          0          0          0          0          0   entry11a.o
         8          4          0          0          0          0   entry2.o
         4          0          0          0          0          0   entry5.o
         0          0          0          0          0          0   entry7b.o
         0          0          0          0          0          0   entry8b.o
         8          4          0          0          0          0   entry9a.o
        30          0          0          0          0          0   handlers.o
        36          8          0          0          0         68   init.o
         0          0          0          0          0          0   iusefp.o
        30          0          0          0          0         68   llshl.o
        36          0          0          0          0         68   llsshr.o
        32          0          0          0          0         68   llushr.o
        26          0          0          0          0         80   memcmp.o
        36          0          0          0          0         68   memcpya.o
        36          0          0          0          0        108   memseta.o
      2270         90          0          0          0        452   printfa.o
         0          0          0          4          0          0   stdout.o
        44          0          0          0          0         80   uidiv.o
       104          0          0          0          0         92   uldiv.o
        48          0          0          0          0         68   cdrcmple.o
       350          0          0          0          0        148   dadd.o
       222          0          0          0          0        100   ddiv.o
       186          0          0          0          0        176   depilogue.o
        74          0          0          0          0         80   dfixl.o
        48          0          0          0          0         68   dfixul.o
        40          0          0          0          0         80   dfltl.o
        26          0          0          0          0         76   dfltui.o
       234          0          0          0          0         96   dmul.o

    ----------------------------------------------------------------------
      4016        106          0          4          0       2044   Library Totals
         2          0          0          0          0          0   (incl. Padding)

    ----------------------------------------------------------------------

      Code (inc. data)   RO Data    RW Data    ZI Data      Debug   Library Name

      2786        106          0          4          0       1152   mc_w.l
      1228          0          0          0          0        892   mf_w.l

    ----------------------------------------------------------------------
      4016        106          0          4          0       2044   Library Totals

    ----------------------------------------------------------------------

==============================================================================


      Code (inc. data)   RO Data    RW Data    ZI Data      Debug   

     24864       1228        668        668      28836     981469   Grand Totals
     24864       1228        668        280      28836     981469   ELF Image Totals (compressed)
     24864       1228        668        280          0          0   ROM Totals

==============================================================================

    Total RO  Size (Code + RO Data)                25532 (  24.93kB)
    Total RW  Size (RW Data + ZI Data)             29504 (  28.81kB)
    Total ROM Size (Code + RO Data + RW Data)      25812 (  25.21kB)

==============================================================================

